  control        accepted     nodes=113 term=quiesced
  neg control    rejected     nodes=122 term=quiesced
  input 000  raw         accepted     nodes=113 term=quiesced      981B
  input 001  raw         accepted     nodes=113 term=quiesced      981B
  input 002  raw         rejected     nodes=122 term=quiesced      981B
  input 003  raw         accepted     nodes=113 term=quiesced      981B
  input 004  raw         accepted     nodes=113 term=quiesced      981B
  input 005  raw         accepted     nodes=113 term=quiesced      981B
  input 006  raw         accepted     nodes=113 term=quiesced      981B
  input 007  raw         rejected     nodes=122 term=quiesced      981B
  input 008  raw         accepted     nodes=113 term=quiesced      981B
  input 009  raw         accepted     nodes=113 term=quiesced      981B
  input 010  raw         accepted     nodes=113 term=quiesced      981B
  input 011  raw         accepted     nodes=122 term=quiesced      981B
  input 012  raw         accepted     nodes=113 term=quiesced      981B
  input 013  raw         accepted     nodes=113 term=quiesced      981B
  input 014  raw         accepted     nodes=113 term=quiesced      981B
  input 015  raw         accepted     nodes=113 term=quiesced      981B
  input 016  raw         accepted     nodes=113 term=quiesced      981B
  input 017  raw         accepted     nodes=113 term=quiesced      981B
  input 018  raw         accepted     nodes=113 term=quiesced      981B
  input 019  raw         accepted     nodes=113 term=quiesced      981B
  input 020  raw         accepted     nodes=113 term=quiesced      981B
  input 021  raw         accepted     nodes=113 term=quiesced      981B
  input 022  raw         accepted     nodes=113 term=quiesced      981B
  input 023  raw         accepted     nodes=113 term=quiesced      981B
  input 024  raw         accepted     nodes=113 term=quiesced      981B
  input 025  raw         accepted     nodes=113 term=quiesced      981B
  input 026  raw         accepted     nodes=113 term=quiesced      981B
  input 027  raw         accepted     nodes=113 term=quiesced      981B
  input 028  raw         accepted     nodes=113 term=quiesced      981B
  input 029  raw         accepted     nodes=113 term=quiesced      981B
  input 030  raw         accepted     nodes=113 term=quiesced      981B
  input 031  raw         accepted     nodes=113 term=quiesced      981B
  input 032  raw         accepted     nodes=113 term=quiesced      981B
  input 033  raw         accepted     nodes=113 term=quiesced      981B
  input 034  raw         rejected     nodes=122 term=quiesced      981B
  input 035  raw         accepted     nodes=113 term=quiesced      981B
  input 036  raw         accepted     nodes=113 term=quiesced      981B
  input 037  raw         accepted     nodes=113 term=quiesced      981B
  input 038  raw         accepted     nodes=113 term=quiesced      981B
  input 039  raw         accepted     nodes=113 term=quiesced      981B
  input 040  raw         accepted     nodes=113 term=quiesced      981B
  input 041  raw         accepted     nodes=113 term=quiesced      981B
  input 042  raw         accepted     nodes=113 term=quiesced      981B
  input 043  raw         accepted     nodes=113 term=quiesced      981B
  input 044  raw         accepted     nodes=113 term=quiesced      981B
  input 045  raw         accepted     nodes=113 term=quiesced      981B
  input 046  raw         accepted     nodes=113 term=quiesced      981B
  input 047  raw         accepted     nodes=113 term=quiesced      981B
  input 048  raw         accepted     nodes=113 term=quiesced      981B
  input 049  raw         accepted     nodes=123 term=quiesced      981B
  input 050  raw         accepted     nodes=113 term=quiesced      981B
  input 051  raw         accepted     nodes=113 term=quiesced      981B
  input 052  raw         accepted     nodes=113 term=quiesced      981B
  input 053  raw         accepted     nodes=113 term=quiesced      981B
  input 054  raw         accepted     nodes=113 term=quiesced      981B
  input 055  raw         accepted     nodes=113 term=quiesced      981B
  input 056  raw         accepted     nodes=113 term=quiesced      981B
  input 057  raw         accepted     nodes=113 term=quiesced      981B
  input 058  raw         accepted     nodes=123 term=quiesced      981B
  input 059  raw         accepted     nodes=113 term=quiesced      981B
  input 060  raw         accepted     nodes=123 term=quiesced      981B
  input 061  raw         accepted     nodes=113 term=quiesced      981B
  input 062  raw         accepted     nodes=123 term=quiesced      981B
  input 063  raw         accepted     nodes=113 term=quiesced      981B
  input 064  raw         accepted     nodes=113 term=quiesced      981B
  input 065  raw         accepted     nodes=113 term=quiesced      981B
  input 066  raw         accepted     nodes=113 term=quiesced      981B
  input 067  raw         accepted     nodes=113 term=quiesced      981B
  input 068  raw         accepted     nodes=113 term=quiesced      981B
  input 069  raw         accepted     nodes=113 term=quiesced      981B
  input 070  raw         accepted     nodes=113 term=quiesced      981B
  input 071  raw         accepted     nodes=113 term=quiesced      981B
  input 072  raw         accepted     nodes=113 term=quiesced      981B
  input 073  raw         accepted     nodes=113 term=quiesced      981B
  input 074  raw         accepted     nodes=113 term=quiesced      981B
  input 075  raw         accepted     nodes=113 term=quiesced      981B
  input 076  raw         accepted     nodes=123 term=quiesced      981B
  input 077  raw         accepted     nodes=113 term=quiesced      981B
  input 078  raw         accepted     nodes=113 term=quiesced      981B
  input 079  raw         accepted     nodes=113 term=quiesced      981B
  input 080  raw         accepted     nodes=113 term=quiesced      981B
  input 081  raw         accepted     nodes=113 term=quiesced      981B
  input 082  raw         accepted     nodes=113 term=quiesced      981B
  input 083  raw         accepted     nodes=113 term=quiesced      981B
  input 084  raw         accepted     nodes=113 term=quiesced      981B
  input 085  raw         rejected     nodes=122 term=quiesced      981B
  input 086  raw         accepted     nodes=113 term=quiesced      981B
  input 087  raw         accepted     nodes=113 term=quiesced      981B
  input 088  raw         rejected     nodes=122 term=quiesced      981B
  input 089  raw         accepted     nodes=113 term=quiesced      981B
  input 090  raw         accepted     nodes=113 term=quiesced      981B
  input 091  raw         accepted     nodes=113 term=quiesced      981B
  input 092  raw         accepted     nodes=113 term=quiesced      981B
  input 093  raw         accepted     nodes=113 term=quiesced      981B
  input 094  raw         accepted     nodes=113 term=quiesced      981B
  input 095  raw         accepted     nodes=113 term=quiesced      981B
  input 096  raw         accepted     nodes=123 term=quiesced      981B
  input 097  raw         accepted     nodes=113 term=quiesced      981B
  input 098  raw         accepted     nodes=113 term=quiesced      981B
  input 099  raw         accepted     nodes=113 term=quiesced      981B
  input 100  raw         accepted     nodes=113 term=quiesced      981B
  input 101  raw         accepted     nodes=113 term=quiesced      981B
  input 102  raw         accepted     nodes=113 term=quiesced      981B
  input 103  raw         accepted     nodes=113 term=quiesced      981B
  input 104  raw         accepted     nodes=113 term=quiesced      981B
  input 105  raw         accepted     nodes=113 term=quiesced      981B
  input 106  raw         accepted     nodes=113 term=quiesced      981B
  input 107  raw         accepted     nodes=113 term=quiesced      981B
  input 108  raw         accepted     nodes=113 term=quiesced      981B
  input 109  raw         accepted     nodes=113 term=quiesced      981B
  input 110  raw         accepted     nodes=113 term=quiesced      981B
  input 111  raw         accepted     nodes=113 term=quiesced      981B
  input 112  raw         accepted     nodes=113 term=quiesced      981B
  input 113  raw         accepted     nodes=113 term=quiesced      981B
  input 114  raw         accepted     nodes=113 term=quiesced      981B
  input 115  raw         accepted     nodes=113 term=quiesced      981B
  input 116  raw         accepted     nodes=113 term=quiesced      981B
  input 117  raw         accepted     nodes=123 term=quiesced      981B
  input 118  raw         accepted     nodes=113 term=quiesced      981B
  input 119  raw         accepted     nodes=113 term=quiesced      981B
  input 120  raw         accepted     nodes=113 term=quiesced      981B
  input 121  raw         accepted     nodes=113 term=quiesced      981B
  input 122  raw         accepted     nodes=113 term=quiesced      981B
  input 123  raw         accepted     nodes=113 term=quiesced      981B
  input 124  raw         accepted     nodes=113 term=quiesced      981B
  input 125  raw         accepted     nodes=113 term=quiesced      981B
  input 126  raw         accepted     nodes=113 term=quiesced      981B
  input 127  raw         accepted     nodes=113 term=quiesced      981B
  input 128  raw         accepted     nodes=113 term=quiesced      981B
  input 129  raw         accepted     nodes=122 term=quiesced      981B
  input 130  raw         accepted     nodes=113 term=quiesced      981B
  input 131  raw         accepted     nodes=113 term=quiesced      981B
  input 132  raw         accepted     nodes=113 term=quiesced      981B
  input 133  raw         accepted     nodes=122 term=quiesced      981B
  input 134  raw         accepted     nodes=113 term=quiesced      981B
  input 135  raw         accepted     nodes=113 term=quiesced      981B
  input 136  raw         accepted     nodes=113 term=quiesced      981B
  input 137  raw         accepted     nodes=113 term=quiesced      981B
  input 138  raw         rejected     nodes=122 term=quiesced      981B
  input 139  raw         accepted     nodes=113 term=quiesced      981B
  input 140  raw         accepted     nodes=113 term=quiesced      981B
  input 141  raw         rejected     nodes=122 term=quiesced      981B
  input 142  raw         accepted     nodes=113 term=quiesced      981B
  input 143  raw         accepted     nodes=113 term=quiesced      981B
  input 144  raw         accepted     nodes=113 term=quiesced      981B
  input 145  raw         accepted     nodes=113 term=quiesced      981B
  input 146  raw         accepted     nodes=113 term=quiesced      981B
  input 147  raw         rejected     nodes=122 term=quiesced      981B
  input 148  raw         accepted     nodes=113 term=quiesced      981B
  input 149  raw         accepted     nodes=113 term=quiesced      981B
  input 150  raw         accepted     nodes=113 term=quiesced      981B
  input 151  raw         accepted     nodes=113 term=quiesced      981B
  input 152  raw         accepted     nodes=113 term=quiesced      981B
  input 153  raw         accepted     nodes=123 term=quiesced      981B
  input 154  raw         accepted     nodes=113 term=quiesced      981B
  input 155  raw         accepted     nodes=113 term=quiesced      981B
  input 156  raw         accepted     nodes=113 term=quiesced      981B
  input 157  raw         accepted     nodes=113 term=quiesced      981B
  input 158  raw         accepted     nodes=113 term=quiesced      981B
  input 159  raw         accepted     nodes=113 term=quiesced      981B
  input 160  raw         accepted     nodes=113 term=quiesced      981B
  input 161  raw         accepted     nodes=113 term=quiesced      981B
  input 162  raw         accepted     nodes=113 term=quiesced      981B
  input 163  raw         accepted     nodes=113 term=quiesced      981B
  input 164  raw         accepted     nodes=113 term=quiesced      981B
  input 165  raw         accepted     nodes=122 term=quiesced      981B
  input 166  raw         accepted     nodes=113 term=quiesced      981B
  input 167  raw         accepted     nodes=113 term=quiesced      981B
  input 168  raw         accepted     nodes=113 term=quiesced      981B
  input 169  raw         accepted     nodes=113 term=quiesced      981B
  input 170  raw         accepted     nodes=113 term=quiesced      981B
  input 171  raw         accepted     nodes=113 term=quiesced      981B
  input 172  raw         accepted     nodes=113 term=quiesced      981B
  input 173  raw         accepted     nodes=113 term=quiesced      981B
  input 174  raw         accepted     nodes=113 term=quiesced      981B
  input 175  raw         accepted     nodes=113 term=quiesced      981B
  input 176  raw         accepted     nodes=113 term=quiesced      981B
  input 177  raw         accepted     nodes=113 term=quiesced      981B
  input 178  raw         accepted     nodes=113 term=quiesced      981B
  input 179  raw         accepted     nodes=113 term=quiesced      981B
  input 180  raw         accepted     nodes=113 term=quiesced      981B
  input 181  raw         accepted     nodes=113 term=quiesced      981B
  input 182  raw         accepted     nodes=113 term=quiesced      981B
  input 183  raw         accepted     nodes=113 term=quiesced      981B
  input 184  raw         accepted     nodes=113 term=quiesced      981B
  input 185  raw         accepted     nodes=113 term=quiesced      981B
  input 186  raw         accepted     nodes=113 term=quiesced      981B
  input 187  raw         rejected     nodes=122 term=quiesced      981B
  input 188  raw         accepted     nodes=113 term=quiesced      981B
  input 189  raw         accepted     nodes=113 term=quiesced      981B
  input 190  raw         accepted     nodes=113 term=quiesced      981B
  input 191  raw         accepted     nodes=113 term=quiesced      981B
  input 192  raw         accepted     nodes=113 term=quiesced      981B
  input 193  raw         accepted     nodes=113 term=quiesced      981B
  input 194  raw         accepted     nodes=113 term=quiesced      981B
  input 195  raw         accepted     nodes=113 term=quiesced      981B
  input 196  raw         accepted     nodes=113 term=quiesced      981B
  input 197  raw         accepted     nodes=113 term=quiesced      981B
  input 198  raw         accepted     nodes=113 term=quiesced      981B
  input 199  raw         accepted     nodes=113 term=quiesced      981B
  input 200  raw         accepted     nodes=113 term=quiesced      981B
  input 201  raw         accepted     nodes=113 term=quiesced      981B
  input 202  raw         accepted     nodes=113 term=quiesced      981B
  input 203  raw         accepted     nodes=113 term=quiesced      981B
  input 204  raw         accepted     nodes=113 term=quiesced      981B
  input 205  raw         accepted     nodes=113 term=quiesced      981B
  input 206  raw         accepted     nodes=113 term=quiesced      981B
  input 207  raw         accepted     nodes=113 term=quiesced      981B
  input 208  raw         accepted     nodes=113 term=quiesced      981B
  input 209  raw         accepted     nodes=113 term=quiesced      981B
  input 210  raw         accepted     nodes=113 term=quiesced      981B
  input 211  raw         accepted     nodes=113 term=quiesced      981B
  input 212  raw         accepted     nodes=113 term=quiesced      981B
  input 213  raw         accepted     nodes=113 term=quiesced      981B
  input 214  raw         accepted     nodes=113 term=quiesced      981B
  input 215  raw         accepted     nodes=113 term=quiesced      981B
  input 216  raw         accepted     nodes=113 term=quiesced      981B
  input 217  raw         accepted     nodes=113 term=quiesced      981B
  input 218  raw         accepted     nodes=113 term=quiesced      981B
  input 219  raw         accepted     nodes=122 term=quiesced      981B
  input 220  raw         accepted     nodes=113 term=quiesced      981B
  input 221  raw         accepted     nodes=113 term=quiesced      981B
  input 222  raw         accepted     nodes=113 term=quiesced      981B
  input 223  raw         accepted     nodes=113 term=quiesced      981B
  input 224  raw         accepted     nodes=113 term=quiesced      981B
  input 225  raw         accepted     nodes=113 term=quiesced      981B
  input 226  raw         accepted     nodes=113 term=quiesced      981B
  input 227  raw         accepted     nodes=113 term=quiesced      981B
  input 228  raw         accepted     nodes=113 term=quiesced      981B
  input 229  raw         accepted     nodes=113 term=quiesced      981B
  input 230  raw         accepted     nodes=113 term=quiesced      981B
  input 231  raw         accepted     nodes=113 term=quiesced      981B
  input 232  raw         accepted     nodes=113 term=quiesced      981B
  input 233  raw         accepted     nodes=113 term=quiesced      981B
  input 234  raw         accepted     nodes=113 term=quiesced      981B
  input 235  raw         accepted     nodes=113 term=quiesced      981B
  input 236  raw         accepted     nodes=113 term=quiesced      981B
  input 237  raw         accepted     nodes=113 term=quiesced      981B
  input 238  raw         accepted     nodes=113 term=quiesced      981B
  input 239  raw         accepted     nodes=113 term=quiesced      981B
  input 240  raw         accepted     nodes=113 term=quiesced      981B
  input 241  raw         accepted     nodes=113 term=quiesced      981B
  input 242  raw         accepted     nodes=113 term=quiesced      981B
  input 243  raw         accepted     nodes=113 term=quiesced      981B
  input 244  raw         accepted     nodes=113 term=quiesced      981B
  input 245  raw         accepted     nodes=113 term=quiesced      981B
  input 246  raw         accepted     nodes=113 term=quiesced      981B
  input 247  raw         accepted     nodes=113 term=quiesced      981B
  input 248  raw         accepted     nodes=113 term=quiesced      981B
  input 249  raw         accepted     nodes=113 term=quiesced      981B
  input 250  raw         accepted     nodes=113 term=quiesced      981B
  input 251  raw         accepted     nodes=113 term=quiesced      981B
  input 252  raw         accepted     nodes=113 term=quiesced      981B
  input 253  raw         accepted     nodes=113 term=quiesced      981B
  input 254  raw         accepted     nodes=113 term=quiesced      981B
  input 255  raw         accepted     nodes=113 term=quiesced      981B
  input 256  raw         accepted     nodes=113 term=quiesced      981B
  input 257  raw         accepted     nodes=113 term=quiesced      981B
  input 258  raw         accepted     nodes=113 term=quiesced      981B
  input 259  raw         accepted     nodes=113 term=quiesced      981B
  input 260  raw         accepted     nodes=113 term=quiesced      981B
  input 261  raw         accepted     nodes=113 term=quiesced      981B
  input 262  raw         accepted     nodes=113 term=quiesced      981B
  input 263  raw         accepted     nodes=113 term=quiesced      981B
  input 264  raw         accepted     nodes=113 term=quiesced      981B
  input 265  raw         accepted     nodes=113 term=quiesced      981B
  input 266  raw         accepted     nodes=113 term=quiesced      981B
  input 267  raw         accepted     nodes=113 term=quiesced      981B
  input 268  raw         accepted     nodes=113 term=quiesced      981B
  input 269  raw         accepted     nodes=113 term=quiesced      981B
  input 270  raw         accepted     nodes=113 term=quiesced      981B
  input 271  raw         accepted     nodes=113 term=quiesced      981B
  input 272  raw         accepted     nodes=113 term=quiesced      981B
  input 273  raw         accepted     nodes=113 term=quiesced      981B
  input 274  raw         accepted     nodes=113 term=quiesced      981B
  input 275  raw         accepted     nodes=113 term=quiesced      981B
  input 276  raw         accepted     nodes=113 term=quiesced      981B
  input 277  raw         accepted     nodes=113 term=quiesced      981B
  input 278  raw         accepted     nodes=113 term=quiesced      981B
  input 279  raw         accepted     nodes=113 term=quiesced      981B
  input 280  raw         accepted     nodes=113 term=quiesced      981B
  input 281  raw         accepted     nodes=113 term=quiesced      981B
  input 282  raw         accepted     nodes=113 term=quiesced      981B
  input 283  raw         accepted     nodes=113 term=quiesced      981B
  input 284  raw         accepted     nodes=113 term=quiesced      981B
  input 285  raw         accepted     nodes=113 term=quiesced      981B
  input 286  raw         accepted     nodes=122 term=quiesced      981B
  input 287  raw         accepted     nodes=113 term=quiesced      981B
  input 288  raw         accepted     nodes=113 term=quiesced      981B
  input 289  raw         accepted     nodes=113 term=quiesced      981B
  input 290  raw         accepted     nodes=113 term=quiesced      981B
  input 291  raw         accepted     nodes=113 term=quiesced      981B
  input 292  raw         accepted     nodes=113 term=quiesced      981B
  input 293  raw         accepted     nodes=113 term=quiesced      981B
  input 294  raw         accepted     nodes=113 term=quiesced      981B
  input 295  raw         accepted     nodes=113 term=quiesced      981B
  input 296  raw         accepted     nodes=123 term=quiesced      981B
  input 297  raw         accepted     nodes=113 term=quiesced      981B
  input 298  raw         accepted     nodes=113 term=quiesced      981B
  input 299  raw         accepted     nodes=113 term=quiesced      981B
  input 300  raw         accepted     nodes=113 term=quiesced      981B
  input 301  raw         accepted     nodes=113 term=quiesced      981B
  input 302  raw         accepted     nodes=123 term=quiesced      981B
  input 303  raw         accepted     nodes=113 term=quiesced      981B
  input 304  raw         accepted     nodes=113 term=quiesced      981B
  input 305  raw         accepted     nodes=122 term=quiesced      981B
  input 306  raw         rejected     nodes=122 term=quiesced      981B
  input 307  raw         accepted     nodes=113 term=quiesced      981B
  input 308  raw         accepted     nodes=113 term=quiesced      981B
  input 309  raw         accepted     nodes=113 term=quiesced      981B
  input 310  raw         accepted     nodes=113 term=quiesced      981B
  input 311  raw         accepted     nodes=113 term=quiesced      981B
  input 312  raw         accepted     nodes=113 term=quiesced      981B
  input 313  raw         rejected     nodes=122 term=quiesced      981B
  input 314  raw         accepted     nodes=113 term=quiesced      981B
  input 315  raw         accepted     nodes=113 term=quiesced      981B
  input 316  raw         accepted     nodes=113 term=quiesced      981B
  input 317  raw         accepted     nodes=113 term=quiesced      981B
  input 318  raw         accepted     nodes=113 term=quiesced      981B
  input 319  raw         accepted     nodes=113 term=quiesced      981B
  input 320  raw         accepted     nodes=113 term=quiesced      981B
  input 321  raw         rejected     nodes=122 term=quiesced      981B
  input 322  raw         accepted     nodes=113 term=quiesced      981B
  input 323  raw         accepted     nodes=113 term=quiesced      981B
  input 324  raw         accepted     nodes=113 term=quiesced      981B
  input 325  raw         accepted     nodes=113 term=quiesced      981B
  input 326  raw         rejected     nodes=122 term=quiesced      981B
  input 327  raw         accepted     nodes=113 term=quiesced      981B
  input 328  raw         accepted     nodes=123 term=quiesced      981B
  input 329  raw         accepted     nodes=113 term=quiesced      981B
  input 330  raw         accepted     nodes=113 term=quiesced      981B
  input 331  raw         accepted     nodes=113 term=quiesced      981B
  input 332  raw         accepted     nodes=113 term=quiesced      981B
  input 333  raw         accepted     nodes=113 term=quiesced      981B
  input 334  raw         accepted     nodes=113 term=quiesced      981B
  input 335  raw         accepted     nodes=113 term=quiesced      981B
  input 336  raw         accepted     nodes=113 term=quiesced      981B
  input 337  raw         accepted     nodes=113 term=quiesced      981B
  input 338  raw         accepted     nodes=113 term=quiesced      981B
  input 339  raw         accepted     nodes=122 term=quiesced      981B
  input 340  raw         accepted     nodes=113 term=quiesced      981B
  input 341  raw         accepted     nodes=113 term=quiesced      981B
  input 342  raw         accepted     nodes=113 term=quiesced      981B
  input 343  raw         accepted     nodes=113 term=quiesced      981B
  input 344  raw         accepted     nodes=113 term=quiesced      981B
  input 345  raw         accepted     nodes=113 term=quiesced      981B
  input 346  raw         accepted     nodes=113 term=quiesced      981B
  input 347  raw         accepted     nodes=113 term=quiesced      981B
  input 348  raw         accepted     nodes=113 term=quiesced      981B
  input 349  raw         accepted     nodes=113 term=quiesced      981B
  input 350  raw         accepted     nodes=113 term=quiesced      981B
  input 351  raw         accepted     nodes=113 term=quiesced      981B
  input 352  raw         accepted     nodes=113 term=quiesced      981B
  input 353  raw         accepted     nodes=113 term=quiesced      981B
  input 354  raw         accepted     nodes=113 term=quiesced      981B
  input 355  raw         accepted     nodes=113 term=quiesced      981B
  input 356  raw         accepted     nodes=122 term=quiesced      981B
  input 357  raw         accepted     nodes=113 term=quiesced      981B
  input 358  raw         accepted     nodes=113 term=quiesced      981B
  input 359  raw         accepted     nodes=113 term=quiesced      981B
  input 360  raw         accepted     nodes=113 term=quiesced      981B
  input 361  raw         accepted     nodes=113 term=quiesced      981B
  input 362  raw         accepted     nodes=113 term=quiesced      981B
  input 363  raw         accepted     nodes=113 term=quiesced      981B
  input 364  raw         accepted     nodes=113 term=quiesced      981B
  input 365  raw         accepted     nodes=113 term=quiesced      981B
  input 366  raw         accepted     nodes=113 term=quiesced      981B
  input 367  raw         accepted     nodes=113 term=quiesced      981B
  input 368  raw         accepted     nodes=113 term=quiesced      981B
  input 369  raw         accepted     nodes=113 term=quiesced      981B
  input 370  raw         accepted     nodes=113 term=quiesced      981B
  input 371  raw         accepted     nodes=113 term=quiesced      981B
  input 372  raw         accepted     nodes=113 term=quiesced      981B
  input 373  raw         accepted     nodes=113 term=quiesced      981B
  input 374  raw         accepted     nodes=113 term=quiesced      981B
  input 375  raw         accepted     nodes=113 term=quiesced      981B
  input 376  raw         accepted     nodes=113 term=quiesced      981B
  input 377  raw         accepted     nodes=113 term=quiesced      981B
  input 378  raw         accepted     nodes=113 term=quiesced      981B
  input 379  raw         accepted     nodes=113 term=quiesced      981B
  input 380  raw         accepted     nodes=113 term=quiesced      981B
  input 381  raw         rejected     nodes=122 term=quiesced      981B
  input 382  raw         accepted     nodes=113 term=quiesced      981B
  input 383  raw         accepted     nodes=113 term=quiesced      981B
  input 384  raw         rejected     nodes=122 term=quiesced      981B
  input 385  raw         accepted     nodes=113 term=quiesced      981B
  input 386  raw         accepted     nodes=113 term=quiesced      981B
  input 387  raw         accepted     nodes=113 term=quiesced      981B
  input 388  raw         accepted     nodes=113 term=quiesced      981B
  input 389  raw         accepted     nodes=113 term=quiesced      981B
  input 390  raw         accepted     nodes=113 term=quiesced      981B
  input 391  raw         accepted     nodes=113 term=quiesced      981B
  input 392  raw         accepted     nodes=113 term=quiesced      981B
  input 393  raw         accepted     nodes=113 term=quiesced      981B
  input 394  raw         accepted     nodes=113 term=quiesced      981B
  input 395  raw         accepted     nodes=113 term=quiesced      981B
  input 396  raw         accepted     nodes=123 term=quiesced      981B
  input 397  raw         accepted     nodes=113 term=quiesced      981B
  input 398  raw         accepted     nodes=113 term=quiesced      981B
  input 399  raw         accepted     nodes=113 term=quiesced      981B
  input 400  raw         accepted     nodes=113 term=quiesced      981B
  input 401  raw         accepted     nodes=113 term=quiesced      981B
  input 402  raw         accepted     nodes=113 term=quiesced      981B
  input 403  raw         accepted     nodes=113 term=quiesced      981B
  input 404  raw         accepted     nodes=113 term=quiesced      981B
  input 405  raw         accepted     nodes=113 term=quiesced      981B
  input 406  raw         accepted     nodes=113 term=quiesced      981B
  input 407  raw         accepted     nodes=113 term=quiesced      981B
  input 408  raw         accepted     nodes=113 term=quiesced      981B
  input 409  raw         accepted     nodes=113 term=quiesced      981B
  input 410  raw         accepted     nodes=113 term=quiesced      981B
  input 411  raw         accepted     nodes=113 term=quiesced      981B
  input 412  raw         accepted     nodes=123 term=quiesced      981B
  input 413  raw         accepted     nodes=122 term=quiesced      981B
  input 414  raw         accepted     nodes=113 term=quiesced      981B
  input 415  raw         accepted     nodes=113 term=quiesced      981B
  input 416  raw         accepted     nodes=113 term=quiesced      981B
  input 417  raw         accepted     nodes=113 term=quiesced      981B
  input 418  raw         accepted     nodes=113 term=quiesced      981B
  input 419  raw         accepted     nodes=113 term=quiesced      981B
  input 420  raw         accepted     nodes=113 term=quiesced      981B
  input 421  raw         accepted     nodes=113 term=quiesced      981B
  input 422  raw         accepted     nodes=113 term=quiesced      981B
  input 423  raw         accepted     nodes=113 term=quiesced      981B
  input 424  raw         accepted     nodes=113 term=quiesced      981B
  input 425  raw         accepted     nodes=113 term=quiesced      981B
  input 426  raw         accepted     nodes=113 term=quiesced      981B
  input 427  raw         accepted     nodes=113 term=quiesced      981B
  input 428  raw         accepted     nodes=113 term=quiesced      981B
  input 429  raw         accepted     nodes=113 term=quiesced      981B
  input 430  raw         accepted     nodes=113 term=quiesced      981B
  input 431  raw         accepted     nodes=113 term=quiesced      981B
  input 432  raw         accepted     nodes=113 term=quiesced      981B
  input 433  raw         accepted     nodes=113 term=quiesced      981B
  input 434  raw         accepted     nodes=113 term=quiesced      981B
  input 435  raw         accepted     nodes=123 term=quiesced      981B
  input 436  raw         accepted     nodes=113 term=quiesced      981B
  input 437  raw         accepted     nodes=113 term=quiesced      981B
  input 438  raw         accepted     nodes=113 term=quiesced      981B
  input 439  raw         accepted     nodes=113 term=quiesced      981B
  input 440  raw         accepted     nodes=113 term=quiesced      981B
  input 441  raw         accepted     nodes=113 term=quiesced      981B
  input 442  raw         accepted     nodes=113 term=quiesced      981B
  input 443  raw         accepted     nodes=113 term=quiesced      981B
  input 444  raw         accepted     nodes=113 term=quiesced      981B
  input 445  raw         accepted     nodes=113 term=quiesced      981B
  input 446  raw         accepted     nodes=113 term=quiesced      981B
  input 447  raw         accepted     nodes=113 term=quiesced      981B
  input 448  raw         accepted     nodes=113 term=quiesced      981B
  input 449  raw         accepted     nodes=113 term=quiesced      981B
  input 450  raw         accepted     nodes=113 term=quiesced      981B
  input 451  raw         accepted     nodes=113 term=quiesced      981B
  input 452  raw         accepted     nodes=113 term=quiesced      981B
  input 453  raw         accepted     nodes=113 term=quiesced      981B
  input 454  raw         accepted     nodes=113 term=quiesced      981B
  input 455  raw         accepted     nodes=113 term=quiesced      981B
  input 456  raw         accepted     nodes=113 term=quiesced      981B
  input 457  raw         accepted     nodes=113 term=quiesced      981B
  input 458  raw         accepted     nodes=113 term=quiesced      981B
  input 459  raw         accepted     nodes=113 term=quiesced      981B
  input 460  raw         rejected     nodes=122 term=quiesced      981B
  input 461  raw         accepted     nodes=113 term=quiesced      981B
  input 462  raw         accepted     nodes=113 term=quiesced      981B
  input 463  raw         accepted     nodes=113 term=quiesced      981B
  input 464  raw         accepted     nodes=113 term=quiesced      981B
  input 465  raw         accepted     nodes=113 term=quiesced      981B
  input 466  raw         accepted     nodes=113 term=quiesced      981B
  input 467  raw         accepted     nodes=113 term=quiesced      981B
  input 468  raw         accepted     nodes=123 term=quiesced      981B
  input 469  raw         accepted     nodes=113 term=quiesced      981B
  input 470  raw         accepted     nodes=113 term=quiesced      981B
  input 471  raw         accepted     nodes=113 term=quiesced      981B
  input 472  raw         accepted     nodes=113 term=quiesced      981B
  input 473  raw         accepted     nodes=113 term=quiesced      981B
  input 474  raw         accepted     nodes=113 term=quiesced      981B
  input 475  raw         accepted     nodes=113 term=quiesced      981B
  input 476  raw         accepted     nodes=122 term=quiesced      981B
  input 477  raw         accepted     nodes=113 term=quiesced      981B
  input 478  raw         accepted     nodes=113 term=quiesced      981B
  input 479  raw         accepted     nodes=113 term=quiesced      981B
  input 480  raw         accepted     nodes=122 term=quiesced      981B
  input 481  raw         accepted     nodes=113 term=quiesced      981B
  input 482  raw         accepted     nodes=113 term=quiesced      981B
  input 483  raw         accepted     nodes=113 term=quiesced      981B
  input 484  raw         accepted     nodes=113 term=quiesced      981B
  input 485  raw         accepted     nodes=113 term=quiesced      981B
  input 486  raw         accepted     nodes=113 term=quiesced      981B
  input 487  raw         accepted     nodes=113 term=quiesced      981B
  input 488  raw         accepted     nodes=113 term=quiesced      981B
  input 489  raw         accepted     nodes=122 term=quiesced      981B
  input 490  raw         accepted     nodes=113 term=quiesced      981B
  input 491  raw         accepted     nodes=113 term=quiesced      981B
  input 492  raw         accepted     nodes=113 term=quiesced      981B
  input 493  raw         accepted     nodes=113 term=quiesced      981B
  input 494  raw         accepted     nodes=113 term=quiesced      981B
  input 495  raw         accepted     nodes=113 term=quiesced      981B
  input 496  raw         accepted     nodes=113 term=quiesced      981B
  input 497  raw         accepted     nodes=113 term=quiesced      981B
  input 498  raw         accepted     nodes=113 term=quiesced      981B
  input 499  raw         accepted     nodes=113 term=quiesced      981B
  input 500  raw         accepted     nodes=122 term=quiesced      981B
  input 501  raw         accepted     nodes=113 term=quiesced      981B
  input 502  raw         accepted     nodes=113 term=quiesced      981B
  input 503  raw         accepted     nodes=113 term=quiesced      981B
  input 504  raw         accepted     nodes=113 term=quiesced      981B
  input 505  raw         accepted     nodes=113 term=quiesced      981B
  input 506  raw         accepted     nodes=113 term=quiesced      981B
  input 507  raw         accepted     nodes=113 term=quiesced      981B
  input 508  raw         accepted     nodes=113 term=quiesced      981B
  input 509  raw         accepted     nodes=113 term=quiesced      981B
  input 510  raw         accepted     nodes=122 term=quiesced      981B
  input 511  raw         accepted     nodes=122 term=quiesced      981B
  input 512  raw         accepted     nodes=113 term=quiesced      981B
  input 513  raw         accepted     nodes=113 term=quiesced      981B
  input 514  raw         accepted     nodes=113 term=quiesced      981B
  input 515  raw         accepted     nodes=113 term=quiesced      981B
  input 516  raw         accepted     nodes=113 term=quiesced      981B
  input 517  raw         accepted     nodes=113 term=quiesced      981B
  input 518  raw         accepted     nodes=113 term=quiesced      981B
  input 519  raw         accepted     nodes=113 term=quiesced      981B
  input 520  raw         accepted     nodes=113 term=quiesced      981B
  input 521  raw         accepted     nodes=113 term=quiesced      981B
  input 522  raw         accepted     nodes=113 term=quiesced      981B
  input 523  raw         accepted     nodes=113 term=quiesced      981B
  input 524  raw         accepted     nodes=113 term=quiesced      981B
  input 525  raw         accepted     nodes=113 term=quiesced      981B
  input 526  raw         accepted     nodes=113 term=quiesced      981B
  input 527  raw         accepted     nodes=113 term=quiesced      981B
  input 528  raw         accepted     nodes=113 term=quiesced      981B
  input 529  raw         accepted     nodes=113 term=quiesced      981B
  input 530  raw         accepted     nodes=113 term=quiesced      981B
  input 531  raw         accepted     nodes=113 term=quiesced      981B
  input 532  raw         accepted     nodes=113 term=quiesced      981B
  input 533  raw         accepted     nodes=113 term=quiesced      981B
  input 534  raw         accepted     nodes=113 term=quiesced      981B
  input 535  raw         rejected     nodes=122 term=quiesced      981B
  input 536  raw         accepted     nodes=113 term=quiesced      981B
  input 537  raw         accepted     nodes=113 term=quiesced      981B
  input 538  raw         accepted     nodes=113 term=quiesced      981B
  input 539  raw         accepted     nodes=113 term=quiesced      981B
  input 540  raw         accepted     nodes=113 term=quiesced      981B
  input 541  raw         accepted     nodes=113 term=quiesced      981B
  input 542  raw         accepted     nodes=113 term=quiesced      981B
  input 543  raw         accepted     nodes=113 term=quiesced      981B
  input 544  raw         accepted     nodes=113 term=quiesced      981B
  input 545  raw         accepted     nodes=113 term=quiesced      981B
  input 546  raw         accepted     nodes=113 term=quiesced      981B
  input 547  raw         accepted     nodes=113 term=quiesced      981B
  input 548  raw         accepted     nodes=113 term=quiesced      981B
  input 549  raw         accepted     nodes=113 term=quiesced      981B
  input 550  raw         accepted     nodes=113 term=quiesced      981B
  input 551  raw         accepted     nodes=113 term=quiesced      981B
  input 552  raw         accepted     nodes=113 term=quiesced      981B
  input 553  raw         accepted     nodes=113 term=quiesced      981B
  input 554  raw         accepted     nodes=122 term=quiesced      981B
  input 555  raw         accepted     nodes=113 term=quiesced      981B
  input 556  raw         accepted     nodes=122 term=quiesced      981B
  input 557  raw         accepted     nodes=113 term=quiesced      981B
  input 558  raw         accepted     nodes=113 term=quiesced      981B
  input 559  raw         accepted     nodes=113 term=quiesced      981B
  input 560  raw         accepted     nodes=113 term=quiesced      981B
  input 561  raw         accepted     nodes=122 term=quiesced      981B
  input 562  raw         accepted     nodes=113 term=quiesced      981B
  input 563  raw         accepted     nodes=113 term=quiesced      981B
  input 564  raw         accepted     nodes=113 term=quiesced      981B
  input 565  raw         accepted     nodes=113 term=quiesced      981B
  input 566  raw         accepted     nodes=113 term=quiesced      981B
  input 567  raw         accepted     nodes=113 term=quiesced      981B
  input 568  raw         accepted     nodes=113 term=quiesced      981B
  input 569  raw         accepted     nodes=113 term=quiesced      981B
  input 570  raw         accepted     nodes=113 term=quiesced      981B
  input 571  raw         accepted     nodes=113 term=quiesced      981B
  input 572  raw         accepted     nodes=113 term=quiesced      981B
  input 573  raw         accepted     nodes=113 term=quiesced      981B
  input 574  raw         accepted     nodes=113 term=quiesced      981B
  input 575  raw         accepted     nodes=113 term=quiesced      981B
  input 576  raw         rejected     nodes=122 term=quiesced      981B
  input 577  raw         accepted     nodes=113 term=quiesced      981B
  input 578  raw         accepted     nodes=113 term=quiesced      981B
  input 579  raw         accepted     nodes=113 term=quiesced      981B
  input 580  raw         accepted     nodes=113 term=quiesced      981B
  input 581  raw         accepted     nodes=113 term=quiesced      981B
  input 582  raw         accepted     nodes=113 term=quiesced      981B
  input 583  raw         accepted     nodes=113 term=quiesced      981B
  input 584  raw         accepted     nodes=113 term=quiesced      981B
  input 585  raw         accepted     nodes=113 term=quiesced      981B
  input 586  raw         accepted     nodes=113 term=quiesced      981B
  input 587  raw         accepted     nodes=113 term=quiesced      981B
  input 588  raw         accepted     nodes=113 term=quiesced      981B
  input 589  raw         accepted     nodes=113 term=quiesced      981B
  input 590  raw         accepted     nodes=113 term=quiesced      981B
  input 591  raw         accepted     nodes=113 term=quiesced      981B
  input 592  raw         accepted     nodes=122 term=quiesced      981B
  input 593  raw         accepted     nodes=113 term=quiesced      981B
  input 594  raw         accepted     nodes=113 term=quiesced      981B
  input 595  raw         accepted     nodes=113 term=quiesced      981B
  input 596  raw         accepted     nodes=113 term=quiesced      981B
  input 597  raw         accepted     nodes=113 term=quiesced      981B
  input 598  raw         accepted     nodes=113 term=quiesced      981B
  input 599  raw         accepted     nodes=113 term=quiesced      981B
  input 600  raw         accepted     nodes=113 term=quiesced      981B
  input 601  raw         accepted     nodes=113 term=quiesced      981B
  input 602  raw         accepted     nodes=113 term=quiesced      981B
  input 603  raw         rejected     nodes=122 term=quiesced      981B
  input 604  raw         accepted     nodes=113 term=quiesced      981B
  input 605  raw         accepted     nodes=113 term=quiesced      981B
  input 606  raw         accepted     nodes=113 term=quiesced      981B
  input 607  raw         accepted     nodes=113 term=quiesced      981B
  input 608  raw         accepted     nodes=113 term=quiesced      981B
  input 609  raw         accepted     nodes=113 term=quiesced      981B
  input 610  raw         accepted     nodes=123 term=quiesced      981B
  input 611  raw         accepted     nodes=113 term=quiesced      981B
  input 612  raw         accepted     nodes=113 term=quiesced      981B
  input 613  raw         accepted     nodes=113 term=quiesced      981B
  input 614  raw         accepted     nodes=113 term=quiesced      981B
  input 615  raw         accepted     nodes=113 term=quiesced      981B
  input 616  raw         accepted     nodes=113 term=quiesced      981B
  input 617  raw         accepted     nodes=122 term=quiesced      981B
  input 618  raw         accepted     nodes=113 term=quiesced      981B
  input 619  raw         accepted     nodes=113 term=quiesced      981B
  input 620  raw         accepted     nodes=113 term=quiesced      981B
  input 621  raw         accepted     nodes=113 term=quiesced      981B
  input 622  raw         accepted     nodes=113 term=quiesced      981B
  input 623  raw         accepted     nodes=113 term=quiesced      981B
  input 624  raw         accepted     nodes=113 term=quiesced      981B
  input 625  raw         accepted     nodes=113 term=quiesced      981B
  input 626  raw         accepted     nodes=113 term=quiesced      981B
  input 627  raw         accepted     nodes=113 term=quiesced      981B
  input 628  raw         accepted     nodes=113 term=quiesced      981B
  input 629  raw         accepted     nodes=113 term=quiesced      981B
  input 630  raw         accepted     nodes=113 term=quiesced      981B
  input 631  raw         accepted     nodes=113 term=quiesced      981B
  input 632  raw         accepted     nodes=113 term=quiesced      981B
  input 633  raw         accepted     nodes=113 term=quiesced      981B
  input 634  raw         accepted     nodes=123 term=quiesced      981B
  input 635  raw         accepted     nodes=113 term=quiesced      981B
  input 636  raw         accepted     nodes=113 term=quiesced      981B
  input 637  raw         accepted     nodes=123 term=quiesced      981B
  input 638  raw         accepted     nodes=113 term=quiesced      981B
  input 639  raw         accepted     nodes=113 term=quiesced      981B
  input 640  raw         accepted     nodes=113 term=quiesced      981B
  input 641  raw         accepted     nodes=113 term=quiesced      981B
  input 642  raw         rejected     nodes=122 term=quiesced      981B
  input 643  raw         accepted     nodes=113 term=quiesced      981B
  input 644  raw         accepted     nodes=113 term=quiesced      981B
  input 645  raw         accepted     nodes=113 term=quiesced      981B
  input 646  raw         accepted     nodes=113 term=quiesced      981B
  input 647  raw         accepted     nodes=113 term=quiesced      981B
  input 648  raw         accepted     nodes=113 term=quiesced      981B
  input 649  raw         accepted     nodes=113 term=quiesced      981B
  input 650  raw         accepted     nodes=113 term=quiesced      981B
  input 651  raw         accepted     nodes=113 term=quiesced      981B
  input 652  raw         accepted     nodes=113 term=quiesced      981B
  input 653  raw         accepted     nodes=113 term=quiesced      981B
  input 654  raw         accepted     nodes=113 term=quiesced      981B
  input 655  raw         accepted     nodes=113 term=quiesced      981B
  input 656  raw         accepted     nodes=113 term=quiesced      981B
  input 657  raw         accepted     nodes=113 term=quiesced      981B
  input 658  raw         accepted     nodes=122 term=quiesced      981B
  input 659  raw         accepted     nodes=113 term=quiesced      981B
  input 660  raw         accepted     nodes=113 term=quiesced      981B
  input 661  raw         accepted     nodes=122 term=quiesced      981B
  input 662  raw         accepted     nodes=113 term=quiesced      981B
  input 663  raw         accepted     nodes=113 term=quiesced      981B
  input 664  raw         accepted     nodes=122 term=quiesced      981B
  input 665  raw         accepted     nodes=113 term=quiesced      981B
  input 666  raw         accepted     nodes=113 term=quiesced      981B
  input 667  raw         accepted     nodes=113 term=quiesced      981B
  input 668  raw         accepted     nodes=113 term=quiesced      981B
  input 669  raw         accepted     nodes=113 term=quiesced      981B
  input 670  raw         accepted     nodes=113 term=quiesced      981B
  input 671  raw         accepted     nodes=122 term=quiesced      981B
  input 672  raw         accepted     nodes=113 term=quiesced      981B
  input 673  raw         accepted     nodes=113 term=quiesced      981B
  input 674  raw         accepted     nodes=113 term=quiesced      981B
  input 675  raw         accepted     nodes=113 term=quiesced      981B
  input 676  raw         accepted     nodes=113 term=quiesced      981B
  input 677  raw         accepted     nodes=113 term=quiesced      981B
  input 678  raw         accepted     nodes=113 term=quiesced      981B
  input 679  raw         accepted     nodes=113 term=quiesced      981B
  input 680  raw         accepted     nodes=113 term=quiesced      981B
  input 681  raw         accepted     nodes=113 term=quiesced      981B
  input 682  raw         accepted     nodes=113 term=quiesced      981B
  input 683  raw         accepted     nodes=113 term=quiesced      981B
  input 684  raw         accepted     nodes=113 term=quiesced      981B
  input 685  raw         accepted     nodes=113 term=quiesced      981B
  input 686  raw         accepted     nodes=113 term=quiesced      981B
  input 687  raw         accepted     nodes=113 term=quiesced      981B
  input 688  raw         accepted     nodes=113 term=quiesced      981B
  input 689  raw         accepted     nodes=113 term=quiesced      981B
  input 690  raw         accepted     nodes=113 term=quiesced      981B
  input 691  raw         accepted     nodes=113 term=quiesced      981B
  input 692  raw         accepted     nodes=113 term=quiesced      981B
  input 693  raw         accepted     nodes=113 term=quiesced      981B
  input 694  raw         accepted     nodes=113 term=quiesced      981B
  input 695  raw         accepted     nodes=113 term=quiesced      981B
  input 696  raw         accepted     nodes=113 term=quiesced      981B
  input 697  raw         rejected     nodes=122 term=quiesced      981B
  input 698  raw         accepted     nodes=113 term=quiesced      981B
  input 699  raw         accepted     nodes=113 term=quiesced      981B
  input 700  raw         accepted     nodes=113 term=quiesced      981B
  input 701  raw         accepted     nodes=113 term=quiesced      981B
  input 702  raw         accepted     nodes=113 term=quiesced      981B
  input 703  raw         accepted     nodes=113 term=quiesced      981B
  input 704  raw         accepted     nodes=113 term=quiesced      981B
  input 705  raw         accepted     nodes=113 term=quiesced      981B
  input 706  raw         accepted     nodes=113 term=quiesced      981B
  input 707  raw         accepted     nodes=113 term=quiesced      981B
  input 708  raw         accepted     nodes=122 term=quiesced      981B
  input 709  raw         accepted     nodes=113 term=quiesced      981B
  input 710  raw         accepted     nodes=113 term=quiesced      981B
  input 711  raw         rejected     nodes=122 term=quiesced      981B
  input 712  raw         accepted     nodes=113 term=quiesced      981B
  input 713  raw         accepted     nodes=113 term=quiesced      981B
  input 714  raw         accepted     nodes=113 term=quiesced      981B
  input 715  raw         accepted     nodes=113 term=quiesced      981B
  input 716  raw         accepted     nodes=113 term=quiesced      981B
  input 717  raw         accepted     nodes=113 term=quiesced      981B
  input 718  raw         accepted     nodes=113 term=quiesced      981B
  input 719  raw         accepted     nodes=113 term=quiesced      981B
  input 720  raw         accepted     nodes=113 term=quiesced      981B
  input 721  raw         accepted     nodes=113 term=quiesced      981B
  input 722  raw         accepted     nodes=123 term=quiesced      981B
  input 723  raw         accepted     nodes=113 term=quiesced      981B
  input 724  raw         accepted     nodes=113 term=quiesced      981B
  input 725  raw         accepted     nodes=113 term=quiesced      981B
  input 726  raw         accepted     nodes=113 term=quiesced      981B
  input 727  raw         accepted     nodes=113 term=quiesced      981B
  input 728  raw         accepted     nodes=113 term=quiesced      981B
  input 729  raw         accepted     nodes=113 term=quiesced      981B
  input 730  raw         accepted     nodes=113 term=quiesced      981B
  input 731  raw         accepted     nodes=113 term=quiesced      981B
  input 732  raw         accepted     nodes=113 term=quiesced      981B
  input 733  raw         accepted     nodes=113 term=quiesced      981B
  input 734  raw         accepted     nodes=123 term=quiesced      981B
  input 735  raw         accepted     nodes=113 term=quiesced      981B
  input 736  raw         accepted     nodes=113 term=quiesced      981B
  input 737  raw         accepted     nodes=113 term=quiesced      981B
  input 738  raw         accepted     nodes=113 term=quiesced      981B
  input 739  raw         accepted     nodes=113 term=quiesced      981B
  input 740  raw         accepted     nodes=113 term=quiesced      981B
  input 741  raw         accepted     nodes=113 term=quiesced      981B
  input 742  raw         accepted     nodes=113 term=quiesced      981B
  input 743  raw         accepted     nodes=113 term=quiesced      981B
  input 744  raw         accepted     nodes=113 term=quiesced      981B
  input 745  raw         accepted     nodes=113 term=quiesced      981B
  input 746  raw         accepted     nodes=113 term=quiesced      981B
  input 747  raw         accepted     nodes=113 term=quiesced      981B
  input 748  raw         accepted     nodes=113 term=quiesced      981B
  input 749  raw         accepted     nodes=113 term=quiesced      981B
  input 750  raw         accepted     nodes=113 term=quiesced      981B
  input 751  raw         accepted     nodes=113 term=quiesced      981B
  input 752  raw         accepted     nodes=113 term=quiesced      981B
  input 753  raw         accepted     nodes=123 term=quiesced      981B
  input 754  raw         accepted     nodes=113 term=quiesced      981B
  input 755  raw         accepted     nodes=113 term=quiesced      981B
  input 756  raw         accepted     nodes=113 term=quiesced      981B
  input 757  raw         accepted     nodes=113 term=quiesced      981B
  input 758  raw         accepted     nodes=113 term=quiesced      981B
  input 759  raw         accepted     nodes=113 term=quiesced      981B
  input 760  raw         accepted     nodes=122 term=quiesced      981B
  input 761  raw         accepted     nodes=113 term=quiesced      981B
  input 762  raw         accepted     nodes=113 term=quiesced      981B
  input 763  raw         accepted     nodes=113 term=quiesced      981B
  input 764  raw         accepted     nodes=113 term=quiesced      981B
  input 765  raw         accepted     nodes=113 term=quiesced      981B
  input 766  raw         accepted     nodes=113 term=quiesced      981B
  input 767  raw         accepted     nodes=113 term=quiesced      981B
  input 768  raw         accepted     nodes=113 term=quiesced      981B
  input 769  raw         accepted     nodes=113 term=quiesced      981B
  input 770  raw         accepted     nodes=113 term=quiesced      981B
  input 771  raw         accepted     nodes=113 term=quiesced      981B
  input 772  raw         accepted     nodes=113 term=quiesced      981B
  input 773  raw         accepted     nodes=113 term=quiesced      981B
  input 774  raw         accepted     nodes=113 term=quiesced      981B
  input 775  raw         accepted     nodes=113 term=quiesced      981B
  input 776  raw         accepted     nodes=113 term=quiesced      981B
  input 777  raw         accepted     nodes=113 term=quiesced      981B
  input 778  raw         accepted     nodes=113 term=quiesced      981B
  input 779  raw         accepted     nodes=113 term=quiesced      981B
  input 780  raw         accepted     nodes=113 term=quiesced      981B
  input 781  raw         accepted     nodes=113 term=quiesced      981B
  input 782  raw         accepted     nodes=113 term=quiesced      981B
  input 783  raw         rejected     nodes=122 term=quiesced      981B
  input 784  raw         accepted     nodes=113 term=quiesced      981B
  input 785  raw         accepted     nodes=113 term=quiesced      981B
  input 786  raw         accepted     nodes=113 term=quiesced      981B
  input 787  raw         accepted     nodes=113 term=quiesced      981B
  input 788  raw         accepted     nodes=113 term=quiesced      981B
  input 789  raw         accepted     nodes=113 term=quiesced      981B
  input 790  raw         accepted     nodes=123 term=quiesced      981B
  input 791  raw         accepted     nodes=113 term=quiesced      981B
  input 792  raw         accepted     nodes=113 term=quiesced      981B
  input 793  raw         accepted     nodes=113 term=quiesced      981B
  input 794  raw         accepted     nodes=113 term=quiesced      981B
  input 795  raw         accepted     nodes=113 term=quiesced      981B
  input 796  raw         accepted     nodes=123 term=quiesced      981B
  input 797  raw         accepted     nodes=113 term=quiesced      981B
  input 798  raw         accepted     nodes=113 term=quiesced      981B
  input 799  raw         accepted     nodes=113 term=quiesced      981B
  input 800  raw         accepted     nodes=113 term=quiesced      981B
  input 801  raw         accepted     nodes=113 term=quiesced      981B
  input 802  raw         accepted     nodes=113 term=quiesced      981B
  input 803  raw         rejected     nodes=122 term=quiesced      981B
  input 804  raw         accepted     nodes=113 term=quiesced      981B
  input 805  raw         accepted     nodes=113 term=quiesced      981B
  input 806  raw         accepted     nodes=113 term=quiesced      981B
  input 807  raw         accepted     nodes=113 term=quiesced      981B
  input 808  raw         accepted     nodes=113 term=quiesced      981B
  input 809  raw         accepted     nodes=113 term=quiesced      981B
  input 810  raw         rejected     nodes=122 term=quiesced      981B
  input 811  raw         accepted     nodes=113 term=quiesced      981B
  input 812  raw         accepted     nodes=113 term=quiesced      981B
  input 813  raw         accepted     nodes=113 term=quiesced      981B
  input 814  raw         accepted     nodes=113 term=quiesced      981B
  input 815  raw         accepted     nodes=113 term=quiesced      981B
  input 816  raw         accepted     nodes=113 term=quiesced      981B
  input 817  raw         accepted     nodes=113 term=quiesced      981B
  input 818  raw         accepted     nodes=113 term=quiesced      981B
  input 819  raw         accepted     nodes=113 term=quiesced      981B
  input 820  raw         accepted     nodes=113 term=quiesced      981B
  input 821  raw         accepted     nodes=113 term=quiesced      981B
  input 822  raw         accepted     nodes=122 term=quiesced      981B
  input 823  raw         accepted     nodes=113 term=quiesced      981B
  input 824  raw         accepted     nodes=113 term=quiesced      981B
  input 825  raw         accepted     nodes=113 term=quiesced      981B
  input 826  raw         accepted     nodes=113 term=quiesced      981B
  input 827  raw         accepted     nodes=113 term=quiesced      981B
  input 828  raw         accepted     nodes=113 term=quiesced      981B
  input 829  raw         accepted     nodes=113 term=quiesced      981B
  input 830  raw         accepted     nodes=113 term=quiesced      981B
  input 831  raw         accepted     nodes=113 term=quiesced      981B
  input 832  raw         accepted     nodes=113 term=quiesced      981B
  input 833  raw         accepted     nodes=113 term=quiesced      981B
  input 834  raw         accepted     nodes=113 term=quiesced      981B
  input 835  raw         accepted     nodes=113 term=quiesced      981B
  input 836  raw         accepted     nodes=113 term=quiesced      981B
  input 837  raw         accepted     nodes=113 term=quiesced      981B
  input 838  raw         accepted     nodes=113 term=quiesced      981B
  input 839  raw         accepted     nodes=113 term=quiesced      981B
  input 840  raw         accepted     nodes=113 term=quiesced      981B
  input 841  raw         rejected     nodes=122 term=quiesced      981B
  input 842  raw         accepted     nodes=113 term=quiesced      981B
  input 843  raw         accepted     nodes=122 term=quiesced      981B
  input 844  raw         accepted     nodes=123 term=quiesced      981B
  input 845  raw         rejected     nodes=122 term=quiesced      981B
  input 846  raw         accepted     nodes=113 term=quiesced      981B
  input 847  raw         accepted     nodes=113 term=quiesced      981B
  input 848  raw         accepted     nodes=113 term=quiesced      981B
  input 849  raw         accepted     nodes=123 term=quiesced      981B
  input 850  raw         accepted     nodes=113 term=quiesced      981B
  input 851  raw         accepted     nodes=113 term=quiesced      981B
  input 852  raw         accepted     nodes=123 term=quiesced      981B
  input 853  raw         accepted     nodes=113 term=quiesced      981B
  input 854  raw         accepted     nodes=113 term=quiesced      981B
  input 855  raw         accepted     nodes=113 term=quiesced      981B
  input 856  raw         accepted     nodes=113 term=quiesced      981B
  input 857  raw         accepted     nodes=113 term=quiesced      981B
  input 858  raw         accepted     nodes=113 term=quiesced      981B
  input 859  raw         accepted     nodes=113 term=quiesced      981B
  input 860  raw         accepted     nodes=113 term=quiesced      981B
  input 861  raw         accepted     nodes=113 term=quiesced      981B
  input 862  raw         accepted     nodes=113 term=quiesced      981B
  input 863  raw         accepted     nodes=113 term=quiesced      981B
  input 864  raw         accepted     nodes=113 term=quiesced      981B
  input 865  raw         accepted     nodes=122 term=quiesced      981B
  input 866  raw         accepted     nodes=113 term=quiesced      981B
  input 867  raw         accepted     nodes=113 term=quiesced      981B
  input 868  raw         accepted     nodes=113 term=quiesced      981B
  input 869  raw         accepted     nodes=113 term=quiesced      981B
  input 870  raw         accepted     nodes=113 term=quiesced      981B
  input 871  raw         accepted     nodes=113 term=quiesced      981B
  input 872  raw         accepted     nodes=113 term=quiesced      981B
  input 873  raw         accepted     nodes=113 term=quiesced      981B
  input 874  raw         accepted     nodes=122 term=quiesced      981B
  input 875  raw         accepted     nodes=113 term=quiesced      981B
  input 876  raw         accepted     nodes=113 term=quiesced      981B
  input 877  raw         accepted     nodes=113 term=quiesced      981B
  input 878  raw         accepted     nodes=113 term=quiesced      981B
  input 879  raw         accepted     nodes=113 term=quiesced      981B
  input 880  raw         accepted     nodes=113 term=quiesced      981B
  input 881  raw         accepted     nodes=113 term=quiesced      981B
  input 882  raw         accepted     nodes=113 term=quiesced      981B
  input 883  raw         accepted     nodes=113 term=quiesced      981B
  input 884  raw         accepted     nodes=113 term=quiesced      981B
  input 885  raw         accepted     nodes=113 term=quiesced      981B
  input 886  raw         accepted     nodes=113 term=quiesced      981B
  input 887  raw         accepted     nodes=113 term=quiesced      981B
  input 888  raw         accepted     nodes=113 term=quiesced      981B
  input 889  raw         accepted     nodes=113 term=quiesced      981B
  input 890  raw         accepted     nodes=113 term=quiesced      981B
  input 891  raw         accepted     nodes=123 term=quiesced      981B
  input 892  raw         accepted     nodes=113 term=quiesced      981B
  input 893  raw         accepted     nodes=113 term=quiesced      981B
  input 894  raw         accepted     nodes=113 term=quiesced      981B
  input 895  raw         accepted     nodes=113 term=quiesced      981B
  input 896  raw         accepted     nodes=113 term=quiesced      981B
  input 897  raw         accepted     nodes=113 term=quiesced      981B
  input 898  raw         accepted     nodes=113 term=quiesced      981B
  input 899  raw         accepted     nodes=113 term=quiesced      981B
  input 900  raw         accepted     nodes=113 term=quiesced      981B
  input 901  raw         accepted     nodes=113 term=quiesced      981B
  input 902  raw         accepted     nodes=113 term=quiesced      981B
  input 903  raw         accepted     nodes=113 term=quiesced      981B
  input 904  raw         accepted     nodes=113 term=quiesced      981B
  input 905  raw         accepted     nodes=113 term=quiesced      981B
  input 906  raw         accepted     nodes=113 term=quiesced      981B
  input 907  raw         accepted     nodes=113 term=quiesced      981B
  input 908  raw         accepted     nodes=113 term=quiesced      981B
  input 909  raw         accepted     nodes=113 term=quiesced      981B
  input 910  raw         accepted     nodes=122 term=quiesced      981B
  input 911  raw         accepted     nodes=113 term=quiesced      981B
  input 912  raw         accepted     nodes=113 term=quiesced      981B
  input 913  raw         accepted     nodes=113 term=quiesced      981B
  input 914  raw         accepted     nodes=113 term=quiesced      981B
  input 915  raw         accepted     nodes=113 term=quiesced      981B
  input 916  raw         accepted     nodes=113 term=quiesced      981B
  input 917  raw         accepted     nodes=113 term=quiesced      981B
  input 918  raw         accepted     nodes=113 term=quiesced      981B
  input 919  raw         accepted     nodes=113 term=quiesced      981B
  input 920  raw         accepted     nodes=113 term=quiesced      981B
  input 921  raw         accepted     nodes=113 term=quiesced      981B
  input 922  raw         accepted     nodes=113 term=quiesced      981B
  input 923  raw         accepted     nodes=113 term=quiesced      981B
  input 924  raw         accepted     nodes=113 term=quiesced      981B
  input 925  raw         accepted     nodes=113 term=quiesced      981B
  input 926  raw         accepted     nodes=113 term=quiesced      981B
  input 927  raw         accepted     nodes=113 term=quiesced      981B
  input 928  raw         accepted     nodes=113 term=quiesced      981B
  input 929  raw         accepted     nodes=113 term=quiesced      981B
  input 930  raw         accepted     nodes=113 term=quiesced      981B
  input 931  raw         accepted     nodes=113 term=quiesced      981B
  input 932  raw         accepted     nodes=113 term=quiesced      981B
  input 933  raw         accepted     nodes=113 term=quiesced      981B
  input 934  raw         accepted     nodes=113 term=quiesced      981B
  input 935  raw         accepted     nodes=113 term=quiesced      981B
  input 936  raw         accepted     nodes=113 term=quiesced      981B
  input 937  raw         accepted     nodes=122 term=quiesced      981B
  input 938  raw         accepted     nodes=113 term=quiesced      981B
  input 939  raw         accepted     nodes=113 term=quiesced      981B
  input 940  raw         accepted     nodes=113 term=quiesced      981B
  input 941  raw         accepted     nodes=113 term=quiesced      981B
  input 942  raw         accepted     nodes=113 term=quiesced      981B
  input 943  raw         accepted     nodes=113 term=quiesced      981B
  input 944  raw         rejected     nodes=122 term=quiesced      981B
  input 945  raw         accepted     nodes=113 term=quiesced      981B
  input 946  raw         rejected     nodes=122 term=quiesced      981B
  input 947  raw         accepted     nodes=123 term=quiesced      981B
  input 948  raw         accepted     nodes=113 term=quiesced      981B
  input 949  raw         accepted     nodes=113 term=quiesced      981B
  input 950  raw         accepted     nodes=113 term=quiesced      981B
  input 951  raw         accepted     nodes=113 term=quiesced      981B
  input 952  raw         accepted     nodes=113 term=quiesced      981B
  input 953  raw         accepted     nodes=113 term=quiesced      981B
  input 954  raw         accepted     nodes=113 term=quiesced      981B
  input 955  raw         accepted     nodes=113 term=quiesced      981B
  input 956  raw         accepted     nodes=113 term=quiesced      981B
  input 957  raw         accepted     nodes=113 term=quiesced      981B
  input 958  raw         accepted     nodes=113 term=quiesced      981B
  input 959  raw         accepted     nodes=113 term=quiesced      981B
  input 960  raw         accepted     nodes=113 term=quiesced      981B
  input 961  raw         accepted     nodes=113 term=quiesced      981B
  input 962  raw         accepted     nodes=123 term=quiesced      981B
  input 963  raw         accepted     nodes=113 term=quiesced      981B
  input 964  raw         accepted     nodes=113 term=quiesced      981B
  input 965  raw         accepted     nodes=122 term=quiesced      981B
  input 966  raw         accepted     nodes=113 term=quiesced      981B
  input 967  raw         accepted     nodes=113 term=quiesced      981B
  input 968  raw         accepted     nodes=122 term=quiesced      981B
  input 969  raw         accepted     nodes=113 term=quiesced      981B
  input 970  raw         accepted     nodes=113 term=quiesced      981B
  input 971  raw         accepted     nodes=113 term=quiesced      981B
  input 972  raw         accepted     nodes=113 term=quiesced      981B
  input 973  raw         accepted     nodes=113 term=quiesced      981B
  input 974  raw         accepted     nodes=113 term=quiesced      981B
  input 975  raw         accepted     nodes=113 term=quiesced      981B
  input 976  raw         accepted     nodes=113 term=quiesced      981B
  input 977  raw         accepted     nodes=113 term=quiesced      981B
  input 978  raw         rejected     nodes=122 term=quiesced      981B
  input 979  raw         accepted     nodes=113 term=quiesced      981B
  input 980  raw         accepted     nodes=113 term=quiesced      981B
  input 981  raw         accepted     nodes=113 term=quiesced      981B
  input 982  raw         accepted     nodes=113 term=quiesced      981B
  input 983  raw         accepted     nodes=113 term=quiesced      981B
  input 984  raw         accepted     nodes=113 term=quiesced      981B
  input 985  raw         accepted     nodes=122 term=quiesced      981B
  input 986  raw         rejected     nodes=122 term=quiesced      981B
  input 987  raw         accepted     nodes=113 term=quiesced      981B
  input 988  raw         accepted     nodes=113 term=quiesced      981B
  input 989  raw         accepted     nodes=113 term=quiesced      981B
  input 990  raw         accepted     nodes=113 term=quiesced      981B
  input 991  raw         accepted     nodes=113 term=quiesced      981B
  input 992  raw         accepted     nodes=113 term=quiesced      981B
  input 993  raw         accepted     nodes=113 term=quiesced      981B
  input 994  raw         accepted     nodes=113 term=quiesced      981B
  input 995  raw         accepted     nodes=113 term=quiesced      981B
  input 996  raw         accepted     nodes=113 term=quiesced      981B
  input 997  raw         accepted     nodes=113 term=quiesced      981B
  input 998  raw         accepted     nodes=113 term=quiesced      981B
  input 999  raw         accepted     nodes=123 term=quiesced      981B

  1000 inputs (structure-aware): accepted=969, rejected=31
  past the front door: 969/1000 = 97% accepted
  findings: 0   (a refusal is the target working, not a finding)
