  control        accepted     nodes=113 term=quiesced
  neg control    rejected     nodes=122 term=quiesced
  input 000  header      accepted     nodes=113 term=quiesced      981B
  input 001  header      accepted     nodes=113 term=quiesced      981B
  input 002  filter      accepted     nodes=113 term=quiesced      983B
  input 003  trailer_drop rejected     nodes=122 term=quiesced      840B
  input 004  filter      accepted     nodes=113 term=quiesced      983B
  input 005  stream_bytes accepted     nodes=113 term=quiesced      981B
  input 006  stream_bytes accepted     nodes=113 term=quiesced      981B
  input 007  filter      accepted     nodes=113 term=quiesced      979B
  input 008  header      accepted     nodes=113 term=quiesced      981B
  input 009  trailer_drop rejected     nodes=122 term=quiesced      840B
  input 010  header      accepted     nodes=113 term=quiesced      981B
  input 011  xref_offset accepted     nodes=113 term=quiesced      981B
  input 012  xref_offset accepted     nodes=113 term=quiesced      980B
  input 013  obj_len     accepted     nodes=113 term=quiesced      981B
  input 014  filter      accepted     nodes=113 term=quiesced      979B
  input 015  stream_bytes accepted     nodes=113 term=quiesced      981B
  input 016  header      accepted     nodes=113 term=quiesced      981B
  input 017  trailer_drop rejected     nodes=122 term=quiesced      840B
  input 018  xref_offset accepted     nodes=113 term=quiesced      981B
  input 019  trailer_drop rejected     nodes=122 term=quiesced      840B
  input 020  header      accepted     nodes=113 term=quiesced      981B
  input 021  xref_offset accepted     nodes=113 term=quiesced      982B
  input 022  header      accepted     nodes=113 term=quiesced      981B
  input 023  trailer_drop rejected     nodes=122 term=quiesced      840B
  input 024  header      accepted     nodes=113 term=quiesced      981B
  input 025  filter      accepted     nodes=113 term=quiesced      979B
  input 026  trailer_drop rejected     nodes=122 term=quiesced      840B
  input 027  obj_len     accepted     nodes=113 term=quiesced      981B
  input 028  filter      accepted     nodes=113 term=quiesced      979B
  input 029  obj_len     accepted     nodes=113 term=quiesced      990B
  input 030  filter      accepted     nodes=113 term=quiesced      979B
  input 031  header      accepted     nodes=113 term=quiesced      981B
  input 032  stream_bytes accepted     nodes=113 term=quiesced      981B
  input 033  trailer_drop rejected     nodes=122 term=quiesced      840B
  input 034  trailer_drop rejected     nodes=122 term=quiesced      840B
  input 035  trailer_drop rejected     nodes=122 term=quiesced      840B
  input 036  header      accepted     nodes=113 term=quiesced      981B
  input 037  trailer_drop rejected     nodes=122 term=quiesced      840B
  input 038  obj_len     accepted     nodes=113 term=quiesced      981B
  input 039  stream_bytes accepted     nodes=113 term=quiesced      981B
  input 040  trailer_drop rejected     nodes=122 term=quiesced      840B
  input 041  trailer_drop rejected     nodes=122 term=quiesced      840B
  input 042  filter      accepted     nodes=113 term=quiesced      979B
  input 043  xref_offset accepted     nodes=113 term=quiesced      979B
  input 044  trailer_drop rejected     nodes=122 term=quiesced      840B
  input 045  stream_bytes accepted     nodes=113 term=quiesced      981B
  input 046  header      accepted     nodes=113 term=quiesced      981B
  input 047  trailer_drop rejected     nodes=122 term=quiesced      840B
  input 048  obj_len     accepted     nodes=113 term=quiesced      981B
  input 049  stream_bytes accepted     nodes=113 term=quiesced      981B
  input 050  filter      accepted     nodes=113 term=quiesced      983B
  input 051  header      accepted     nodes=113 term=quiesced      981B
  input 052  obj_len     accepted     nodes=113 term=quiesced      990B
  input 053  header      accepted     nodes=113 term=quiesced      981B
  input 054  obj_len     accepted     nodes=113 term=quiesced      981B
  input 055  trailer_drop rejected     nodes=122 term=quiesced      840B
  input 056  obj_len     accepted     nodes=113 term=quiesced      981B
  input 057  stream_bytes accepted     nodes=113 term=quiesced      981B
  input 058  header      accepted     nodes=113 term=quiesced      981B
  input 059  filter      accepted     nodes=113 term=quiesced      979B
  input 060  obj_len     accepted     nodes=113 term=quiesced      981B
  input 061  xref_offset accepted     nodes=113 term=quiesced      981B
  input 062  trailer_drop rejected     nodes=122 term=quiesced      840B
  input 063  header      accepted     nodes=113 term=quiesced      981B
  input 064  stream_bytes accepted     nodes=113 term=quiesced      981B
  input 065  obj_len     accepted     nodes=113 term=quiesced      981B
  input 066  trailer_drop rejected     nodes=122 term=quiesced      840B
  input 067  xref_offset accepted     nodes=113 term=quiesced      982B
  input 068  stream_bytes accepted     nodes=113 term=quiesced      981B
  input 069  trailer_drop rejected     nodes=122 term=quiesced      840B
  input 070  obj_len     accepted     nodes=113 term=quiesced      981B
  input 071  obj_len     accepted     nodes=113 term=quiesced      990B
  input 072  header      accepted     nodes=113 term=quiesced      981B
  input 073  xref_offset accepted     nodes=113 term=quiesced      981B
  input 074  stream_bytes accepted     nodes=113 term=quiesced      981B
  input 075  xref_offset accepted     nodes=113 term=quiesced      981B
  input 076  obj_len     accepted     nodes=113 term=quiesced      990B
  input 077  header      accepted     nodes=113 term=quiesced      981B
  input 078  trailer_drop rejected     nodes=122 term=quiesced      840B
  input 079  stream_bytes accepted     nodes=113 term=quiesced      981B
  input 080  header      accepted     nodes=113 term=quiesced      981B
  input 081  xref_offset accepted     nodes=113 term=quiesced      979B
  input 082  filter      accepted     nodes=113 term=quiesced      983B
  input 083  header      accepted     nodes=113 term=quiesced      981B
  input 084  stream_bytes accepted     nodes=113 term=quiesced      981B
  input 085  header      accepted     nodes=113 term=quiesced      981B
  input 086  stream_bytes accepted     nodes=113 term=quiesced      981B
  input 087  header      accepted     nodes=113 term=quiesced      981B
  input 088  xref_offset accepted     nodes=113 term=quiesced      981B
  input 089  filter      accepted     nodes=113 term=quiesced      983B
  input 090  xref_offset accepted     nodes=113 term=quiesced      982B
  input 091  filter      accepted     nodes=113 term=quiesced      983B
  input 092  xref_offset accepted     nodes=113 term=quiesced      981B
  input 093  header      accepted     nodes=113 term=quiesced      981B
  input 094  trailer_drop rejected     nodes=122 term=quiesced      840B
  input 095  obj_len     accepted     nodes=113 term=quiesced      990B
  input 096  xref_offset accepted     nodes=113 term=quiesced      979B
  input 097  stream_bytes accepted     nodes=113 term=quiesced      981B
  input 098  stream_bytes accepted     nodes=113 term=quiesced      981B
  input 099  stream_bytes accepted     nodes=113 term=quiesced      981B
  input 100  obj_len     accepted     nodes=113 term=quiesced      981B
  input 101  obj_len     accepted     nodes=113 term=quiesced      981B
  input 102  xref_offset accepted     nodes=113 term=quiesced      982B
  input 103  xref_offset accepted     nodes=113 term=quiesced      981B
  input 104  xref_offset accepted     nodes=113 term=quiesced      982B
  input 105  header      accepted     nodes=113 term=quiesced      981B
  input 106  trailer_drop rejected     nodes=122 term=quiesced      840B
  input 107  stream_bytes accepted     nodes=113 term=quiesced      981B
  input 108  trailer_drop rejected     nodes=122 term=quiesced      840B
  input 109  header      accepted     nodes=113 term=quiesced      981B
  input 110  trailer_drop rejected     nodes=122 term=quiesced      840B
  input 111  obj_len     accepted     nodes=113 term=quiesced      982B
  input 112  header      accepted     nodes=113 term=quiesced      981B
  input 113  filter      accepted     nodes=113 term=quiesced      983B
  input 114  filter      accepted     nodes=113 term=quiesced      979B
  input 115  filter      accepted     nodes=113 term=quiesced      983B
  input 116  filter      accepted     nodes=113 term=quiesced      983B
  input 117  trailer_drop rejected     nodes=122 term=quiesced      840B
  input 118  xref_offset accepted     nodes=113 term=quiesced      981B
  input 119  header      accepted     nodes=113 term=quiesced      981B
  input 120  header      accepted     nodes=113 term=quiesced      981B
  input 121  xref_offset accepted     nodes=113 term=quiesced      979B
  input 122  obj_len     accepted     nodes=113 term=quiesced      981B
  input 123  stream_bytes accepted     nodes=113 term=quiesced      981B
  input 124  obj_len     accepted     nodes=113 term=quiesced      990B
  input 125  header      accepted     nodes=113 term=quiesced      981B
  input 126  header      accepted     nodes=113 term=quiesced      981B
  input 127  trailer_drop rejected     nodes=122 term=quiesced      840B
  input 128  header      accepted     nodes=113 term=quiesced      981B
  input 129  stream_bytes accepted     nodes=113 term=quiesced      981B
  input 130  obj_len     accepted     nodes=113 term=quiesced      982B
  input 131  trailer_drop rejected     nodes=122 term=quiesced      840B
  input 132  stream_bytes accepted     nodes=113 term=quiesced      981B
  input 133  trailer_drop rejected     nodes=122 term=quiesced      840B
  input 134  stream_bytes accepted     nodes=113 term=quiesced      981B
  input 135  stream_bytes accepted     nodes=113 term=quiesced      981B
  input 136  trailer_drop rejected     nodes=122 term=quiesced      840B
  input 137  filter      accepted     nodes=113 term=quiesced      979B
  input 138  header      accepted     nodes=113 term=quiesced      981B
  input 139  obj_len     accepted     nodes=113 term=quiesced      990B
  input 140  trailer_drop rejected     nodes=122 term=quiesced      840B
  input 141  filter      accepted     nodes=113 term=quiesced      983B
  input 142  filter      accepted     nodes=113 term=quiesced      985B
  input 143  stream_bytes accepted     nodes=113 term=quiesced      981B
  input 144  xref_offset accepted     nodes=113 term=quiesced      981B
  input 145  obj_len     accepted     nodes=113 term=quiesced      982B
  input 146  header      accepted     nodes=113 term=quiesced      981B
  input 147  filter      accepted     nodes=113 term=quiesced      983B
  input 148  obj_len     accepted     nodes=113 term=quiesced      981B
  input 149  header      accepted     nodes=113 term=quiesced      981B
  input 150  filter      accepted     nodes=113 term=quiesced      983B
  input 151  xref_offset accepted     nodes=113 term=quiesced      981B
  input 152  obj_len     accepted     nodes=113 term=quiesced      981B
  input 153  xref_offset accepted     nodes=113 term=quiesced      979B
  input 154  obj_len     accepted     nodes=113 term=quiesced      990B
  input 155  stream_bytes accepted     nodes=113 term=quiesced      981B
  input 156  trailer_drop rejected     nodes=122 term=quiesced      840B
  input 157  header      accepted     nodes=113 term=quiesced      981B
  input 158  stream_bytes accepted     nodes=113 term=quiesced      981B
  input 159  xref_offset accepted     nodes=113 term=quiesced      981B
  input 160  xref_offset accepted     nodes=113 term=quiesced      982B
  input 161  filter      accepted     nodes=113 term=quiesced      979B
  input 162  header      accepted     nodes=113 term=quiesced      981B
  input 163  obj_len     accepted     nodes=113 term=quiesced      982B
  input 164  obj_len     accepted     nodes=113 term=quiesced      981B
  input 165  filter      accepted     nodes=113 term=quiesced      979B
  input 166  stream_bytes accepted     nodes=113 term=quiesced      981B
  input 167  trailer_drop rejected     nodes=122 term=quiesced      840B
  input 168  stream_bytes accepted     nodes=113 term=quiesced      981B
  input 169  header      accepted     nodes=113 term=quiesced      981B
  input 170  filter      accepted     nodes=113 term=quiesced      985B
  input 171  stream_bytes accepted     nodes=113 term=quiesced      981B
  input 172  header      accepted     nodes=113 term=quiesced      981B
  input 173  header      accepted     nodes=113 term=quiesced      981B
  input 174  filter      accepted     nodes=113 term=quiesced      985B
  input 175  header      accepted     nodes=113 term=quiesced      981B
  input 176  filter      accepted     nodes=113 term=quiesced      985B
  input 177  stream_bytes accepted     nodes=113 term=quiesced      981B
  input 178  trailer_drop rejected     nodes=122 term=quiesced      840B
  input 179  obj_len     accepted     nodes=113 term=quiesced      981B
  input 180  trailer_drop rejected     nodes=122 term=quiesced      840B
  input 181  obj_len     accepted     nodes=113 term=quiesced      990B
  input 182  obj_len     accepted     nodes=113 term=quiesced      982B
  input 183  xref_offset accepted     nodes=113 term=quiesced      982B
  input 184  header      accepted     nodes=113 term=quiesced      981B
  input 185  filter      accepted     nodes=113 term=quiesced      983B
  input 186  xref_offset accepted     nodes=113 term=quiesced      979B
  input 187  filter      accepted     nodes=113 term=quiesced      983B
  input 188  filter      accepted     nodes=113 term=quiesced      985B
  input 189  filter      accepted     nodes=113 term=quiesced      985B
  input 190  stream_bytes accepted     nodes=113 term=quiesced      981B
  input 191  header      accepted     nodes=113 term=quiesced      981B
  input 192  stream_bytes accepted     nodes=113 term=quiesced      981B
  input 193  filter      accepted     nodes=113 term=quiesced      979B
  input 194  filter      accepted     nodes=113 term=quiesced      983B
  input 195  trailer_drop rejected     nodes=122 term=quiesced      840B
  input 196  header      accepted     nodes=113 term=quiesced      981B
  input 197  trailer_drop rejected     nodes=122 term=quiesced      840B
  input 198  filter      accepted     nodes=113 term=quiesced      979B
  input 199  filter      accepted     nodes=113 term=quiesced      983B
  input 200  header      accepted     nodes=113 term=quiesced      981B
  input 201  filter      accepted     nodes=113 term=quiesced      983B
  input 202  obj_len     accepted     nodes=113 term=quiesced      981B
  input 203  header      accepted     nodes=113 term=quiesced      981B
  input 204  obj_len     accepted     nodes=113 term=quiesced      981B
  input 205  filter      accepted     nodes=113 term=quiesced      983B
  input 206  obj_len     accepted     nodes=113 term=quiesced      982B
  input 207  trailer_drop rejected     nodes=122 term=quiesced      840B
  input 208  header      accepted     nodes=113 term=quiesced      981B
  input 209  trailer_drop rejected     nodes=122 term=quiesced      840B
  input 210  stream_bytes accepted     nodes=113 term=quiesced      981B
  input 211  filter      accepted     nodes=113 term=quiesced      985B
  input 212  filter      accepted     nodes=113 term=quiesced      979B
  input 213  obj_len     accepted     nodes=113 term=quiesced      981B
  input 214  filter      accepted     nodes=113 term=quiesced      985B
  input 215  xref_offset accepted     nodes=113 term=quiesced      979B
  input 216  trailer_drop rejected     nodes=122 term=quiesced      840B
  input 217  header      accepted     nodes=113 term=quiesced      981B
  input 218  stream_bytes accepted     nodes=113 term=quiesced      981B
  input 219  header      accepted     nodes=113 term=quiesced      981B
  input 220  obj_len     accepted     nodes=113 term=quiesced      982B
  input 221  xref_offset accepted     nodes=113 term=quiesced      979B
  input 222  header      accepted     nodes=113 term=quiesced      981B
  input 223  stream_bytes accepted     nodes=113 term=quiesced      981B
  input 224  stream_bytes accepted     nodes=113 term=quiesced      981B
  input 225  stream_bytes accepted     nodes=113 term=quiesced      981B
  input 226  filter      accepted     nodes=113 term=quiesced      985B
  input 227  filter      accepted     nodes=113 term=quiesced      979B
  input 228  obj_len     accepted     nodes=113 term=quiesced      981B
  input 229  xref_offset accepted     nodes=113 term=quiesced      981B
  input 230  xref_offset accepted     nodes=113 term=quiesced      979B
  input 231  header      accepted     nodes=113 term=quiesced      981B
  input 232  stream_bytes accepted     nodes=113 term=quiesced      981B
  input 233  filter      accepted     nodes=113 term=quiesced      979B
  input 234  header      accepted     nodes=113 term=quiesced      981B
  input 235  header      accepted     nodes=113 term=quiesced      981B
  input 236  trailer_drop rejected     nodes=122 term=quiesced      840B
  input 237  filter      accepted     nodes=113 term=quiesced      985B
  input 238  stream_bytes accepted     nodes=113 term=quiesced      981B
  input 239  filter      accepted     nodes=113 term=quiesced      979B
  input 240  trailer_drop rejected     nodes=122 term=quiesced      840B
  input 241  xref_offset accepted     nodes=113 term=quiesced      982B
  input 242  obj_len     accepted     nodes=113 term=quiesced      990B
  input 243  trailer_drop rejected     nodes=122 term=quiesced      840B
  input 244  header      accepted     nodes=113 term=quiesced      981B
  input 245  trailer_drop rejected     nodes=122 term=quiesced      840B
  input 246  filter      accepted     nodes=113 term=quiesced      979B
  input 247  header      accepted     nodes=113 term=quiesced      981B
  input 248  obj_len     accepted     nodes=113 term=quiesced      981B
  input 249  obj_len     accepted     nodes=113 term=quiesced      990B
  input 250  xref_offset accepted     nodes=113 term=quiesced      982B
  input 251  trailer_drop rejected     nodes=122 term=quiesced      840B
  input 252  xref_offset accepted     nodes=113 term=quiesced      982B
  input 253  xref_offset accepted     nodes=113 term=quiesced      982B
  input 254  trailer_drop rejected     nodes=122 term=quiesced      840B
  input 255  obj_len     accepted     nodes=113 term=quiesced      981B
  input 256  obj_len     accepted     nodes=113 term=quiesced      981B
  input 257  header      accepted     nodes=113 term=quiesced      981B
  input 258  trailer_drop rejected     nodes=122 term=quiesced      840B
  input 259  filter      accepted     nodes=113 term=quiesced      983B
  input 260  obj_len     accepted     nodes=113 term=quiesced      982B
  input 261  xref_offset accepted     nodes=113 term=quiesced      979B
  input 262  stream_bytes accepted     nodes=113 term=quiesced      981B
  input 263  filter      accepted     nodes=113 term=quiesced      979B
  input 264  filter      accepted     nodes=113 term=quiesced      985B
  input 265  header      accepted     nodes=113 term=quiesced      981B
  input 266  stream_bytes accepted     nodes=113 term=quiesced      981B
  input 267  stream_bytes accepted     nodes=113 term=quiesced      981B
  input 268  xref_offset accepted     nodes=113 term=quiesced      979B
  input 269  trailer_drop rejected     nodes=122 term=quiesced      840B
  input 270  filter      accepted     nodes=113 term=quiesced      985B
  input 271  obj_len     accepted     nodes=113 term=quiesced      982B
  input 272  stream_bytes accepted     nodes=113 term=quiesced      981B
  input 273  filter      accepted     nodes=113 term=quiesced      985B
  input 274  xref_offset accepted     nodes=113 term=quiesced      982B
  input 275  trailer_drop rejected     nodes=122 term=quiesced      840B
  input 276  xref_offset accepted     nodes=113 term=quiesced      981B
  input 277  stream_bytes accepted     nodes=113 term=quiesced      981B
  input 278  obj_len     accepted     nodes=113 term=quiesced      982B
  input 279  filter      accepted     nodes=113 term=quiesced      983B
  input 280  obj_len     accepted     nodes=113 term=quiesced      981B
  input 281  header      accepted     nodes=113 term=quiesced      981B
  input 282  obj_len     accepted     nodes=113 term=quiesced      981B
  input 283  xref_offset accepted     nodes=113 term=quiesced      982B
  input 284  xref_offset accepted     nodes=113 term=quiesced      982B
  input 285  xref_offset accepted     nodes=113 term=quiesced      981B
  input 286  xref_offset accepted     nodes=113 term=quiesced      982B
  input 287  xref_offset accepted     nodes=113 term=quiesced      979B
  input 288  stream_bytes accepted     nodes=113 term=quiesced      981B
  input 289  xref_offset accepted     nodes=113 term=quiesced      981B
  input 290  header      accepted     nodes=113 term=quiesced      981B
  input 291  filter      accepted     nodes=113 term=quiesced      983B
  input 292  header      accepted     nodes=113 term=quiesced      981B
  input 293  xref_offset accepted     nodes=113 term=quiesced      980B
  input 294  trailer_drop rejected     nodes=122 term=quiesced      840B
  input 295  xref_offset accepted     nodes=113 term=quiesced      979B
  input 296  trailer_drop rejected     nodes=122 term=quiesced      840B
  input 297  obj_len     accepted     nodes=113 term=quiesced      982B
  input 298  header      accepted     nodes=113 term=quiesced      981B
  input 299  header      accepted     nodes=113 term=quiesced      981B
  input 300  header      accepted     nodes=113 term=quiesced      981B
  input 301  trailer_drop rejected     nodes=122 term=quiesced      840B
  input 302  stream_bytes accepted     nodes=113 term=quiesced      981B
  input 303  filter      accepted     nodes=113 term=quiesced      979B
  input 304  trailer_drop rejected     nodes=122 term=quiesced      840B
  input 305  trailer_drop rejected     nodes=122 term=quiesced      840B
  input 306  filter      accepted     nodes=113 term=quiesced      985B
  input 307  header      accepted     nodes=113 term=quiesced      981B
  input 308  stream_bytes accepted     nodes=113 term=quiesced      981B
  input 309  stream_bytes accepted     nodes=113 term=quiesced      981B
  input 310  trailer_drop rejected     nodes=122 term=quiesced      840B
  input 311  stream_bytes accepted     nodes=113 term=quiesced      981B
  input 312  trailer_drop rejected     nodes=122 term=quiesced      840B
  input 313  stream_bytes accepted     nodes=113 term=quiesced      981B
  input 314  trailer_drop rejected     nodes=122 term=quiesced      840B
  input 315  header      accepted     nodes=113 term=quiesced      981B
  input 316  trailer_drop rejected     nodes=122 term=quiesced      840B
  input 317  filter      accepted     nodes=113 term=quiesced      985B
  input 318  header      accepted     nodes=113 term=quiesced      981B
  input 319  stream_bytes accepted     nodes=113 term=quiesced      981B
  input 320  obj_len     accepted     nodes=113 term=quiesced      981B
  input 321  obj_len     accepted     nodes=113 term=quiesced      981B
  input 322  xref_offset accepted     nodes=113 term=quiesced      982B
  input 323  header      accepted     nodes=113 term=quiesced      981B
  input 324  stream_bytes accepted     nodes=113 term=quiesced      981B
  input 325  xref_offset accepted     nodes=113 term=quiesced      979B
  input 326  filter      accepted     nodes=113 term=quiesced      983B
  input 327  obj_len     accepted     nodes=113 term=quiesced      982B
  input 328  filter      accepted     nodes=113 term=quiesced      979B
  input 329  trailer_drop rejected     nodes=122 term=quiesced      840B
  input 330  trailer_drop rejected     nodes=122 term=quiesced      840B
  input 331  xref_offset accepted     nodes=113 term=quiesced      979B
  input 332  filter      accepted     nodes=113 term=quiesced      979B
  input 333  obj_len     accepted     nodes=113 term=quiesced      981B
  input 334  trailer_drop rejected     nodes=122 term=quiesced      840B
  input 335  header      accepted     nodes=113 term=quiesced      981B
  input 336  xref_offset accepted     nodes=113 term=quiesced      982B
  input 337  obj_len     accepted     nodes=113 term=quiesced      981B
  input 338  trailer_drop rejected     nodes=122 term=quiesced      840B
  input 339  obj_len     accepted     nodes=113 term=quiesced      981B
  input 340  filter      accepted     nodes=113 term=quiesced      979B
  input 341  obj_len     accepted     nodes=113 term=quiesced      981B
  input 342  filter      accepted     nodes=113 term=quiesced      979B
  input 343  header      accepted     nodes=113 term=quiesced      981B
  input 344  trailer_drop rejected     nodes=122 term=quiesced      840B
  input 345  stream_bytes accepted     nodes=113 term=quiesced      981B
  input 346  filter      accepted     nodes=113 term=quiesced      983B
  input 347  filter      accepted     nodes=113 term=quiesced      979B
  input 348  filter      accepted     nodes=113 term=quiesced      979B
  input 349  trailer_drop rejected     nodes=122 term=quiesced      840B
  input 350  filter      accepted     nodes=113 term=quiesced      983B
  input 351  xref_offset accepted     nodes=113 term=quiesced      979B
  input 352  xref_offset accepted     nodes=113 term=quiesced      981B
  input 353  trailer_drop rejected     nodes=122 term=quiesced      840B
  input 354  xref_offset accepted     nodes=113 term=quiesced      982B
  input 355  header      accepted     nodes=113 term=quiesced      981B
  input 356  stream_bytes accepted     nodes=113 term=quiesced      981B
  input 357  obj_len     accepted     nodes=113 term=quiesced      981B
  input 358  trailer_drop rejected     nodes=122 term=quiesced      840B
  input 359  xref_offset accepted     nodes=113 term=quiesced      982B
  input 360  xref_offset accepted     nodes=113 term=quiesced      979B
  input 361  filter      accepted     nodes=113 term=quiesced      979B
  input 362  obj_len     accepted     nodes=113 term=quiesced      981B
  input 363  stream_bytes accepted     nodes=113 term=quiesced      981B
  input 364  xref_offset accepted     nodes=113 term=quiesced      982B
  input 365  xref_offset accepted     nodes=113 term=quiesced      979B
  input 366  obj_len     accepted     nodes=113 term=quiesced      981B
  input 367  trailer_drop rejected     nodes=122 term=quiesced      840B
  input 368  trailer_drop rejected     nodes=122 term=quiesced      840B
  input 369  stream_bytes accepted     nodes=113 term=quiesced      981B
  input 370  trailer_drop rejected     nodes=122 term=quiesced      840B
  input 371  trailer_drop rejected     nodes=122 term=quiesced      840B
  input 372  header      accepted     nodes=113 term=quiesced      981B
  input 373  header      accepted     nodes=113 term=quiesced      981B
  input 374  stream_bytes accepted     nodes=113 term=quiesced      981B
  input 375  trailer_drop rejected     nodes=122 term=quiesced      840B
  input 376  xref_offset accepted     nodes=113 term=quiesced      982B
  input 377  trailer_drop rejected     nodes=122 term=quiesced      840B
  input 378  header      accepted     nodes=113 term=quiesced      981B
  input 379  trailer_drop rejected     nodes=122 term=quiesced      840B
  input 380  filter      accepted     nodes=113 term=quiesced      983B
  input 381  obj_len     accepted     nodes=113 term=quiesced      981B
  input 382  xref_offset accepted     nodes=113 term=quiesced      979B
  input 383  trailer_drop rejected     nodes=122 term=quiesced      840B
  input 384  xref_offset accepted     nodes=113 term=quiesced      982B
  input 385  obj_len     accepted     nodes=113 term=quiesced      982B
  input 386  obj_len     accepted     nodes=113 term=quiesced      981B
  input 387  obj_len     accepted     nodes=113 term=quiesced      982B
  input 388  xref_offset accepted     nodes=113 term=quiesced      979B
  input 389  stream_bytes accepted     nodes=113 term=quiesced      981B
  input 390  trailer_drop rejected     nodes=122 term=quiesced      840B
  input 391  trailer_drop rejected     nodes=122 term=quiesced      840B
  input 392  trailer_drop rejected     nodes=122 term=quiesced      840B
  input 393  filter      accepted     nodes=113 term=quiesced      985B
  input 394  header      accepted     nodes=113 term=quiesced      981B
  input 395  header      accepted     nodes=113 term=quiesced      981B
  input 396  obj_len     accepted     nodes=113 term=quiesced      981B
  input 397  xref_offset accepted     nodes=113 term=quiesced      982B
  input 398  filter      accepted     nodes=113 term=quiesced      979B
  input 399  trailer_drop rejected     nodes=122 term=quiesced      840B
  input 400  obj_len     accepted     nodes=113 term=quiesced      982B
  input 401  header      accepted     nodes=113 term=quiesced      981B
  input 402  filter      accepted     nodes=113 term=quiesced      979B
  input 403  filter      accepted     nodes=113 term=quiesced      985B
  input 404  header      accepted     nodes=113 term=quiesced      981B
  input 405  filter      accepted     nodes=113 term=quiesced      985B
  input 406  stream_bytes accepted     nodes=113 term=quiesced      981B
  input 407  stream_bytes accepted     nodes=113 term=quiesced      981B
  input 408  trailer_drop rejected     nodes=122 term=quiesced      840B
  input 409  filter      accepted     nodes=113 term=quiesced      985B
  input 410  stream_bytes accepted     nodes=113 term=quiesced      981B
  input 411  trailer_drop rejected     nodes=122 term=quiesced      840B
  input 412  obj_len     accepted     nodes=113 term=quiesced      990B
  input 413  header      accepted     nodes=113 term=quiesced      981B
  input 414  header      accepted     nodes=113 term=quiesced      981B
  input 415  trailer_drop rejected     nodes=122 term=quiesced      840B
  input 416  obj_len     accepted     nodes=113 term=quiesced      990B
  input 417  obj_len     accepted     nodes=113 term=quiesced      981B
  input 418  stream_bytes accepted     nodes=113 term=quiesced      981B
  input 419  header      accepted     nodes=113 term=quiesced      981B
  input 420  filter      accepted     nodes=113 term=quiesced      985B
  input 421  xref_offset accepted     nodes=113 term=quiesced      982B
  input 422  filter      accepted     nodes=113 term=quiesced      979B
  input 423  trailer_drop rejected     nodes=122 term=quiesced      840B
  input 424  obj_len     accepted     nodes=113 term=quiesced      981B
  input 425  stream_bytes accepted     nodes=113 term=quiesced      981B
  input 426  xref_offset accepted     nodes=113 term=quiesced      982B
  input 427  stream_bytes accepted     nodes=113 term=quiesced      981B
  input 428  header      accepted     nodes=113 term=quiesced      981B
  input 429  trailer_drop rejected     nodes=122 term=quiesced      840B
  input 430  filter      accepted     nodes=113 term=quiesced      985B
  input 431  header      accepted     nodes=113 term=quiesced      981B
  input 432  trailer_drop rejected     nodes=122 term=quiesced      840B
  input 433  filter      accepted     nodes=113 term=quiesced      985B
  input 434  trailer_drop rejected     nodes=122 term=quiesced      840B
  input 435  stream_bytes accepted     nodes=113 term=quiesced      981B
  input 436  stream_bytes accepted     nodes=113 term=quiesced      981B
  input 437  trailer_drop rejected     nodes=122 term=quiesced      840B
  input 438  trailer_drop rejected     nodes=122 term=quiesced      840B
  input 439  obj_len     accepted     nodes=113 term=quiesced      982B
  input 440  filter      accepted     nodes=113 term=quiesced      985B
  input 441  stream_bytes accepted     nodes=113 term=quiesced      981B
  input 442  trailer_drop rejected     nodes=122 term=quiesced      840B
  input 443  trailer_drop rejected     nodes=122 term=quiesced      840B
  input 444  xref_offset accepted     nodes=113 term=quiesced      982B
  input 445  filter      accepted     nodes=113 term=quiesced      983B
  input 446  trailer_drop rejected     nodes=122 term=quiesced      840B
  input 447  header      accepted     nodes=113 term=quiesced      981B
  input 448  obj_len     accepted     nodes=113 term=quiesced      981B
  input 449  obj_len     accepted     nodes=113 term=quiesced      981B
  input 450  obj_len     accepted     nodes=113 term=quiesced      981B
  input 451  filter      accepted     nodes=113 term=quiesced      979B
  input 452  stream_bytes accepted     nodes=113 term=quiesced      981B
  input 453  trailer_drop rejected     nodes=122 term=quiesced      840B
  input 454  xref_offset accepted     nodes=113 term=quiesced      979B
  input 455  obj_len     accepted     nodes=113 term=quiesced      990B
  input 456  obj_len     accepted     nodes=113 term=quiesced      982B
  input 457  trailer_drop rejected     nodes=122 term=quiesced      840B
  input 458  stream_bytes accepted     nodes=113 term=quiesced      981B
  input 459  trailer_drop rejected     nodes=122 term=quiesced      840B
  input 460  stream_bytes accepted     nodes=113 term=quiesced      981B
  input 461  trailer_drop rejected     nodes=122 term=quiesced      840B
  input 462  header      accepted     nodes=113 term=quiesced      981B
  input 463  stream_bytes accepted     nodes=113 term=quiesced      981B
  input 464  trailer_drop rejected     nodes=122 term=quiesced      840B
  input 465  trailer_drop rejected     nodes=122 term=quiesced      840B
  input 466  trailer_drop rejected     nodes=122 term=quiesced      840B
  input 467  stream_bytes accepted     nodes=113 term=quiesced      981B
  input 468  trailer_drop rejected     nodes=122 term=quiesced      840B
  input 469  filter      accepted     nodes=113 term=quiesced      985B
  input 470  xref_offset accepted     nodes=113 term=quiesced      979B
  input 471  obj_len     accepted     nodes=113 term=quiesced      990B
  input 472  xref_offset accepted     nodes=113 term=quiesced      982B
  input 473  filter      accepted     nodes=113 term=quiesced      983B
  input 474  xref_offset accepted     nodes=113 term=quiesced      982B
  input 475  trailer_drop rejected     nodes=122 term=quiesced      840B
  input 476  filter      accepted     nodes=113 term=quiesced      985B
  input 477  xref_offset accepted     nodes=113 term=quiesced      981B
  input 478  xref_offset accepted     nodes=113 term=quiesced      979B
  input 479  trailer_drop rejected     nodes=122 term=quiesced      840B
  input 480  xref_offset accepted     nodes=113 term=quiesced      982B
  input 481  xref_offset accepted     nodes=113 term=quiesced      981B
  input 482  xref_offset accepted     nodes=113 term=quiesced      979B
  input 483  trailer_drop rejected     nodes=122 term=quiesced      840B
  input 484  trailer_drop rejected     nodes=122 term=quiesced      840B
  input 485  obj_len     accepted     nodes=113 term=quiesced      981B
  input 486  xref_offset accepted     nodes=113 term=quiesced      979B
  input 487  stream_bytes accepted     nodes=113 term=quiesced      981B
  input 488  xref_offset accepted     nodes=113 term=quiesced      979B
  input 489  xref_offset accepted     nodes=113 term=quiesced      979B
  input 490  filter      accepted     nodes=113 term=quiesced      979B
  input 491  obj_len     accepted     nodes=113 term=quiesced      990B
  input 492  obj_len     accepted     nodes=113 term=quiesced      982B
  input 493  header      accepted     nodes=113 term=quiesced      981B
  input 494  filter      accepted     nodes=113 term=quiesced      983B
  input 495  stream_bytes accepted     nodes=113 term=quiesced      981B
  input 496  obj_len     accepted     nodes=113 term=quiesced      982B
  input 497  header      accepted     nodes=113 term=quiesced      981B
  input 498  trailer_drop rejected     nodes=122 term=quiesced      840B
  input 499  header      accepted     nodes=113 term=quiesced      981B
  input 500  header      accepted     nodes=113 term=quiesced      981B
  input 501  header      accepted     nodes=113 term=quiesced      981B
  input 502  filter      accepted     nodes=113 term=quiesced      979B
  input 503  xref_offset accepted     nodes=113 term=quiesced      981B
  input 504  filter      accepted     nodes=113 term=quiesced      985B
  input 505  xref_offset accepted     nodes=113 term=quiesced      982B
  input 506  obj_len     accepted     nodes=113 term=quiesced      982B
  input 507  header      accepted     nodes=113 term=quiesced      981B
  input 508  xref_offset accepted     nodes=113 term=quiesced      979B
  input 509  xref_offset accepted     nodes=113 term=quiesced      982B
  input 510  stream_bytes accepted     nodes=113 term=quiesced      981B
  input 511  filter      accepted     nodes=113 term=quiesced      979B
  input 512  xref_offset accepted     nodes=113 term=quiesced      979B
  input 513  stream_bytes accepted     nodes=113 term=quiesced      981B
  input 514  trailer_drop rejected     nodes=122 term=quiesced      840B
  input 515  header      accepted     nodes=113 term=quiesced      981B
  input 516  trailer_drop rejected     nodes=122 term=quiesced      840B
  input 517  xref_offset accepted     nodes=113 term=quiesced      979B
  input 518  filter      accepted     nodes=113 term=quiesced      983B
  input 519  header      accepted     nodes=113 term=quiesced      981B
  input 520  stream_bytes accepted     nodes=113 term=quiesced      981B
  input 521  trailer_drop rejected     nodes=122 term=quiesced      840B
  input 522  stream_bytes accepted     nodes=113 term=quiesced      981B
  input 523  filter      accepted     nodes=113 term=quiesced      983B
  input 524  obj_len     accepted     nodes=113 term=quiesced      981B
  input 525  trailer_drop rejected     nodes=122 term=quiesced      840B
  input 526  xref_offset accepted     nodes=113 term=quiesced      981B
  input 527  obj_len     accepted     nodes=113 term=quiesced      990B
  input 528  trailer_drop rejected     nodes=122 term=quiesced      840B
  input 529  xref_offset accepted     nodes=113 term=quiesced      981B
  input 530  stream_bytes accepted     nodes=113 term=quiesced      981B
  input 531  stream_bytes accepted     nodes=113 term=quiesced      981B
  input 532  header      accepted     nodes=113 term=quiesced      981B
  input 533  obj_len     accepted     nodes=113 term=quiesced      982B
  input 534  xref_offset accepted     nodes=113 term=quiesced      979B
  input 535  xref_offset accepted     nodes=113 term=quiesced      979B
  input 536  header      accepted     nodes=113 term=quiesced      981B
  input 537  obj_len     accepted     nodes=113 term=quiesced      981B
  input 538  stream_bytes accepted     nodes=113 term=quiesced      981B
  input 539  stream_bytes accepted     nodes=113 term=quiesced      981B
  input 540  header      accepted     nodes=113 term=quiesced      981B
  input 541  obj_len     accepted     nodes=113 term=quiesced      981B
  input 542  trailer_drop rejected     nodes=122 term=quiesced      840B
  input 543  stream_bytes accepted     nodes=113 term=quiesced      981B
  input 544  filter      accepted     nodes=113 term=quiesced      979B
  input 545  filter      accepted     nodes=113 term=quiesced      985B
  input 546  obj_len     accepted     nodes=113 term=quiesced      990B
  input 547  obj_len     accepted     nodes=113 term=quiesced      981B
  input 548  stream_bytes accepted     nodes=113 term=quiesced      981B
  input 549  trailer_drop rejected     nodes=122 term=quiesced      840B
  input 550  xref_offset accepted     nodes=113 term=quiesced      981B
  input 551  header      accepted     nodes=113 term=quiesced      981B
  input 552  obj_len     accepted     nodes=113 term=quiesced      990B
  input 553  stream_bytes accepted     nodes=113 term=quiesced      981B
  input 554  obj_len     accepted     nodes=113 term=quiesced      982B
  input 555  header      accepted     nodes=113 term=quiesced      981B
  input 556  trailer_drop rejected     nodes=122 term=quiesced      840B
  input 557  stream_bytes accepted     nodes=113 term=quiesced      981B
  input 558  header      accepted     nodes=113 term=quiesced      981B
  input 559  obj_len     accepted     nodes=113 term=quiesced      981B
  input 560  xref_offset accepted     nodes=113 term=quiesced      979B
  input 561  filter      accepted     nodes=113 term=quiesced      979B
  input 562  header      accepted     nodes=113 term=quiesced      981B
  input 563  xref_offset accepted     nodes=113 term=quiesced      982B
  input 564  trailer_drop rejected     nodes=122 term=quiesced      840B
  input 565  trailer_drop rejected     nodes=122 term=quiesced      840B
  input 566  header      accepted     nodes=113 term=quiesced      981B
  input 567  xref_offset accepted     nodes=113 term=quiesced      981B
  input 568  xref_offset accepted     nodes=113 term=quiesced      981B
  input 569  obj_len     accepted     nodes=113 term=quiesced      981B
  input 570  obj_len     accepted     nodes=113 term=quiesced      990B
  input 571  header      accepted     nodes=113 term=quiesced      981B
  input 572  stream_bytes accepted     nodes=113 term=quiesced      981B
  input 573  xref_offset accepted     nodes=113 term=quiesced      982B
  input 574  xref_offset accepted     nodes=113 term=quiesced      982B
  input 575  obj_len     accepted     nodes=113 term=quiesced      982B
  input 576  filter      accepted     nodes=113 term=quiesced      985B
  input 577  xref_offset accepted     nodes=113 term=quiesced      982B
  input 578  xref_offset accepted     nodes=113 term=quiesced      982B
  input 579  header      accepted     nodes=113 term=quiesced      981B
  input 580  trailer_drop rejected     nodes=122 term=quiesced      840B
  input 581  header      accepted     nodes=113 term=quiesced      981B
  input 582  xref_offset accepted     nodes=113 term=quiesced      979B
  input 583  trailer_drop rejected     nodes=122 term=quiesced      840B
  input 584  xref_offset accepted     nodes=113 term=quiesced      982B
  input 585  header      accepted     nodes=113 term=quiesced      981B
  input 586  xref_offset accepted     nodes=113 term=quiesced      980B
  input 587  stream_bytes accepted     nodes=113 term=quiesced      981B
  input 588  filter      accepted     nodes=113 term=quiesced      979B
  input 589  header      accepted     nodes=113 term=quiesced      981B
  input 590  obj_len     accepted     nodes=113 term=quiesced      982B
  input 591  xref_offset accepted     nodes=113 term=quiesced      981B
  input 592  stream_bytes accepted     nodes=113 term=quiesced      981B
  input 593  stream_bytes accepted     nodes=113 term=quiesced      981B
  input 594  stream_bytes accepted     nodes=113 term=quiesced      981B
  input 595  stream_bytes accepted     nodes=113 term=quiesced      981B
  input 596  header      accepted     nodes=113 term=quiesced      981B
  input 597  obj_len     accepted     nodes=113 term=quiesced      982B
  input 598  obj_len     accepted     nodes=113 term=quiesced      982B
  input 599  header      accepted     nodes=113 term=quiesced      981B
  input 600  trailer_drop rejected     nodes=122 term=quiesced      840B
  input 601  obj_len     accepted     nodes=113 term=quiesced      981B
  input 602  xref_offset accepted     nodes=113 term=quiesced      982B
  input 603  filter      accepted     nodes=113 term=quiesced      985B
  input 604  obj_len     accepted     nodes=113 term=quiesced      990B
  input 605  stream_bytes accepted     nodes=113 term=quiesced      981B
  input 606  obj_len     accepted     nodes=113 term=quiesced      981B
  input 607  stream_bytes accepted     nodes=113 term=quiesced      981B
  input 608  xref_offset accepted     nodes=113 term=quiesced      979B
  input 609  header      accepted     nodes=113 term=quiesced      981B
  input 610  filter      accepted     nodes=113 term=quiesced      983B
  input 611  trailer_drop rejected     nodes=122 term=quiesced      840B
  input 612  xref_offset accepted     nodes=113 term=quiesced      979B
  input 613  obj_len     accepted     nodes=113 term=quiesced      981B
  input 614  xref_offset accepted     nodes=113 term=quiesced      981B
  input 615  xref_offset accepted     nodes=113 term=quiesced      980B
  input 616  trailer_drop rejected     nodes=122 term=quiesced      840B
  input 617  obj_len     accepted     nodes=113 term=quiesced      981B
  input 618  filter      accepted     nodes=113 term=quiesced      983B
  input 619  xref_offset accepted     nodes=113 term=quiesced      979B
  input 620  stream_bytes accepted     nodes=113 term=quiesced      981B
  input 621  trailer_drop rejected     nodes=122 term=quiesced      840B
  input 622  obj_len     accepted     nodes=113 term=quiesced      981B
  input 623  trailer_drop rejected     nodes=122 term=quiesced      840B
  input 624  trailer_drop rejected     nodes=122 term=quiesced      840B
  input 625  obj_len     accepted     nodes=113 term=quiesced      981B
  input 626  filter      accepted     nodes=113 term=quiesced      983B
  input 627  obj_len     accepted     nodes=113 term=quiesced      981B
  input 628  filter      accepted     nodes=113 term=quiesced      985B
  input 629  xref_offset accepted     nodes=113 term=quiesced      981B
  input 630  filter      accepted     nodes=113 term=quiesced      983B
  input 631  obj_len     accepted     nodes=113 term=quiesced      981B
  input 632  stream_bytes accepted     nodes=113 term=quiesced      981B
  input 633  obj_len     accepted     nodes=113 term=quiesced      982B
  input 634  trailer_drop rejected     nodes=122 term=quiesced      840B
  input 635  xref_offset accepted     nodes=113 term=quiesced      982B
  input 636  trailer_drop rejected     nodes=122 term=quiesced      840B
  input 637  stream_bytes accepted     nodes=113 term=quiesced      981B
  input 638  xref_offset accepted     nodes=113 term=quiesced      982B
  input 639  obj_len     accepted     nodes=113 term=quiesced      990B
  input 640  xref_offset accepted     nodes=113 term=quiesced      982B
  input 641  stream_bytes accepted     nodes=113 term=quiesced      981B
  input 642  header      accepted     nodes=113 term=quiesced      981B
  input 643  stream_bytes accepted     nodes=113 term=quiesced      981B
  input 644  trailer_drop rejected     nodes=122 term=quiesced      840B
  input 645  xref_offset accepted     nodes=113 term=quiesced      979B
  input 646  trailer_drop rejected     nodes=122 term=quiesced      840B
  input 647  filter      accepted     nodes=113 term=quiesced      983B
  input 648  filter      accepted     nodes=113 term=quiesced      985B
  input 649  obj_len     accepted     nodes=113 term=quiesced      982B
  input 650  trailer_drop rejected     nodes=122 term=quiesced      840B
  input 651  obj_len     accepted     nodes=113 term=quiesced      982B
  input 652  stream_bytes accepted     nodes=113 term=quiesced      981B
  input 653  xref_offset accepted     nodes=113 term=quiesced      982B
  input 654  stream_bytes accepted     nodes=113 term=quiesced      981B
  input 655  filter      accepted     nodes=113 term=quiesced      983B
  input 656  xref_offset accepted     nodes=113 term=quiesced      979B
  input 657  xref_offset accepted     nodes=113 term=quiesced      981B
  input 658  obj_len     accepted     nodes=113 term=quiesced      990B
  input 659  trailer_drop rejected     nodes=122 term=quiesced      840B
  input 660  xref_offset accepted     nodes=113 term=quiesced      982B
  input 661  filter      accepted     nodes=113 term=quiesced      979B
  input 662  xref_offset accepted     nodes=113 term=quiesced      981B
  input 663  trailer_drop rejected     nodes=122 term=quiesced      840B
  input 664  filter      accepted     nodes=113 term=quiesced      983B
  input 665  xref_offset accepted     nodes=113 term=quiesced      982B
  input 666  obj_len     accepted     nodes=113 term=quiesced      990B
  input 667  stream_bytes accepted     nodes=113 term=quiesced      981B
  input 668  filter      accepted     nodes=113 term=quiesced      985B
  input 669  stream_bytes accepted     nodes=113 term=quiesced      981B
  input 670  header      accepted     nodes=113 term=quiesced      981B
  input 671  obj_len     accepted     nodes=113 term=quiesced      981B
  input 672  stream_bytes accepted     nodes=113 term=quiesced      981B
  input 673  filter      accepted     nodes=113 term=quiesced      985B
  input 674  obj_len     accepted     nodes=113 term=quiesced      990B
  input 675  header      accepted     nodes=113 term=quiesced      981B
  input 676  obj_len     accepted     nodes=113 term=quiesced      981B
  input 677  header      accepted     nodes=113 term=quiesced      981B
  input 678  trailer_drop rejected     nodes=122 term=quiesced      840B
  input 679  xref_offset accepted     nodes=113 term=quiesced      982B
  input 680  header      accepted     nodes=113 term=quiesced      981B
  input 681  trailer_drop rejected     nodes=122 term=quiesced      840B
  input 682  xref_offset accepted     nodes=113 term=quiesced      981B
  input 683  obj_len     accepted     nodes=113 term=quiesced      981B
  input 684  trailer_drop rejected     nodes=122 term=quiesced      840B
  input 685  stream_bytes accepted     nodes=113 term=quiesced      981B
  input 686  obj_len     accepted     nodes=113 term=quiesced      990B
  input 687  obj_len     accepted     nodes=113 term=quiesced      981B
  input 688  stream_bytes accepted     nodes=113 term=quiesced      981B
  input 689  stream_bytes accepted     nodes=113 term=quiesced      981B
  input 690  header      accepted     nodes=113 term=quiesced      981B
  input 691  stream_bytes accepted     nodes=113 term=quiesced      981B
  input 692  stream_bytes accepted     nodes=113 term=quiesced      981B
  input 693  filter      accepted     nodes=113 term=quiesced      979B
  input 694  trailer_drop rejected     nodes=122 term=quiesced      840B
  input 695  header      accepted     nodes=113 term=quiesced      981B
  input 696  trailer_drop rejected     nodes=122 term=quiesced      840B
  input 697  header      accepted     nodes=113 term=quiesced      981B
  input 698  filter      accepted     nodes=113 term=quiesced      979B
  input 699  trailer_drop rejected     nodes=122 term=quiesced      840B
  input 700  header      accepted     nodes=113 term=quiesced      981B
  input 701  obj_len     accepted     nodes=113 term=quiesced      982B
  input 702  xref_offset accepted     nodes=113 term=quiesced      981B
  input 703  obj_len     accepted     nodes=113 term=quiesced      982B
  input 704  stream_bytes accepted     nodes=113 term=quiesced      981B
  input 705  xref_offset accepted     nodes=113 term=quiesced      981B
  input 706  header      accepted     nodes=113 term=quiesced      981B
  input 707  obj_len     accepted     nodes=113 term=quiesced      981B
  input 708  filter      accepted     nodes=113 term=quiesced      985B
  input 709  xref_offset accepted     nodes=113 term=quiesced      979B
  input 710  header      accepted     nodes=113 term=quiesced      981B
  input 711  header      accepted     nodes=113 term=quiesced      981B
  input 712  filter      accepted     nodes=113 term=quiesced      985B
  input 713  trailer_drop rejected     nodes=122 term=quiesced      840B
  input 714  filter      accepted     nodes=113 term=quiesced      979B
  input 715  trailer_drop rejected     nodes=122 term=quiesced      840B
  input 716  trailer_drop rejected     nodes=122 term=quiesced      840B
  input 717  filter      accepted     nodes=113 term=quiesced      983B
  input 718  header      accepted     nodes=113 term=quiesced      981B
  input 719  stream_bytes accepted     nodes=113 term=quiesced      981B
  input 720  trailer_drop rejected     nodes=122 term=quiesced      840B
  input 721  trailer_drop rejected     nodes=122 term=quiesced      840B
  input 722  obj_len     accepted     nodes=113 term=quiesced      981B
  input 723  xref_offset accepted     nodes=113 term=quiesced      979B
  input 724  trailer_drop rejected     nodes=122 term=quiesced      840B
  input 725  stream_bytes accepted     nodes=113 term=quiesced      981B
  input 726  xref_offset accepted     nodes=113 term=quiesced      982B
  input 727  xref_offset accepted     nodes=113 term=quiesced      979B
  input 728  stream_bytes accepted     nodes=113 term=quiesced      981B
  input 729  obj_len     accepted     nodes=113 term=quiesced      981B
  input 730  trailer_drop rejected     nodes=122 term=quiesced      840B
  input 731  obj_len     accepted     nodes=113 term=quiesced      990B
  input 732  stream_bytes accepted     nodes=113 term=quiesced      981B
  input 733  filter      accepted     nodes=113 term=quiesced      983B
  input 734  xref_offset accepted     nodes=113 term=quiesced      979B
  input 735  filter      accepted     nodes=113 term=quiesced      979B
  input 736  stream_bytes accepted     nodes=113 term=quiesced      981B
  input 737  header      accepted     nodes=113 term=quiesced      981B
  input 738  header      accepted     nodes=113 term=quiesced      981B
  input 739  header      accepted     nodes=113 term=quiesced      981B
  input 740  stream_bytes accepted     nodes=113 term=quiesced      981B
  input 741  xref_offset accepted     nodes=113 term=quiesced      982B
  input 742  stream_bytes accepted     nodes=113 term=quiesced      981B
  input 743  trailer_drop rejected     nodes=122 term=quiesced      840B
  input 744  header      accepted     nodes=113 term=quiesced      981B
  input 745  xref_offset accepted     nodes=113 term=quiesced      982B
  input 746  stream_bytes accepted     nodes=113 term=quiesced      981B
  input 747  stream_bytes accepted     nodes=113 term=quiesced      981B
  input 748  xref_offset accepted     nodes=113 term=quiesced      982B
  input 749  obj_len     accepted     nodes=113 term=quiesced      981B
  input 750  header      accepted     nodes=113 term=quiesced      981B
  input 751  obj_len     accepted     nodes=113 term=quiesced      990B
  input 752  filter      accepted     nodes=113 term=quiesced      985B
  input 753  trailer_drop rejected     nodes=122 term=quiesced      840B
  input 754  obj_len     accepted     nodes=113 term=quiesced      981B
  input 755  filter      accepted     nodes=113 term=quiesced      985B
  input 756  trailer_drop rejected     nodes=122 term=quiesced      840B
  input 757  filter      accepted     nodes=113 term=quiesced      979B
  input 758  filter      accepted     nodes=113 term=quiesced      985B
  input 759  filter      accepted     nodes=113 term=quiesced      979B
  input 760  xref_offset accepted     nodes=113 term=quiesced      979B
  input 761  header      accepted     nodes=113 term=quiesced      981B
  input 762  xref_offset accepted     nodes=113 term=quiesced      981B
  input 763  trailer_drop rejected     nodes=122 term=quiesced      840B
  input 764  filter      accepted     nodes=113 term=quiesced      983B
  input 765  stream_bytes accepted     nodes=113 term=quiesced      981B
  input 766  filter      accepted     nodes=113 term=quiesced      979B
  input 767  header      accepted     nodes=113 term=quiesced      981B
  input 768  stream_bytes accepted     nodes=113 term=quiesced      981B
  input 769  xref_offset accepted     nodes=113 term=quiesced      979B
  input 770  trailer_drop rejected     nodes=122 term=quiesced      840B
  input 771  filter      accepted     nodes=113 term=quiesced      985B
  input 772  filter      accepted     nodes=113 term=quiesced      979B
  input 773  filter      accepted     nodes=113 term=quiesced      979B
  input 774  filter      accepted     nodes=113 term=quiesced      983B
  input 775  obj_len     accepted     nodes=113 term=quiesced      981B
  input 776  filter      accepted     nodes=113 term=quiesced      985B
  input 777  filter      accepted     nodes=113 term=quiesced      985B
  input 778  stream_bytes accepted     nodes=113 term=quiesced      981B
  input 779  stream_bytes accepted     nodes=113 term=quiesced      981B
  input 780  header      accepted     nodes=113 term=quiesced      981B
  input 781  xref_offset accepted     nodes=113 term=quiesced      981B
  input 782  xref_offset accepted     nodes=113 term=quiesced      979B
  input 783  filter      accepted     nodes=113 term=quiesced      983B
  input 784  stream_bytes accepted     nodes=113 term=quiesced      981B
  input 785  xref_offset accepted     nodes=113 term=quiesced      982B
  input 786  header      accepted     nodes=113 term=quiesced      981B
  input 787  xref_offset accepted     nodes=113 term=quiesced      982B
  input 788  stream_bytes accepted     nodes=113 term=quiesced      981B
  input 789  stream_bytes accepted     nodes=113 term=quiesced      981B
  input 790  header      accepted     nodes=113 term=quiesced      981B
  input 791  stream_bytes accepted     nodes=113 term=quiesced      981B
  input 792  trailer_drop rejected     nodes=122 term=quiesced      840B
  input 793  obj_len     accepted     nodes=113 term=quiesced      990B
  input 794  filter      accepted     nodes=113 term=quiesced      985B
  input 795  obj_len     accepted     nodes=113 term=quiesced      981B
  input 796  trailer_drop rejected     nodes=122 term=quiesced      840B
  input 797  filter      accepted     nodes=113 term=quiesced      983B
  input 798  xref_offset accepted     nodes=113 term=quiesced      979B
  input 799  trailer_drop rejected     nodes=122 term=quiesced      840B
  input 800  filter      accepted     nodes=113 term=quiesced      985B
  input 801  obj_len     accepted     nodes=113 term=quiesced      981B
  input 802  stream_bytes accepted     nodes=113 term=quiesced      981B
  input 803  xref_offset accepted     nodes=113 term=quiesced      982B
  input 804  stream_bytes accepted     nodes=113 term=quiesced      981B
  input 805  filter      accepted     nodes=113 term=quiesced      979B
  input 806  obj_len     accepted     nodes=113 term=quiesced      982B
  input 807  header      accepted     nodes=113 term=quiesced      981B
  input 808  trailer_drop rejected     nodes=122 term=quiesced      840B
  input 809  obj_len     accepted     nodes=113 term=quiesced      981B
  input 810  obj_len     accepted     nodes=113 term=quiesced      982B
  input 811  obj_len     accepted     nodes=113 term=quiesced      981B
  input 812  filter      accepted     nodes=113 term=quiesced      979B
  input 813  stream_bytes accepted     nodes=113 term=quiesced      981B
  input 814  trailer_drop rejected     nodes=122 term=quiesced      840B
  input 815  trailer_drop rejected     nodes=122 term=quiesced      840B
  input 816  stream_bytes accepted     nodes=113 term=quiesced      981B
  input 817  trailer_drop rejected     nodes=122 term=quiesced      840B
  input 818  obj_len     accepted     nodes=113 term=quiesced      981B
  input 819  trailer_drop rejected     nodes=122 term=quiesced      840B
  input 820  header      accepted     nodes=113 term=quiesced      981B
  input 821  xref_offset accepted     nodes=113 term=quiesced      979B
  input 822  xref_offset accepted     nodes=113 term=quiesced      982B
  input 823  xref_offset accepted     nodes=113 term=quiesced      981B
  input 824  obj_len     accepted     nodes=113 term=quiesced      981B
  input 825  stream_bytes accepted     nodes=113 term=quiesced      981B
  input 826  filter      accepted     nodes=113 term=quiesced      979B
  input 827  stream_bytes accepted     nodes=113 term=quiesced      981B
  input 828  obj_len     accepted     nodes=113 term=quiesced      981B
  input 829  obj_len     accepted     nodes=113 term=quiesced      981B
  input 830  filter      accepted     nodes=113 term=quiesced      985B
  input 831  xref_offset accepted     nodes=113 term=quiesced      981B
  input 832  trailer_drop rejected     nodes=122 term=quiesced      840B
  input 833  trailer_drop rejected     nodes=122 term=quiesced      840B
  input 834  filter      accepted     nodes=113 term=quiesced      983B
  input 835  filter      accepted     nodes=113 term=quiesced      985B
  input 836  stream_bytes accepted     nodes=113 term=quiesced      981B
  input 837  trailer_drop rejected     nodes=122 term=quiesced      840B
  input 838  stream_bytes accepted     nodes=113 term=quiesced      981B
  input 839  filter      accepted     nodes=113 term=quiesced      983B
  input 840  xref_offset accepted     nodes=113 term=quiesced      979B
  input 841  header      accepted     nodes=113 term=quiesced      981B
  input 842  filter      accepted     nodes=113 term=quiesced      985B
  input 843  header      accepted     nodes=113 term=quiesced      981B
  input 844  header      accepted     nodes=113 term=quiesced      981B
  input 845  stream_bytes accepted     nodes=113 term=quiesced      981B
  input 846  stream_bytes accepted     nodes=113 term=quiesced      981B
  input 847  obj_len     accepted     nodes=113 term=quiesced      981B
  input 848  obj_len     accepted     nodes=113 term=quiesced      982B
  input 849  header      accepted     nodes=113 term=quiesced      981B
  input 850  stream_bytes accepted     nodes=113 term=quiesced      981B
  input 851  header      accepted     nodes=113 term=quiesced      981B
  input 852  filter      accepted     nodes=113 term=quiesced      983B
  input 853  obj_len     accepted     nodes=113 term=quiesced      981B
  input 854  xref_offset accepted     nodes=113 term=quiesced      979B
  input 855  stream_bytes accepted     nodes=113 term=quiesced      981B
  input 856  obj_len     accepted     nodes=113 term=quiesced      982B
  input 857  header      accepted     nodes=113 term=quiesced      981B
  input 858  trailer_drop rejected     nodes=122 term=quiesced      840B
  input 859  obj_len     accepted     nodes=113 term=quiesced      982B
  input 860  filter      accepted     nodes=113 term=quiesced      985B
  input 861  obj_len     accepted     nodes=113 term=quiesced      982B
  input 862  obj_len     accepted     nodes=113 term=quiesced      990B
  input 863  trailer_drop rejected     nodes=122 term=quiesced      840B
  input 864  filter      accepted     nodes=113 term=quiesced      979B
  input 865  obj_len     accepted     nodes=113 term=quiesced      981B
  input 866  filter      accepted     nodes=113 term=quiesced      985B
  input 867  xref_offset accepted     nodes=113 term=quiesced      981B
  input 868  trailer_drop rejected     nodes=122 term=quiesced      840B
  input 869  stream_bytes accepted     nodes=113 term=quiesced      981B
  input 870  xref_offset accepted     nodes=113 term=quiesced      979B
  input 871  obj_len     accepted     nodes=113 term=quiesced      982B
  input 872  xref_offset accepted     nodes=113 term=quiesced      982B
  input 873  header      accepted     nodes=113 term=quiesced      981B
  input 874  filter      accepted     nodes=113 term=quiesced      983B
  input 875  filter      accepted     nodes=113 term=quiesced      985B
  input 876  stream_bytes accepted     nodes=113 term=quiesced      981B
  input 877  obj_len     accepted     nodes=113 term=quiesced      981B
  input 878  stream_bytes accepted     nodes=113 term=quiesced      981B
  input 879  obj_len     accepted     nodes=113 term=quiesced      981B
  input 880  trailer_drop rejected     nodes=122 term=quiesced      840B
  input 881  stream_bytes accepted     nodes=113 term=quiesced      981B
  input 882  stream_bytes accepted     nodes=113 term=quiesced      981B
  input 883  xref_offset accepted     nodes=113 term=quiesced      979B
  input 884  stream_bytes accepted     nodes=113 term=quiesced      981B
  input 885  obj_len     accepted     nodes=113 term=quiesced      981B
  input 886  xref_offset accepted     nodes=113 term=quiesced      982B
  input 887  xref_offset accepted     nodes=113 term=quiesced      982B
  input 888  obj_len     accepted     nodes=113 term=quiesced      981B
  input 889  obj_len     accepted     nodes=113 term=quiesced      990B
  input 890  filter      accepted     nodes=113 term=quiesced      985B
  input 891  filter      accepted     nodes=113 term=quiesced      979B
  input 892  obj_len     accepted     nodes=113 term=quiesced      981B
  input 893  xref_offset accepted     nodes=113 term=quiesced      981B
  input 894  stream_bytes accepted     nodes=113 term=quiesced      981B
  input 895  stream_bytes accepted     nodes=113 term=quiesced      981B
  input 896  trailer_drop rejected     nodes=122 term=quiesced      840B
  input 897  stream_bytes accepted     nodes=113 term=quiesced      981B
  input 898  stream_bytes accepted     nodes=113 term=quiesced      981B
  input 899  trailer_drop rejected     nodes=122 term=quiesced      840B
  input 900  xref_offset accepted     nodes=113 term=quiesced      982B
  input 901  header      accepted     nodes=113 term=quiesced      981B
  input 902  header      accepted     nodes=113 term=quiesced      981B
  input 903  stream_bytes accepted     nodes=113 term=quiesced      981B
  input 904  filter      accepted     nodes=113 term=quiesced      983B
  input 905  filter      accepted     nodes=113 term=quiesced      979B
  input 906  stream_bytes accepted     nodes=113 term=quiesced      981B
  input 907  header      accepted     nodes=113 term=quiesced      981B
  input 908  stream_bytes accepted     nodes=113 term=quiesced      981B
  input 909  xref_offset accepted     nodes=113 term=quiesced      979B
  input 910  stream_bytes accepted     nodes=113 term=quiesced      981B
  input 911  xref_offset accepted     nodes=113 term=quiesced      979B
  input 912  trailer_drop rejected     nodes=122 term=quiesced      840B
  input 913  header      accepted     nodes=113 term=quiesced      981B
  input 914  trailer_drop rejected     nodes=122 term=quiesced      840B
  input 915  header      accepted     nodes=113 term=quiesced      981B
  input 916  stream_bytes accepted     nodes=113 term=quiesced      981B
  input 917  xref_offset accepted     nodes=113 term=quiesced      982B
  input 918  stream_bytes accepted     nodes=113 term=quiesced      981B
  input 919  stream_bytes accepted     nodes=113 term=quiesced      981B
  input 920  trailer_drop rejected     nodes=122 term=quiesced      840B
  input 921  filter      accepted     nodes=113 term=quiesced      985B
  input 922  filter      accepted     nodes=113 term=quiesced      983B
  input 923  trailer_drop rejected     nodes=122 term=quiesced      840B
  input 924  filter      accepted     nodes=113 term=quiesced      985B
  input 925  stream_bytes accepted     nodes=113 term=quiesced      981B
  input 926  trailer_drop rejected     nodes=122 term=quiesced      840B
  input 927  stream_bytes accepted     nodes=113 term=quiesced      981B
  input 928  obj_len     accepted     nodes=113 term=quiesced      981B
  input 929  filter      accepted     nodes=113 term=quiesced      985B
  input 930  trailer_drop rejected     nodes=122 term=quiesced      840B
  input 931  filter      accepted     nodes=113 term=quiesced      979B
  input 932  header      accepted     nodes=113 term=quiesced      981B
  input 933  obj_len     accepted     nodes=113 term=quiesced      981B
  input 934  filter      accepted     nodes=113 term=quiesced      979B
  input 935  obj_len     accepted     nodes=113 term=quiesced      981B
  input 936  header      accepted     nodes=113 term=quiesced      981B
  input 937  filter      accepted     nodes=113 term=quiesced      983B
  input 938  trailer_drop rejected     nodes=122 term=quiesced      840B
  input 939  header      accepted     nodes=113 term=quiesced      981B
  input 940  header      accepted     nodes=113 term=quiesced      981B
  input 941  obj_len     accepted     nodes=113 term=quiesced      982B
  input 942  filter      accepted     nodes=113 term=quiesced      979B
  input 943  trailer_drop rejected     nodes=122 term=quiesced      840B
  input 944  xref_offset accepted     nodes=113 term=quiesced      981B
  input 945  filter      accepted     nodes=113 term=quiesced      983B
  input 946  header      accepted     nodes=113 term=quiesced      981B
  input 947  xref_offset accepted     nodes=113 term=quiesced      981B
  input 948  obj_len     accepted     nodes=113 term=quiesced      981B
  input 949  filter      accepted     nodes=113 term=quiesced      985B
  input 950  obj_len     accepted     nodes=113 term=quiesced      990B
  input 951  stream_bytes accepted     nodes=113 term=quiesced      981B
  input 952  obj_len     accepted     nodes=113 term=quiesced      981B
  input 953  obj_len     accepted     nodes=113 term=quiesced      981B
  input 954  obj_len     accepted     nodes=113 term=quiesced      990B
  input 955  obj_len     accepted     nodes=113 term=quiesced      981B
  input 956  xref_offset accepted     nodes=113 term=quiesced      979B
  input 957  stream_bytes accepted     nodes=113 term=quiesced      981B
  input 958  header      accepted     nodes=113 term=quiesced      981B
  input 959  trailer_drop rejected     nodes=122 term=quiesced      840B
  input 960  obj_len     accepted     nodes=113 term=quiesced      982B
  input 961  filter      accepted     nodes=113 term=quiesced      983B
  input 962  obj_len     accepted     nodes=113 term=quiesced      981B
  input 963  trailer_drop rejected     nodes=122 term=quiesced      840B
  input 964  stream_bytes accepted     nodes=113 term=quiesced      981B
  input 965  filter      accepted     nodes=113 term=quiesced      985B
  input 966  obj_len     accepted     nodes=113 term=quiesced      981B
  input 967  header      accepted     nodes=113 term=quiesced      981B
  input 968  stream_bytes accepted     nodes=113 term=quiesced      981B
  input 969  trailer_drop rejected     nodes=122 term=quiesced      840B
  input 970  stream_bytes accepted     nodes=113 term=quiesced      981B
  input 971  trailer_drop rejected     nodes=122 term=quiesced      840B
  input 972  header      accepted     nodes=113 term=quiesced      981B
  input 973  header      accepted     nodes=113 term=quiesced      981B
  input 974  stream_bytes accepted     nodes=113 term=quiesced      981B
  input 975  trailer_drop rejected     nodes=122 term=quiesced      840B
  input 976  filter      accepted     nodes=113 term=quiesced      983B
  input 977  filter      accepted     nodes=113 term=quiesced      983B
  input 978  header      accepted     nodes=113 term=quiesced      981B
  input 979  xref_offset accepted     nodes=113 term=quiesced      979B
  input 980  filter      accepted     nodes=113 term=quiesced      979B
  input 981  filter      accepted     nodes=113 term=quiesced      985B
  input 982  stream_bytes accepted     nodes=113 term=quiesced      981B
  input 983  stream_bytes accepted     nodes=113 term=quiesced      981B
  input 984  filter      accepted     nodes=113 term=quiesced      985B
  input 985  filter      accepted     nodes=113 term=quiesced      979B
  input 986  header      accepted     nodes=113 term=quiesced      981B
  input 987  header      accepted     nodes=113 term=quiesced      981B
  input 988  obj_len     accepted     nodes=113 term=quiesced      982B
  input 989  trailer_drop rejected     nodes=122 term=quiesced      840B
  input 990  stream_bytes accepted     nodes=113 term=quiesced      981B
  input 991  trailer_drop rejected     nodes=122 term=quiesced      840B
  input 992  filter      accepted     nodes=113 term=quiesced      983B
  input 993  xref_offset accepted     nodes=113 term=quiesced      979B
  input 994  xref_offset accepted     nodes=113 term=quiesced      981B
  input 995  trailer_drop rejected     nodes=122 term=quiesced      840B
  input 996  xref_offset accepted     nodes=113 term=quiesced      981B
  input 997  stream_bytes accepted     nodes=113 term=quiesced      981B
  input 998  obj_len     accepted     nodes=113 term=quiesced      981B
  input 999  xref_offset accepted     nodes=113 term=quiesced      979B

  1000 inputs (structure-aware): accepted=823, rejected=177
  past the front door: 823/1000 = 82% accepted
  findings: 0   (a refusal is the target working, not a finding)
