Dictionary: 340 entries
INFO: Running with entropic power schedule (0xFF, 100).
INFO: Seed: 3730483049
INFO: Loaded 1 modules   (18073 inline 8-bit counters): 18073 [0xaaaac621c9c0, 0xaaaac6221059), 
INFO: Loaded 1 PC tables (18073 PCs): 18073 [0xaaaac6221060,0xaaaac62679f0), 
INFO:        0 files found in /b/runs/zstd__ZSTD_decompress/corpus
INFO: A corpus is not provided, starting from an empty corpus
#2	INITED cov: 18 ft: 19 corp: 1/1b exec/s: 0 rss: 43Mb
#524288	pulse  cov: 18 ft: 19 corp: 1/1b lim: 5212 exec/s: 174762 rss: 124Mb
#1048576	pulse  cov: 18 ft: 19 corp: 1/1b lim: 10436 exec/s: 209715 rss: 125Mb
#2097152	pulse  cov: 18 ft: 19 corp: 1/1b lim: 20884 exec/s: 190650 rss: 125Mb
#4194304	pulse  cov: 18 ft: 19 corp: 1/1b lim: 41785 exec/s: 190650 rss: 125Mb
#8388608	pulse  cov: 18 ft: 19 corp: 1/1b lim: 65536 exec/s: 195083 rss: 126Mb
#11770227	DONE   cov: 18 ft: 19 corp: 1/1b lim: 65536 exec/s: 192954 rss: 126Mb
Done 11770227 runs in 61 second(s)
stat::number_of_executed_units: 11770227
stat::average_exec_per_sec:     192954
stat::new_units_added:          0
stat::slowest_unit_time_sec:    0
stat::peak_rss_mb:              126
