Dictionary: 100 entries
INFO: Running with entropic power schedule (0xFF, 100).
INFO: Seed: 1973879381
INFO: Loaded 1 modules   (2480 inline 8-bit counters): 2480 [0xaaaada5caed8, 0xaaaada5cb888), 
INFO: Loaded 1 PC tables (2480 PCs): 2480 [0xaaaada5cb888,0xaaaada5d5388), 
INFO:     1233 files found in /b/runs/zlib__zlib_uncompress2_fuzzer/corpus
INFO: seed corpus: files: 1233 min: 1b max: 4074b total: 767924b rss: 44Mb
#1234	INITED cov: 308 ft: 1247 corp: 361/144Kb exec/s: 0 rss: 87Mb
#13305	REDUCE cov: 308 ft: 1247 corp: 361/144Kb lim: 4096 exec/s: 0 rss: 226Mb L: 2075/4074 MS: 1 EraseBytes-
#28996	REDUCE cov: 308 ft: 1247 corp: 361/144Kb lim: 4096 exec/s: 0 rss: 356Mb L: 14/4074 MS: 1 EraseBytes-
#38302	REDUCE cov: 308 ft: 1247 corp: 361/144Kb lim: 4096 exec/s: 38302 rss: 361Mb L: 15/4074 MS: 1 EraseBytes-
#38396	REDUCE cov: 308 ft: 1247 corp: 361/144Kb lim: 4096 exec/s: 38396 rss: 361Mb L: 12/4074 MS: 4 ShuffleBytes-CopyPart-CrossOver-EraseBytes-
#83792	REDUCE cov: 308 ft: 1247 corp: 361/144Kb lim: 4096 exec/s: 41896 rss: 384Mb L: 91/4074 MS: 4 EraseBytes-ChangeBit-ShuffleBytes-InsertByte-
#102914	REDUCE cov: 308 ft: 1247 corp: 361/144Kb lim: 4096 exec/s: 51457 rss: 389Mb L: 13/4074 MS: 1 EraseBytes-
#113121	REDUCE cov: 308 ft: 1247 corp: 361/144Kb lim: 4096 exec/s: 56560 rss: 391Mb L: 1136/4074 MS: 2 ChangeByte-EraseBytes-
#113757	REDUCE cov: 308 ft: 1247 corp: 361/144Kb lim: 4096 exec/s: 56878 rss: 391Mb L: 19/4074 MS: 1 EraseBytes-
#131072	pulse  cov: 308 ft: 1247 corp: 361/144Kb lim: 4096 exec/s: 43690 rss: 393Mb
#135033	REDUCE cov: 308 ft: 1247 corp: 361/144Kb lim: 4096 exec/s: 45011 rss: 394Mb L: 332/4074 MS: 1 EraseBytes-
#136842	REDUCE cov: 308 ft: 1247 corp: 361/144Kb lim: 4096 exec/s: 45614 rss: 394Mb L: 2027/4074 MS: 4 InsertByte-InsertByte-ChangeBit-CrossOver-
#157829	REDUCE cov: 308 ft: 1247 corp: 361/144Kb lim: 4096 exec/s: 52609 rss: 396Mb L: 16/4074 MS: 2 EraseBytes-ChangeByte-
#169475	REDUCE cov: 308 ft: 1247 corp: 361/144Kb lim: 4096 exec/s: 42368 rss: 397Mb L: 12/4074 MS: 1 EraseBytes-
#181546	REDUCE cov: 308 ft: 1247 corp: 361/144Kb lim: 4096 exec/s: 45386 rss: 398Mb L: 2053/4074 MS: 1 EraseBytes-
#182435	REDUCE cov: 308 ft: 1247 corp: 361/144Kb lim: 4096 exec/s: 45608 rss: 398Mb L: 10/4074 MS: 4 ShuffleBytes-ChangeASCIIInt-EraseBytes-ManualDict- DE: " 3_6?"-
#186328	REDUCE cov: 308 ft: 1247 corp: 361/144Kb lim: 4096 exec/s: 46582 rss: 398Mb L: 6/4074 MS: 3 ChangeBinInt-CopyPart-EraseBytes-
#189187	REDUCE cov: 308 ft: 1247 corp: 361/144Kb lim: 4096 exec/s: 47296 rss: 399Mb L: 1009/4074 MS: 4 ShuffleBytes-ChangeBit-ChangeByte-EraseBytes-
#219063	REDUCE cov: 308 ft: 1247 corp: 361/144Kb lim: 4096 exec/s: 43812 rss: 401Mb L: 830/4074 MS: 1 EraseBytes-
#262144	pulse  cov: 308 ft: 1247 corp: 361/144Kb lim: 4096 exec/s: 43690 rss: 403Mb
#273647	REDUCE cov: 308 ft: 1247 corp: 361/144Kb lim: 4096 exec/s: 45607 rss: 403Mb L: 668/4074 MS: 4 ChangeByte-ChangeASCIIInt-ShuffleBytes-EraseBytes-
#273736	REDUCE cov: 308 ft: 1247 corp: 361/144Kb lim: 4096 exec/s: 45622 rss: 403Mb L: 13/4074 MS: 4 ChangeBinInt-ChangeBit-EraseBytes-CrossOver-
#274698	REDUCE cov: 308 ft: 1247 corp: 361/144Kb lim: 4096 exec/s: 45783 rss: 403Mb L: 12/4074 MS: 2 ChangeBinInt-EraseBytes-
#284404	REDUCE cov: 308 ft: 1247 corp: 361/144Kb lim: 4096 exec/s: 47400 rss: 404Mb L: 16/4074 MS: 1 EraseBytes-
#299230	REDUCE cov: 308 ft: 1247 corp: 361/144Kb lim: 4096 exec/s: 42747 rss: 404Mb L: 2369/4074 MS: 1 EraseBytes-
#303146	REDUCE cov: 308 ft: 1247 corp: 361/144Kb lim: 4096 exec/s: 43306 rss: 404Mb L: 196/4074 MS: 1 EraseBytes-
#333189	REDUCE cov: 308 ft: 1247 corp: 361/144Kb lim: 4096 exec/s: 47598 rss: 405Mb L: 47/4074 MS: 2 InsertByte-EraseBytes-
#349935	REDUCE cov: 308 ft: 1247 corp: 361/144Kb lim: 4096 exec/s: 43741 rss: 407Mb L: 10/4074 MS: 1 EraseBytes-
#356214	REDUCE cov: 308 ft: 1247 corp: 361/144Kb lim: 4096 exec/s: 44526 rss: 407Mb L: 13/4074 MS: 2 ChangeByte-EraseBytes-
#365525	REDUCE cov: 308 ft: 1247 corp: 361/144Kb lim: 4096 exec/s: 45690 rss: 407Mb L: 103/4074 MS: 1 EraseBytes-
#368566	REDUCE cov: 308 ft: 1247 corp: 361/144Kb lim: 4096 exec/s: 46070 rss: 407Mb L: 7/4074 MS: 1 EraseBytes-
#385103	REDUCE cov: 308 ft: 1247 corp: 361/144Kb lim: 4096 exec/s: 48137 rss: 407Mb L: 657/4074 MS: 2 ChangeBinInt-EraseBytes-
#391694	REDUCE cov: 308 ft: 1247 corp: 361/143Kb lim: 4096 exec/s: 43521 rss: 407Mb L: 2355/4074 MS: 1 EraseBytes-
#412900	REDUCE cov: 308 ft: 1247 corp: 361/143Kb lim: 4096 exec/s: 45877 rss: 407Mb L: 15/4074 MS: 1 EraseBytes-
#415102	REDUCE cov: 308 ft: 1247 corp: 361/143Kb lim: 4096 exec/s: 46122 rss: 408Mb L: 25/4074 MS: 2 ManualDict-EraseBytes- DE: " : "-
#454433	REDUCE cov: 308 ft: 1247 corp: 361/143Kb lim: 4096 exec/s: 45443 rss: 408Mb L: 7/4074 MS: 1 EraseBytes-
#457089	REDUCE cov: 308 ft: 1247 corp: 361/143Kb lim: 4096 exec/s: 45708 rss: 408Mb L: 15/4074 MS: 1 EraseBytes-
#460525	REDUCE cov: 308 ft: 1247 corp: 361/143Kb lim: 4096 exec/s: 46052 rss: 408Mb L: 489/4074 MS: 1 EraseBytes-
#479506	REDUCE cov: 308 ft: 1247 corp: 361/143Kb lim: 4096 exec/s: 43591 rss: 408Mb L: 67/4074 MS: 1 EraseBytes-
#480692	REDUCE cov: 308 ft: 1247 corp: 361/143Kb lim: 4096 exec/s: 43699 rss: 408Mb L: 105/4074 MS: 1 EraseBytes-
#494735	REDUCE cov: 308 ft: 1247 corp: 361/143Kb lim: 4096 exec/s: 44975 rss: 408Mb L: 102/4074 MS: 3 EraseBytes-ChangeByte-CopyPart-
#508701	REDUCE cov: 308 ft: 1247 corp: 361/143Kb lim: 4096 exec/s: 46245 rss: 408Mb L: 12/4074 MS: 1 EraseBytes-
#524288	pulse  cov: 308 ft: 1247 corp: 361/143Kb lim: 4096 exec/s: 43690 rss: 408Mb
#524777	REDUCE cov: 308 ft: 1247 corp: 361/143Kb lim: 4096 exec/s: 43731 rss: 408Mb L: 403/4074 MS: 1 EraseBytes-
#530479	REDUCE cov: 308 ft: 1247 corp: 361/143Kb lim: 4096 exec/s: 44206 rss: 408Mb L: 901/4074 MS: 2 ChangeBit-EraseBytes-
#537750	REDUCE cov: 308 ft: 1247 corp: 361/143Kb lim: 4096 exec/s: 44812 rss: 408Mb L: 2020/4074 MS: 1 EraseBytes-
#549042	REDUCE cov: 308 ft: 1247 corp: 361/143Kb lim: 4096 exec/s: 45753 rss: 408Mb L: 10/4074 MS: 2 EraseBytes-InsertByte-
#593925	REDUCE cov: 308 ft: 1247 corp: 361/143Kb lim: 4096 exec/s: 45686 rss: 408Mb L: 30/4074 MS: 2 ChangeByte-EraseBytes-
#611182	REDUCE cov: 308 ft: 1247 corp: 361/143Kb lim: 4096 exec/s: 43655 rss: 408Mb L: 66/4074 MS: 2 ChangeBinInt-EraseBytes-
#664418	REDUCE cov: 308 ft: 1247 corp: 361/143Kb lim: 4096 exec/s: 44294 rss: 408Mb L: 11/4074 MS: 1 EraseBytes-
#672869	REDUCE cov: 308 ft: 1247 corp: 361/143Kb lim: 4096 exec/s: 44857 rss: 408Mb L: 148/4074 MS: 1 EraseBytes-
#732485	REDUCE cov: 308 ft: 1247 corp: 361/143Kb lim: 4096 exec/s: 45780 rss: 408Mb L: 2631/4074 MS: 1 EraseBytes-
#732742	REDUCE cov: 308 ft: 1247 corp: 361/143Kb lim: 4096 exec/s: 45796 rss: 408Mb L: 1135/4074 MS: 2 ShuffleBytes-EraseBytes-
#733293	REDUCE cov: 308 ft: 1247 corp: 361/143Kb lim: 4096 exec/s: 45830 rss: 408Mb L: 154/4074 MS: 1 CrossOver-
#756904	REDUCE cov: 308 ft: 1247 corp: 361/143Kb lim: 4096 exec/s: 44523 rss: 408Mb L: 2565/4074 MS: 1 EraseBytes-
#772747	REDUCE cov: 308 ft: 1247 corp: 361/143Kb lim: 4096 exec/s: 45455 rss: 408Mb L: 11/4074 MS: 2 ChangeBit-EraseBytes-
#806831	REDUCE cov: 308 ft: 1247 corp: 361/143Kb lim: 4096 exec/s: 42464 rss: 409Mb L: 1800/4074 MS: 3 ChangeByte-PersAutoDict-EraseBytes- DE: " : "-
#813783	REDUCE cov: 308 ft: 1247 corp: 361/143Kb lim: 4096 exec/s: 42830 rss: 409Mb L: 14/4074 MS: 2 CMP-EraseBytes- DE: "\032\000"-
#824669	REDUCE cov: 308 ft: 1247 corp: 361/143Kb lim: 4096 exec/s: 43403 rss: 409Mb L: 307/4074 MS: 1 EraseBytes-
#850034	REDUCE cov: 308 ft: 1247 corp: 361/143Kb lim: 4096 exec/s: 42501 rss: 409Mb L: 6/4074 MS: 5 PersAutoDict-PersAutoDict-EraseBytes-InsertByte-EraseBytes- DE: " : "-" : "-
#875060	REDUCE cov: 308 ft: 1247 corp: 361/143Kb lim: 4096 exec/s: 43753 rss: 409Mb L: 13/4074 MS: 1 EraseBytes-
#891102	REDUCE cov: 308 ft: 1247 corp: 361/143Kb lim: 4096 exec/s: 44555 rss: 409Mb L: 14/4074 MS: 2 EraseBytes-InsertByte-
#932093	REDUCE cov: 308 ft: 1247 corp: 361/143Kb lim: 4096 exec/s: 44385 rss: 409Mb L: 1429/4074 MS: 1 EraseBytes-
#986505	REDUCE cov: 308 ft: 1247 corp: 361/143Kb lim: 4096 exec/s: 44841 rss: 409Mb L: 682/4074 MS: 2 EraseBytes-CopyPart-
#988161	REDUCE cov: 308 ft: 1247 corp: 361/143Kb lim: 4096 exec/s: 44916 rss: 409Mb L: 5/4074 MS: 1 EraseBytes-
#1014663	REDUCE cov: 308 ft: 1247 corp: 361/143Kb lim: 4096 exec/s: 44115 rss: 409Mb L: 1596/4074 MS: 2 EraseBytes-PersAutoDict- DE: " : "-
#1048576	pulse  cov: 308 ft: 1247 corp: 361/143Kb lim: 4096 exec/s: 43690 rss: 409Mb
#1060514	REDUCE cov: 308 ft: 1247 corp: 361/143Kb lim: 4096 exec/s: 44188 rss: 409Mb L: 495/4074 MS: 1 EraseBytes-
#1110060	REDUCE cov: 308 ft: 1247 corp: 361/143Kb lim: 4096 exec/s: 44402 rss: 409Mb L: 1593/4074 MS: 1 EraseBytes-
#1154386	REDUCE cov: 308 ft: 1247 corp: 361/143Kb lim: 4096 exec/s: 44399 rss: 409Mb L: 2015/4074 MS: 1 EraseBytes-
#1179144	REDUCE cov: 308 ft: 1247 corp: 361/143Kb lim: 4096 exec/s: 45351 rss: 409Mb L: 652/4074 MS: 3 ChangeByte-CopyPart-EraseBytes-
#1180265	REDUCE cov: 308 ft: 1247 corp: 361/143Kb lim: 4096 exec/s: 45394 rss: 409Mb L: 1757/4074 MS: 1 EraseBytes-
#1181361	REDUCE cov: 308 ft: 1247 corp: 361/143Kb lim: 4096 exec/s: 45436 rss: 409Mb L: 12/4074 MS: 1 EraseBytes-
#1182523	REDUCE cov: 308 ft: 1247 corp: 361/143Kb lim: 4096 exec/s: 45481 rss: 409Mb L: 651/4074 MS: 2 InsertByte-EraseBytes-
#1203939	REDUCE cov: 308 ft: 1247 corp: 361/143Kb lim: 4096 exec/s: 44590 rss: 409Mb L: 660/4074 MS: 1 EraseBytes-
#1242206	REDUCE cov: 308 ft: 1247 corp: 361/143Kb lim: 4096 exec/s: 44364 rss: 409Mb L: 1942/4074 MS: 1 EraseBytes-
#1280174	REDUCE cov: 308 ft: 1247 corp: 361/143Kb lim: 4096 exec/s: 45720 rss: 409Mb L: 634/4074 MS: 2 ChangeBit-EraseBytes-
#1295430	REDUCE cov: 308 ft: 1247 corp: 361/143Kb lim: 4096 exec/s: 44670 rss: 409Mb L: 236/4074 MS: 1 EraseBytes-
#1366948	REDUCE cov: 308 ft: 1247 corp: 361/143Kb lim: 4096 exec/s: 45564 rss: 409Mb L: 46/4074 MS: 3 EraseBytes-CopyPart-CopyPart-
#1395954	REDUCE cov: 308 ft: 1247 corp: 361/143Kb lim: 4096 exec/s: 45030 rss: 409Mb L: 44/4074 MS: 1 EraseBytes-
#1410620	REDUCE cov: 308 ft: 1247 corp: 361/143Kb lim: 4096 exec/s: 45503 rss: 409Mb L: 47/4074 MS: 1 EraseBytes-
#1448772	REDUCE cov: 308 ft: 1247 corp: 361/143Kb lim: 4096 exec/s: 45274 rss: 409Mb L: 29/4074 MS: 1 EraseBytes-
#1480253	REDUCE cov: 308 ft: 1247 corp: 361/143Kb lim: 4096 exec/s: 46257 rss: 409Mb L: 2043/4074 MS: 1 EraseBytes-
#1532989	REDUCE cov: 308 ft: 1247 corp: 361/143Kb lim: 4096 exec/s: 46454 rss: 409Mb L: 475/4074 MS: 1 EraseBytes-
#1547876	REDUCE cov: 308 ft: 1247 corp: 361/143Kb lim: 4096 exec/s: 45525 rss: 409Mb L: 11/4074 MS: 2 ChangeByte-EraseBytes-
#1555457	REDUCE cov: 308 ft: 1247 corp: 361/143Kb lim: 4096 exec/s: 45748 rss: 409Mb L: 101/4074 MS: 1 EraseBytes-
#1566078	REDUCE cov: 308 ft: 1247 corp: 361/143Kb lim: 4096 exec/s: 46061 rss: 409Mb L: 1996/4074 MS: 1 EraseBytes-
#1589449	REDUCE cov: 308 ft: 1247 corp: 361/143Kb lim: 4096 exec/s: 45412 rss: 409Mb L: 120/4074 MS: 1 EraseBytes-
#1609770	REDUCE cov: 308 ft: 1247 corp: 361/143Kb lim: 4096 exec/s: 45993 rss: 410Mb L: 2350/4074 MS: 1 EraseBytes-
#1651852	REDUCE cov: 308 ft: 1247 corp: 361/143Kb lim: 4096 exec/s: 45884 rss: 410Mb L: 1993/4074 MS: 2 InsertByte-EraseBytes-
#1655444	REDUCE cov: 308 ft: 1247 corp: 361/143Kb lim: 4096 exec/s: 45984 rss: 410Mb L: 86/4074 MS: 2 ShuffleBytes-EraseBytes-
#1661215	REDUCE cov: 308 ft: 1247 corp: 361/143Kb lim: 4096 exec/s: 46144 rss: 410Mb L: 302/4074 MS: 1 EraseBytes-
#1663332	REDUCE cov: 308 ft: 1247 corp: 361/143Kb lim: 4096 exec/s: 46203 rss: 410Mb L: 2167/4074 MS: 2 ChangeBinInt-EraseBytes-
#1683249	REDUCE cov: 308 ft: 1247 corp: 361/143Kb lim: 4096 exec/s: 46756 rss: 410Mb L: 9/4074 MS: 2 ChangeBit-EraseBytes-
#1717811	REDUCE cov: 308 ft: 1247 corp: 361/143Kb lim: 4096 exec/s: 46427 rss: 410Mb L: 1803/4074 MS: 2 InsertByte-EraseBytes-
#1820987	REDUCE cov: 308 ft: 1247 corp: 361/143Kb lim: 4096 exec/s: 46691 rss: 410Mb L: 641/4074 MS: 1 EraseBytes-
#1839982	REDUCE cov: 308 ft: 1247 corp: 361/143Kb lim: 4096 exec/s: 45999 rss: 410Mb L: 104/4074 MS: 5 EraseBytes-ChangeBinInt-CopyPart-EraseBytes-InsertByte-
#1857918	REDUCE cov: 308 ft: 1247 corp: 361/143Kb lim: 4096 exec/s: 46447 rss: 410Mb L: 246/4074 MS: 1 EraseBytes-
#1867815	REDUCE cov: 308 ft: 1247 corp: 361/143Kb lim: 4096 exec/s: 46695 rss: 410Mb L: 473/4074 MS: 2 EraseBytes-InsertByte-
#1891881	REDUCE cov: 308 ft: 1247 corp: 361/143Kb lim: 4096 exec/s: 46143 rss: 410Mb L: 623/4074 MS: 1 EraseBytes-
#1895897	REDUCE cov: 308 ft: 1247 corp: 361/143Kb lim: 4096 exec/s: 46241 rss: 410Mb L: 1783/4074 MS: 1 EraseBytes-
#1927613	REDUCE cov: 308 ft: 1247 corp: 361/143Kb lim: 4096 exec/s: 47014 rss: 410Mb L: 345/4074 MS: 1 EraseBytes-
#1934610	REDUCE cov: 308 ft: 1247 corp: 361/143Kb lim: 4096 exec/s: 47185 rss: 410Mb L: 479/4074 MS: 2 ChangeBinInt-EraseBytes-
#1999111	REDUCE cov: 308 ft: 1247 corp: 361/143Kb lim: 4096 exec/s: 46490 rss: 410Mb L: 11/4074 MS: 1 EraseBytes-
#2024754	REDUCE cov: 308 ft: 1247 corp: 361/143Kb lim: 4096 exec/s: 47087 rss: 410Mb L: 821/4074 MS: 3 InsertRepeatedBytes-ChangeByte-EraseBytes-
#2026576	REDUCE cov: 308 ft: 1247 corp: 361/143Kb lim: 4096 exec/s: 47129 rss: 410Mb L: 214/4074 MS: 2 ChangeBinInt-EraseBytes-
#2059202	REDUCE cov: 308 ft: 1247 corp: 361/143Kb lim: 4096 exec/s: 46800 rss: 410Mb L: 1758/4074 MS: 1 EraseBytes-
#2079368	REDUCE cov: 308 ft: 1247 corp: 361/143Kb lim: 4096 exec/s: 47258 rss: 410Mb L: 1917/4074 MS: 1 EraseBytes-
#2083626	REDUCE cov: 308 ft: 1247 corp: 361/143Kb lim: 4096 exec/s: 47355 rss: 410Mb L: 85/4074 MS: 3 ChangeByte-CopyPart-EraseBytes-
#2097152	pulse  cov: 308 ft: 1247 corp: 361/143Kb lim: 4096 exec/s: 46603 rss: 410Mb
#2107132	REDUCE cov: 308 ft: 1247 corp: 361/143Kb lim: 4096 exec/s: 46825 rss: 410Mb L: 1130/4074 MS: 1 EraseBytes-
#2168368	REDUCE cov: 308 ft: 1247 corp: 361/143Kb lim: 4096 exec/s: 47138 rss: 410Mb L: 922/4074 MS: 1 EraseBytes-
#2176269	REDUCE cov: 308 ft: 1247 corp: 361/143Kb lim: 4096 exec/s: 47310 rss: 410Mb L: 112/4074 MS: 1 EraseBytes-
#2190125	REDUCE cov: 308 ft: 1247 corp: 361/143Kb lim: 4096 exec/s: 47611 rss: 410Mb L: 297/4074 MS: 1 EraseBytes-
#2217338	REDUCE cov: 308 ft: 1247 corp: 361/143Kb lim: 4096 exec/s: 47177 rss: 410Mb L: 1866/4074 MS: 3 ShuffleBytes-InsertByte-EraseBytes-
#2264405	REDUCE cov: 308 ft: 1247 corp: 361/143Kb lim: 4096 exec/s: 47175 rss: 410Mb L: 1979/4074 MS: 2 EraseBytes-InsertRepeatedBytes-
#2305334	REDUCE cov: 308 ft: 1247 corp: 361/143Kb lim: 4096 exec/s: 47047 rss: 410Mb L: 1947/4074 MS: 4 EraseBytes-ManualDict-CrossOver-CopyPart- DE: "need lookahead"-
#2308010	REDUCE cov: 308 ft: 1247 corp: 361/143Kb lim: 4096 exec/s: 47102 rss: 410Mb L: 83/4074 MS: 1 EraseBytes-
#2326727	REDUCE cov: 308 ft: 1247 corp: 361/143Kb lim: 4096 exec/s: 47484 rss: 410Mb L: 1920/4074 MS: 2 ChangeByte-EraseBytes-
#2328614	REDUCE cov: 308 ft: 1247 corp: 361/143Kb lim: 4096 exec/s: 47522 rss: 410Mb L: 27/4074 MS: 1 EraseBytes-
#2333140	REDUCE cov: 308 ft: 1247 corp: 361/143Kb lim: 4096 exec/s: 47615 rss: 410Mb L: 41/4074 MS: 1 EraseBytes-
#2346946	REDUCE cov: 308 ft: 1247 corp: 361/143Kb lim: 4096 exec/s: 46938 rss: 410Mb L: 42/4074 MS: 1 EraseBytes-
#2359038	REDUCE cov: 308 ft: 1247 corp: 361/143Kb lim: 4096 exec/s: 47180 rss: 410Mb L: 1978/4074 MS: 2 ShuffleBytes-EraseBytes-
#2370554	REDUCE cov: 308 ft: 1247 corp: 361/143Kb lim: 4096 exec/s: 47411 rss: 410Mb L: 921/4074 MS: 1 EraseBytes-
#2373610	REDUCE cov: 308 ft: 1247 corp: 361/143Kb lim: 4096 exec/s: 47472 rss: 410Mb L: 2045/4074 MS: 1 CrossOver-
#2383516	REDUCE cov: 308 ft: 1247 corp: 361/143Kb lim: 4096 exec/s: 47670 rss: 410Mb L: 28/4074 MS: 1 EraseBytes-
#2421933	REDUCE cov: 308 ft: 1247 corp: 361/143Kb lim: 4096 exec/s: 47488 rss: 410Mb L: 478/4074 MS: 2 EraseBytes-ChangeBit-
#2425389	REDUCE cov: 308 ft: 1247 corp: 361/143Kb lim: 4096 exec/s: 47556 rss: 410Mb L: 79/4074 MS: 1 EraseBytes-
#2488415	REDUCE cov: 308 ft: 1247 corp: 361/143Kb lim: 4096 exec/s: 47854 rss: 410Mb L: 924/4074 MS: 1 EraseBytes-
#2495447	REDUCE cov: 308 ft: 1247 corp: 361/143Kb lim: 4096 exec/s: 47989 rss: 410Mb L: 72/4074 MS: 2 ChangeBit-EraseBytes-
#2505714	REDUCE cov: 308 ft: 1247 corp: 361/143Kb lim: 4096 exec/s: 47277 rss: 410Mb L: 9/4074 MS: 2 EraseBytes-PersAutoDict- DE: "\032\000"-
#2521325	REDUCE cov: 308 ft: 1247 corp: 361/143Kb lim: 4096 exec/s: 47572 rss: 410Mb L: 1740/4074 MS: 1 EraseBytes-
#2550467	REDUCE cov: 308 ft: 1247 corp: 361/143Kb lim: 4096 exec/s: 47230 rss: 410Mb L: 1868/4074 MS: 2 ChangeByte-EraseBytes-
#2573970	REDUCE cov: 308 ft: 1247 corp: 361/143Kb lim: 4096 exec/s: 47666 rss: 410Mb L: 1971/4074 MS: 3 PersAutoDict-PersAutoDict-EraseBytes- DE: "need lookahead"-"\032\000"-
#2617706	REDUCE cov: 308 ft: 1247 corp: 361/143Kb lim: 4096 exec/s: 47594 rss: 410Mb L: 553/4074 MS: 1 EraseBytes-
#2630268	REDUCE cov: 308 ft: 1247 corp: 361/143Kb lim: 4096 exec/s: 47823 rss: 410Mb L: 244/4074 MS: 2 ChangeBit-EraseBytes-
#2733894	REDUCE cov: 308 ft: 1247 corp: 361/143Kb lim: 4096 exec/s: 47963 rss: 410Mb L: 618/4074 MS: 1 EraseBytes-
#2750106	REDUCE cov: 308 ft: 1247 corp: 361/143Kb lim: 4096 exec/s: 48247 rss: 410Mb L: 1948/4074 MS: 2 InsertByte-EraseBytes-
#2756412	REDUCE cov: 308 ft: 1247 corp: 361/143Kb lim: 4096 exec/s: 47524 rss: 410Mb L: 28/4074 MS: 1 EraseBytes-
#2762993	REDUCE cov: 308 ft: 1247 corp: 361/143Kb lim: 4096 exec/s: 47637 rss: 410Mb L: 2159/4074 MS: 1 EraseBytes-
#2858275	REDUCE cov: 308 ft: 1247 corp: 361/143Kb lim: 4096 exec/s: 47637 rss: 410Mb L: 1843/4074 MS: 2 ChangeASCIIInt-EraseBytes-
#2875621	REDUCE cov: 308 ft: 1247 corp: 361/143Kb lim: 4096 exec/s: 47927 rss: 410Mb L: 2085/4074 MS: 1 EraseBytes-
#2883150	REDUCE cov: 308 ft: 1247 corp: 361/143Kb lim: 4096 exec/s: 48052 rss: 410Mb L: 17/4074 MS: 4 ShuffleBytes-ShuffleBytes-EraseBytes-PersAutoDict- DE: "\032\000"-
#2972452	REDUCE cov: 308 ft: 1247 corp: 361/143Kb lim: 4096 exec/s: 47942 rss: 410Mb L: 11/4074 MS: 2 ChangeBinInt-EraseBytes-
#3022138	REDUCE cov: 308 ft: 1247 corp: 361/143Kb lim: 4096 exec/s: 47970 rss: 410Mb L: 654/4074 MS: 1 EraseBytes-
#3026564	REDUCE cov: 308 ft: 1247 corp: 361/143Kb lim: 4096 exec/s: 48040 rss: 410Mb L: 27/4074 MS: 1 EraseBytes-
#3033535	REDUCE cov: 308 ft: 1247 corp: 361/143Kb lim: 4096 exec/s: 48151 rss: 410Mb L: 1918/4074 MS: 1 EraseBytes-
#3034176	REDUCE cov: 308 ft: 1247 corp: 361/143Kb lim: 4096 exec/s: 48161 rss: 410Mb L: 534/4074 MS: 1 EraseBytes-
#3064751	REDUCE cov: 308 ft: 1247 corp: 361/143Kb lim: 4096 exec/s: 47886 rss: 410Mb L: 1916/4074 MS: 5 InsertByte-ShuffleBytes-ChangeBit-PersAutoDict-EraseBytes- DE: "\032\000"-
#3099750	REDUCE cov: 308 ft: 1247 corp: 361/143Kb lim: 4096 exec/s: 48433 rss: 410Mb L: 1962/4074 MS: 4 EraseBytes-ManualDict-ChangeBit-InsertRepeatedBytes- DE: "   {"-
#3114029	REDUCE cov: 308 ft: 1247 corp: 361/143Kb lim: 4096 exec/s: 47908 rss: 410Mb L: 10/4074 MS: 3 ChangeBinInt-ChangeBinInt-EraseBytes-
#3116273	REDUCE cov: 308 ft: 1247 corp: 361/143Kb lim: 4096 exec/s: 47942 rss: 410Mb L: 13/4074 MS: 4 EraseBytes-CopyPart-EraseBytes-ManualDict- DE: " 3_6?"-
#3185274	REDUCE cov: 308 ft: 1247 corp: 361/143Kb lim: 4096 exec/s: 48261 rss: 410Mb L: 1914/4074 MS: 1 EraseBytes-
#3301530	REDUCE cov: 308 ft: 1247 corp: 361/143Kb lim: 4096 exec/s: 48551 rss: 410Mb L: 103/4074 MS: 1 EraseBytes-
#3304186	REDUCE cov: 308 ft: 1247 corp: 361/143Kb lim: 4096 exec/s: 48590 rss: 410Mb L: 339/4074 MS: 1 EraseBytes-
#3363192	REDUCE cov: 308 ft: 1247 corp: 361/143Kb lim: 4096 exec/s: 48741 rss: 410Mb L: 148/4074 MS: 1 EraseBytes-
#3445498	REDUCE cov: 308 ft: 1247 corp: 361/143Kb lim: 4096 exec/s: 48528 rss: 410Mb L: 1899/4074 MS: 1 EraseBytes-
#3452364	REDUCE cov: 308 ft: 1247 corp: 361/143Kb lim: 4096 exec/s: 48624 rss: 410Mb L: 2033/4074 MS: 1 EraseBytes-
#3488960	REDUCE cov: 308 ft: 1247 corp: 361/143Kb lim: 4096 exec/s: 48457 rss: 410Mb L: 830/4074 MS: 1 EraseBytes-
#3515131	REDUCE cov: 308 ft: 1247 corp: 361/143Kb lim: 4096 exec/s: 48821 rss: 411Mb L: 100/4074 MS: 1 EraseBytes-
#3515591	REDUCE cov: 308 ft: 1247 corp: 361/143Kb lim: 4096 exec/s: 48827 rss: 411Mb L: 235/4074 MS: 5 CopyPart-EraseBytes-ChangeBinInt-EraseBytes-PersAutoDict- DE: "   {"-
#3533562	REDUCE cov: 308 ft: 1247 corp: 361/143Kb lim: 4096 exec/s: 48404 rss: 411Mb L: 1855/4074 MS: 1 EraseBytes-
#3553473	REDUCE cov: 308 ft: 1247 corp: 361/143Kb lim: 4096 exec/s: 48677 rss: 411Mb L: 2516/4074 MS: 1 EraseBytes-
#3566459	REDUCE cov: 308 ft: 1247 corp: 361/143Kb lim: 4096 exec/s: 48855 rss: 411Mb L: 1961/4074 MS: 1 EraseBytes-
#3588470	REDUCE cov: 308 ft: 1247 corp: 361/143Kb lim: 4096 exec/s: 48492 rss: 411Mb L: 43/4074 MS: 1 EraseBytes-
#3593961	REDUCE cov: 308 ft: 1247 corp: 361/143Kb lim: 4096 exec/s: 48567 rss: 411Mb L: 97/4074 MS: 1 EraseBytes-
#3676197	REDUCE cov: 308 ft: 1247 corp: 361/143Kb lim: 4096 exec/s: 48371 rss: 411Mb L: 406/4074 MS: 1 EraseBytes-
#3731684	REDUCE cov: 308 ft: 1247 corp: 361/143Kb lim: 4096 exec/s: 48463 rss: 411Mb L: 70/4074 MS: 2 ChangeBit-EraseBytes-
#3742825	REDUCE cov: 308 ft: 1247 corp: 361/143Kb lim: 4096 exec/s: 48608 rss: 411Mb L: 633/4074 MS: 1 EraseBytes-
#3781536	REDUCE cov: 308 ft: 1247 corp: 361/143Kb lim: 4096 exec/s: 48481 rss: 411Mb L: 102/4074 MS: 1 EraseBytes-
#3788923	REDUCE cov: 308 ft: 1247 corp: 361/143Kb lim: 4096 exec/s: 48575 rss: 411Mb L: 1882/4074 MS: 2 EraseBytes-CopyPart-
#3846069	REDUCE cov: 308 ft: 1247 corp: 361/143Kb lim: 4096 exec/s: 48684 rss: 411Mb L: 458/4074 MS: 1 EraseBytes-
#3948041	REDUCE cov: 308 ft: 1247 corp: 361/143Kb lim: 4096 exec/s: 48741 rss: 411Mb L: 614/4074 MS: 2 EraseBytes-InsertRepeatedBytes-
#4106502	REDUCE cov: 308 ft: 1247 corp: 361/143Kb lim: 4096 exec/s: 48311 rss: 411Mb L: 233/4074 MS: 1 EraseBytes-
#4107139	REDUCE cov: 308 ft: 1247 corp: 361/143Kb lim: 4096 exec/s: 48319 rss: 411Mb L: 466/4074 MS: 2 ChangeByte-EraseBytes-
#4154757	REDUCE cov: 308 ft: 1247 corp: 361/143Kb lim: 4096 exec/s: 48311 rss: 411Mb L: 401/4074 MS: 3 CopyPart-InsertByte-EraseBytes-
#4157008	REDUCE cov: 308 ft: 1247 corp: 361/143Kb lim: 4096 exec/s: 48337 rss: 411Mb L: 291/4074 MS: 1 EraseBytes-
#4194304	pulse  cov: 308 ft: 1247 corp: 361/143Kb lim: 4096 exec/s: 48210 rss: 411Mb
#4209000	REDUCE cov: 308 ft: 1247 corp: 361/143Kb lim: 4096 exec/s: 48379 rss: 411Mb L: 1849/4074 MS: 2 EraseBytes-ManualDict- DE: "invalid literal/length code"-
#4233601	REDUCE cov: 308 ft: 1247 corp: 361/143Kb lim: 4096 exec/s: 48662 rss: 411Mb L: 128/4074 MS: 1 EraseBytes-
#4259372	REDUCE cov: 308 ft: 1247 corp: 361/143Kb lim: 4096 exec/s: 48401 rss: 411Mb L: 1841/4074 MS: 1 EraseBytes-
#4281194	REDUCE cov: 308 ft: 1247 corp: 361/143Kb lim: 4096 exec/s: 48649 rss: 411Mb L: 277/4074 MS: 2 ManualDict-EraseBytes- DE: "+r"-
#4343090	REDUCE cov: 308 ft: 1247 corp: 361/143Kb lim: 4096 exec/s: 48798 rss: 411Mb L: 1734/4074 MS: 1 EraseBytes-
#4372056	REDUCE cov: 308 ft: 1247 corp: 361/142Kb lim: 4096 exec/s: 48578 rss: 411Mb L: 604/4074 MS: 1 EraseBytes-
#4480857	REDUCE cov: 308 ft: 1247 corp: 361/142Kb lim: 4096 exec/s: 48704 rss: 411Mb L: 1125/4074 MS: 1 EraseBytes-
#4536988	REDUCE cov: 308 ft: 1247 corp: 361/142Kb lim: 4096 exec/s: 48784 rss: 411Mb L: 1632/4074 MS: 1 EraseBytes-
#4575460	REDUCE cov: 308 ft: 1247 corp: 361/142Kb lim: 4096 exec/s: 48675 rss: 411Mb L: 2143/4074 MS: 2 ShuffleBytes-EraseBytes-
#4605126	REDUCE cov: 308 ft: 1247 corp: 361/142Kb lim: 4096 exec/s: 48475 rss: 411Mb L: 2029/4074 MS: 1 EraseBytes-
#4605992	REDUCE cov: 308 ft: 1247 corp: 361/142Kb lim: 4096 exec/s: 48484 rss: 411Mb L: 1998/4074 MS: 1 EraseBytes-
#4616498	REDUCE cov: 308 ft: 1247 corp: 361/142Kb lim: 4096 exec/s: 48594 rss: 411Mb L: 60/4074 MS: 1 EraseBytes-
#4639469	REDUCE cov: 308 ft: 1247 corp: 361/142Kb lim: 4096 exec/s: 48836 rss: 411Mb L: 26/4074 MS: 1 EraseBytes-
#4720701	REDUCE cov: 308 ft: 1247 corp: 361/142Kb lim: 4096 exec/s: 48667 rss: 411Mb L: 21/4074 MS: 2 EraseBytes-ChangeBinInt-
#4725442	REDUCE cov: 308 ft: 1247 corp: 361/142Kb lim: 4096 exec/s: 48715 rss: 411Mb L: 228/4074 MS: 1 EraseBytes-
#4780615	REDUCE cov: 308 ft: 1247 corp: 361/142Kb lim: 4096 exec/s: 48781 rss: 411Mb L: 453/4074 MS: 3 ShuffleBytes-ChangeBit-EraseBytes-
#4792562	REDUCE cov: 308 ft: 1247 corp: 361/142Kb lim: 4096 exec/s: 48903 rss: 411Mb L: 817/4074 MS: 2 ChangeASCIIInt-EraseBytes-
#4868493	REDUCE cov: 308 ft: 1247 corp: 361/142Kb lim: 4096 exec/s: 48684 rss: 411Mb L: 269/4074 MS: 1 EraseBytes-
#4888706	REDUCE cov: 308 ft: 1247 corp: 361/142Kb lim: 4096 exec/s: 48887 rss: 411Mb L: 385/4074 MS: 3 ChangeByte-ChangeBit-EraseBytes-
#4939652	REDUCE cov: 308 ft: 1247 corp: 361/142Kb lim: 4096 exec/s: 48907 rss: 411Mb L: 464/4074 MS: 1 EraseBytes-
#4975325	REDUCE cov: 308 ft: 1247 corp: 361/142Kb lim: 4096 exec/s: 48777 rss: 411Mb L: 1426/4074 MS: 3 ChangeByte-ChangeBit-EraseBytes-
#4986697	REDUCE cov: 308 ft: 1247 corp: 361/142Kb lim: 4096 exec/s: 48889 rss: 411Mb L: 14/4074 MS: 2 ShuffleBytes-EraseBytes-
#4995388	REDUCE cov: 308 ft: 1247 corp: 361/142Kb lim: 4096 exec/s: 48498 rss: 411Mb L: 462/4074 MS: 1 EraseBytes-
#5065691	REDUCE cov: 308 ft: 1247 corp: 361/142Kb lim: 4096 exec/s: 48708 rss: 411Mb L: 1839/4074 MS: 3 ChangeBinInt-ShuffleBytes-EraseBytes-
#5096467	REDUCE cov: 308 ft: 1247 corp: 361/142Kb lim: 4096 exec/s: 48537 rss: 411Mb L: 369/4074 MS: 1 EraseBytes-
#5199943	REDUCE cov: 308 ft: 1247 corp: 361/142Kb lim: 4096 exec/s: 48597 rss: 411Mb L: 2798/4074 MS: 1 EraseBytes-
#5213995	REDUCE cov: 308 ft: 1247 corp: 361/142Kb lim: 4096 exec/s: 48728 rss: 411Mb L: 68/4074 MS: 2 ChangeBinInt-EraseBytes-
#5238821	REDUCE cov: 308 ft: 1247 corp: 361/142Kb lim: 4096 exec/s: 48507 rss: 411Mb L: 101/4074 MS: 1 EraseBytes-
#5255947	REDUCE cov: 308 ft: 1247 corp: 361/142Kb lim: 4096 exec/s: 48666 rss: 411Mb L: 1821/4074 MS: 1 EraseBytes-
#5278943	REDUCE cov: 308 ft: 1247 corp: 361/142Kb lim: 4096 exec/s: 48879 rss: 411Mb L: 265/4074 MS: 1 EraseBytes-
#5333604	REDUCE cov: 308 ft: 1247 corp: 361/142Kb lim: 4096 exec/s: 48932 rss: 411Mb L: 459/4074 MS: 1 EraseBytes-
#5396868	REDUCE cov: 308 ft: 1247 corp: 361/142Kb lim: 4096 exec/s: 48620 rss: 411Mb L: 1648/4074 MS: 4 ShuffleBytes-ChangeASCIIInt-ChangeASCIIInt-EraseBytes-
#5405079	REDUCE cov: 308 ft: 1247 corp: 361/142Kb lim: 4096 exec/s: 48694 rss: 411Mb L: 291/4074 MS: 1 EraseBytes-
#5435262	REDUCE cov: 308 ft: 1247 corp: 361/142Kb lim: 4096 exec/s: 48966 rss: 411Mb L: 1839/4074 MS: 3 ShuffleBytes-ShuffleBytes-EraseBytes-
#5436293	REDUCE cov: 308 ft: 1247 corp: 361/142Kb lim: 4096 exec/s: 48975 rss: 411Mb L: 815/4074 MS: 1 EraseBytes-
#5522864	REDUCE cov: 308 ft: 1247 corp: 361/142Kb lim: 4096 exec/s: 48874 rss: 411Mb L: 2025/4074 MS: 1 EraseBytes-
#5538552	REDUCE cov: 308 ft: 1247 corp: 361/142Kb lim: 4096 exec/s: 48583 rss: 411Mb L: 99/4074 MS: 3 PersAutoDict-ChangeBinInt-EraseBytes- DE: "   {"-
#5583160	REDUCE cov: 308 ft: 1247 corp: 361/142Kb lim: 4096 exec/s: 48975 rss: 411Mb L: 2159/4074 MS: 3 ChangeASCIIInt-ManualDict-EraseBytes- DE: "data error"-
#5641926	REDUCE cov: 308 ft: 1247 corp: 361/142Kb lim: 4096 exec/s: 48637 rss: 411Mb L: 1414/4074 MS: 1 EraseBytes-
#5664279	REDUCE cov: 308 ft: 1247 corp: 361/142Kb lim: 4096 exec/s: 48829 rss: 411Mb L: 15/4074 MS: 3 ChangeByte-EraseBytes-ChangeBit-
#5724257	REDUCE cov: 308 ft: 1247 corp: 361/142Kb lim: 4096 exec/s: 48925 rss: 411Mb L: 48/4074 MS: 3 CopyPart-EraseBytes-EraseBytes-
#5756988	REDUCE cov: 308 ft: 1247 corp: 361/142Kb lim: 4096 exec/s: 48788 rss: 411Mb L: 47/4074 MS: 1 EraseBytes-
#5767174	REDUCE cov: 308 ft: 1247 corp: 361/142Kb lim: 4096 exec/s: 48874 rss: 411Mb L: 339/4074 MS: 1 EraseBytes-
#5802501	REDUCE cov: 308 ft: 1247 corp: 361/142Kb lim: 4096 exec/s: 48760 rss: 411Mb L: 45/4074 MS: 1 EraseBytes-
#5841807	REDUCE cov: 308 ft: 1247 corp: 361/142Kb lim: 4096 exec/s: 48681 rss: 411Mb L: 452/4074 MS: 1 EraseBytes-
#6004545	REDUCE cov: 308 ft: 1247 corp: 361/142Kb lim: 4096 exec/s: 48817 rss: 411Mb L: 352/4074 MS: 2 EraseBytes-CopyPart-
#6059351	REDUCE cov: 308 ft: 1247 corp: 361/142Kb lim: 4096 exec/s: 48865 rss: 411Mb L: 900/4074 MS: 1 EraseBytes-
#6062173	REDUCE cov: 308 ft: 1247 corp: 361/142Kb lim: 4096 exec/s: 48888 rss: 411Mb L: 69/4074 MS: 2 ChangeByte-EraseBytes-
#6093249	REDUCE cov: 308 ft: 1247 corp: 361/142Kb lim: 4096 exec/s: 48745 rss: 411Mb L: 1906/4074 MS: 1 EraseBytes-
#6112437	REDUCE cov: 308 ft: 1247 corp: 361/142Kb lim: 4096 exec/s: 48899 rss: 411Mb L: 451/4074 MS: 3 EraseBytes-ChangeBit-ShuffleBytes-
#6167608	REDUCE cov: 308 ft: 1247 corp: 361/142Kb lim: 4096 exec/s: 48949 rss: 411Mb L: 329/4074 MS: 1 EraseBytes-
#6202179	REDUCE cov: 308 ft: 1247 corp: 361/142Kb lim: 4096 exec/s: 48836 rss: 411Mb L: 78/4074 MS: 1 EraseBytes-
#6222070	REDUCE cov: 308 ft: 1247 corp: 361/142Kb lim: 4096 exec/s: 48992 rss: 411Mb L: 467/4074 MS: 1 EraseBytes-
#6227832	REDUCE cov: 308 ft: 1247 corp: 361/142Kb lim: 4096 exec/s: 49038 rss: 411Mb L: 293/4074 MS: 2 ChangeASCIIInt-EraseBytes-
#6325665	REDUCE cov: 308 ft: 1247 corp: 361/142Kb lim: 4096 exec/s: 49036 rss: 411Mb L: 76/4074 MS: 3 CopyPart-ChangeBinInt-EraseBytes-
#6345472	REDUCE cov: 308 ft: 1247 corp: 361/142Kb lim: 4096 exec/s: 48811 rss: 411Mb L: 2315/4074 MS: 2 InsertByte-EraseBytes-
#6399460	REDUCE cov: 308 ft: 1247 corp: 361/142Kb lim: 4096 exec/s: 48850 rss: 411Mb L: 263/4074 MS: 3 ChangeBit-ShuffleBytes-EraseBytes-
#6412556	REDUCE cov: 308 ft: 1247 corp: 361/142Kb lim: 4096 exec/s: 48950 rss: 411Mb L: 2773/4074 MS: 1 EraseBytes-
#6469437	REDUCE cov: 308 ft: 1247 corp: 361/142Kb lim: 4096 exec/s: 49010 rss: 411Mb L: 1116/4074 MS: 1 EraseBytes-
#6525628	REDUCE cov: 308 ft: 1247 corp: 361/142Kb lim: 4096 exec/s: 49064 rss: 411Mb L: 941/4074 MS: 1 EraseBytes-
#6583954	REDUCE cov: 308 ft: 1247 corp: 361/142Kb lim: 4096 exec/s: 48770 rss: 411Mb L: 738/4074 MS: 1 EraseBytes-
#6584525	REDUCE cov: 308 ft: 1247 corp: 361/142Kb lim: 4096 exec/s: 48774 rss: 411Mb L: 2154/4074 MS: 1 EraseBytes-
#6671616	REDUCE cov: 308 ft: 1247 corp: 361/142Kb lim: 4096 exec/s: 49056 rss: 411Mb L: 327/4074 MS: 1 EraseBytes-
#6694947	REDUCE cov: 308 ft: 1247 corp: 361/142Kb lim: 4096 exec/s: 48868 rss: 411Mb L: 153/4074 MS: 1 EraseBytes-
#6741809	REDUCE cov: 308 ft: 1247 corp: 361/142Kb lim: 4096 exec/s: 48853 rss: 411Mb L: 1471/4074 MS: 2 ChangeByte-EraseBytes-
#6762536	REDUCE cov: 308 ft: 1247 corp: 361/142Kb lim: 4096 exec/s: 49003 rss: 411Mb L: 346/4074 MS: 2 ChangeBinInt-EraseBytes-
#6814017	REDUCE cov: 308 ft: 1247 corp: 361/142Kb lim: 4096 exec/s: 49021 rss: 411Mb L: 138/4074 MS: 1 EraseBytes-
#6909778	REDUCE cov: 308 ft: 1247 corp: 361/142Kb lim: 4096 exec/s: 49005 rss: 411Mb L: 345/4074 MS: 1 EraseBytes-
#6953084	REDUCE cov: 308 ft: 1247 corp: 361/142Kb lim: 4096 exec/s: 48965 rss: 411Mb L: 150/4074 MS: 1 EraseBytes-
#6958650	REDUCE cov: 308 ft: 1247 corp: 361/142Kb lim: 4096 exec/s: 49004 rss: 411Mb L: 1959/4074 MS: 1 EraseBytes-
#6961176	REDUCE cov: 308 ft: 1247 corp: 361/142Kb lim: 4096 exec/s: 49022 rss: 411Mb L: 224/4074 MS: 1 EraseBytes-
#6963289	REDUCE cov: 308 ft: 1247 corp: 361/142Kb lim: 4096 exec/s: 49037 rss: 411Mb L: 99/4074 MS: 3 InsertByte-ChangeBit-EraseBytes-
#6966135	REDUCE cov: 308 ft: 1247 corp: 361/142Kb lim: 4096 exec/s: 49057 rss: 411Mb L: 1159/4074 MS: 1 EraseBytes-
#7000602	REDUCE cov: 308 ft: 1247 corp: 361/142Kb lim: 4096 exec/s: 48955 rss: 411Mb L: 2150/4074 MS: 2 ChangeByte-EraseBytes-
#7069188	REDUCE cov: 308 ft: 1247 corp: 361/142Kb lim: 4096 exec/s: 49091 rss: 413Mb L: 458/4074 MS: 1 EraseBytes-
#7078660	REDUCE cov: 308 ft: 1247 corp: 361/142Kb lim: 4096 exec/s: 49157 rss: 413Mb L: 2142/4074 MS: 2 ManualDict-EraseBytes- DE: "block list"-
#7089603	REDUCE cov: 308 ft: 1247 corp: 361/142Kb lim: 4096 exec/s: 48893 rss: 413Mb L: 1768/4074 MS: 2 ChangeBit-EraseBytes-
#7096944	REDUCE cov: 308 ft: 1247 corp: 361/142Kb lim: 4096 exec/s: 48944 rss: 413Mb L: 1900/4074 MS: 1 EraseBytes-
#7111710	REDUCE cov: 308 ft: 1247 corp: 361/142Kb lim: 4096 exec/s: 49046 rss: 413Mb L: 1940/4074 MS: 1 EraseBytes-
#7143933	REDUCE cov: 308 ft: 1247 corp: 361/142Kb lim: 4096 exec/s: 48931 rss: 413Mb L: 1892/4074 MS: 3 ChangeBit-ChangeBit-EraseBytes-
#7148934	REDUCE cov: 308 ft: 1247 corp: 361/142Kb lim: 4096 exec/s: 48965 rss: 413Mb L: 1587/4074 MS: 1 EraseBytes-
#7191458	REDUCE cov: 308 ft: 1247 corp: 361/142Kb lim: 4096 exec/s: 48921 rss: 413Mb L: 29/4074 MS: 4 CopyPart-ChangeBit-ChangeBinInt-EraseBytes-
#7216009	REDUCE cov: 308 ft: 1247 corp: 361/142Kb lim: 4096 exec/s: 49088 rss: 413Mb L: 881/4074 MS: 1 EraseBytes-
#7286480	REDUCE cov: 308 ft: 1247 corp: 361/142Kb lim: 4096 exec/s: 48902 rss: 413Mb L: 673/4074 MS: 1 EraseBytes-
#7347330	REDUCE cov: 308 ft: 1247 corp: 361/142Kb lim: 4096 exec/s: 48982 rss: 413Mb L: 6/4074 MS: 5 ChangeByte-ChangeBit-ChangeByte-EraseBytes-ChangeBit-
#7352682	REDUCE cov: 308 ft: 1247 corp: 361/142Kb lim: 4096 exec/s: 49017 rss: 413Mb L: 1820/4074 MS: 2 ChangeBinInt-EraseBytes-
#7362418	REDUCE cov: 308 ft: 1247 corp: 361/142Kb lim: 4096 exec/s: 49082 rss: 413Mb L: 398/4074 MS: 1 EraseBytes-
#7404399	REDUCE cov: 308 ft: 1247 corp: 361/142Kb lim: 4096 exec/s: 49035 rss: 413Mb L: 1997/4074 MS: 1 EraseBytes-
#7408330	REDUCE cov: 308 ft: 1247 corp: 361/142Kb lim: 4096 exec/s: 49061 rss: 413Mb L: 1947/4074 MS: 1 EraseBytes-
#7418506	REDUCE cov: 308 ft: 1247 corp: 361/142Kb lim: 4096 exec/s: 49129 rss: 413Mb L: 1944/4074 MS: 1 EraseBytes-
#7424357	REDUCE cov: 308 ft: 1247 corp: 361/142Kb lim: 4096 exec/s: 48844 rss: 413Mb L: 22/4074 MS: 1 EraseBytes-
#7439334	REDUCE cov: 308 ft: 1247 corp: 361/142Kb lim: 4096 exec/s: 48942 rss: 413Mb L: 257/4074 MS: 2 ChangeBit-EraseBytes-
#7579647	REDUCE cov: 308 ft: 1247 corp: 361/142Kb lim: 4096 exec/s: 48900 rss: 413Mb L: 1057/4074 MS: 3 ChangeBinInt-ChangeByte-EraseBytes-
#7660701	REDUCE cov: 308 ft: 1247 corp: 361/142Kb lim: 4096 exec/s: 49107 rss: 413Mb L: 330/4074 MS: 4 ShuffleBytes-CopyPart-ChangeByte-EraseBytes-
#7682437	REDUCE cov: 308 ft: 1247 corp: 361/142Kb lim: 4096 exec/s: 48932 rss: 413Mb L: 1924/4074 MS: 1 EraseBytes-
#7695533	REDUCE cov: 308 ft: 1247 corp: 361/142Kb lim: 4096 exec/s: 49016 rss: 413Mb L: 1008/4074 MS: 1 EraseBytes-
#7732824	REDUCE cov: 308 ft: 1247 corp: 361/142Kb lim: 4096 exec/s: 48941 rss: 413Mb L: 1797/4074 MS: 1 CrossOver-
#7756530	REDUCE cov: 308 ft: 1247 corp: 361/142Kb lim: 4096 exec/s: 49091 rss: 413Mb L: 1002/4074 MS: 1 EraseBytes-
#7782554	REDUCE cov: 308 ft: 1247 corp: 361/142Kb lim: 4096 exec/s: 48946 rss: 413Mb L: 449/4074 MS: 3 ChangeBinInt-EraseBytes-CopyPart-
#7810662	REDUCE cov: 308 ft: 1247 corp: 361/142Kb lim: 4096 exec/s: 49123 rss: 413Mb L: 1862/4074 MS: 3 ChangeASCIIInt-PersAutoDict-EraseBytes- DE: "\032\000"-
#7812036	REDUCE cov: 308 ft: 1247 corp: 361/142Kb lim: 4096 exec/s: 49132 rss: 413Mb L: 7/4074 MS: 4 CopyPart-ChangeASCIIInt-ChangeASCIIInt-EraseBytes-
#7817323	REDUCE cov: 308 ft: 1247 corp: 361/142Kb lim: 4096 exec/s: 49165 rss: 413Mb L: 12/4074 MS: 2 EraseBytes-ChangeBinInt-
#7864759	REDUCE cov: 308 ft: 1247 corp: 361/142Kb lim: 4096 exec/s: 49154 rss: 413Mb L: 1921/4074 MS: 1 EraseBytes-
#7868390	REDUCE cov: 308 ft: 1247 corp: 361/142Kb lim: 4096 exec/s: 49177 rss: 413Mb L: 98/4074 MS: 1 EraseBytes-
#7881151	REDUCE cov: 308 ft: 1247 corp: 361/142Kb lim: 4096 exec/s: 48951 rss: 413Mb L: 336/4074 MS: 1 EraseBytes-
#7887862	REDUCE cov: 308 ft: 1247 corp: 361/142Kb lim: 4096 exec/s: 48992 rss: 413Mb L: 445/4074 MS: 1 EraseBytes-
#7899528	REDUCE cov: 308 ft: 1247 corp: 361/142Kb lim: 4096 exec/s: 49065 rss: 413Mb L: 98/4074 MS: 1 EraseBytes-
#7964114	REDUCE cov: 308 ft: 1247 corp: 361/142Kb lim: 4096 exec/s: 49161 rss: 413Mb L: 1723/4074 MS: 1 EraseBytes-
#7965540	REDUCE cov: 308 ft: 1247 corp: 361/142Kb lim: 4096 exec/s: 49170 rss: 413Mb L: 918/4074 MS: 1 EraseBytes-
#7978836	REDUCE cov: 308 ft: 1247 corp: 361/142Kb lim: 4096 exec/s: 48949 rss: 413Mb L: 1799/4074 MS: 1 EraseBytes-
#7999017	REDUCE cov: 308 ft: 1247 corp: 361/142Kb lim: 4096 exec/s: 49073 rss: 413Mb L: 96/4074 MS: 1 EraseBytes-
#7999544	REDUCE cov: 308 ft: 1247 corp: 361/142Kb lim: 4096 exec/s: 49076 rss: 413Mb L: 46/4074 MS: 2 ShuffleBytes-EraseBytes-
#8013600	REDUCE cov: 308 ft: 1247 corp: 361/142Kb lim: 4096 exec/s: 49163 rss: 413Mb L: 1986/4074 MS: 1 EraseBytes-
#8014316	REDUCE cov: 308 ft: 1247 corp: 361/142Kb lim: 4096 exec/s: 49167 rss: 413Mb L: 1961/4074 MS: 1 EraseBytes-
#8027582	REDUCE cov: 308 ft: 1247 corp: 361/142Kb lim: 4096 exec/s: 48948 rss: 413Mb L: 221/4074 MS: 1 EraseBytes-
#8027888	REDUCE cov: 308 ft: 1247 corp: 361/142Kb lim: 4096 exec/s: 48950 rss: 413Mb L: 1943/4074 MS: 1 EraseBytes-
#8039503	REDUCE cov: 308 ft: 1247 corp: 361/142Kb lim: 4096 exec/s: 49021 rss: 413Mb L: 97/4074 MS: 5 ChangeBit-ChangeBit-CopyPart-CopyPart-EraseBytes-
#8073514	REDUCE cov: 308 ft: 1247 corp: 361/142Kb lim: 4096 exec/s: 48930 rss: 413Mb L: 795/4074 MS: 1 EraseBytes-
#8166510	REDUCE cov: 308 ft: 1247 corp: 361/142Kb lim: 4096 exec/s: 48901 rss: 413Mb L: 65/4074 MS: 1 EraseBytes-
#8194681	REDUCE cov: 308 ft: 1247 corp: 361/142Kb lim: 4096 exec/s: 49069 rss: 413Mb L: 992/4074 MS: 1 EraseBytes-
#8196933	REDUCE cov: 308 ft: 1247 corp: 361/142Kb lim: 4096 exec/s: 49083 rss: 413Mb L: 603/4074 MS: 2 ChangeByte-EraseBytes-
#8212461	REDUCE cov: 308 ft: 1247 corp: 361/142Kb lim: 4096 exec/s: 48883 rss: 413Mb L: 334/4074 MS: 3 ChangeBinInt-EraseBytes-ChangeASCIIInt-
#8220232	REDUCE cov: 308 ft: 1247 corp: 361/142Kb lim: 4096 exec/s: 48929 rss: 413Mb L: 102/4074 MS: 1 EraseBytes-
#8342163	REDUCE cov: 308 ft: 1247 corp: 361/142Kb lim: 4096 exec/s: 49071 rss: 413Mb L: 632/4074 MS: 1 EraseBytes-
#8349304	REDUCE cov: 308 ft: 1247 corp: 361/142Kb lim: 4096 exec/s: 48826 rss: 413Mb L: 332/4074 MS: 1 EraseBytes-
#8364796	REDUCE cov: 308 ft: 1247 corp: 361/142Kb lim: 4096 exec/s: 48916 rss: 413Mb L: 148/4074 MS: 1 EraseBytes-
#8388608	pulse  cov: 308 ft: 1247 corp: 361/142Kb lim: 4096 exec/s: 49056 rss: 413Mb
#8425742	REDUCE cov: 308 ft: 1247 corp: 361/142Kb lim: 4096 exec/s: 48986 rss: 413Mb L: 227/4074 MS: 1 EraseBytes-
#8429824	REDUCE cov: 308 ft: 1247 corp: 361/142Kb lim: 4096 exec/s: 49010 rss: 413Mb L: 1993/4074 MS: 2 ChangeASCIIInt-EraseBytes-
#8438181	REDUCE cov: 308 ft: 1247 corp: 361/142Kb lim: 4096 exec/s: 49059 rss: 413Mb L: 1986/4074 MS: 2 ShuffleBytes-EraseBytes-
#8509422	REDUCE cov: 308 ft: 1247 corp: 361/142Kb lim: 4096 exec/s: 48904 rss: 413Mb L: 325/4074 MS: 1 EraseBytes-
#8605728	REDUCE cov: 308 ft: 1247 corp: 361/142Kb lim: 4096 exec/s: 48896 rss: 413Mb L: 326/4074 MS: 1 EraseBytes-
#8618759	REDUCE cov: 308 ft: 1247 corp: 361/142Kb lim: 4096 exec/s: 48970 rss: 413Mb L: 378/4074 MS: 1 EraseBytes-
#8621820	REDUCE cov: 308 ft: 1247 corp: 361/142Kb lim: 4096 exec/s: 48987 rss: 413Mb L: 1860/4074 MS: 1 EraseBytes-
#8627481	REDUCE cov: 308 ft: 1247 corp: 361/142Kb lim: 4096 exec/s: 49019 rss: 413Mb L: 1469/4074 MS: 1 EraseBytes-
#8689347	REDUCE cov: 308 ft: 1247 corp: 361/142Kb lim: 4096 exec/s: 48816 rss: 413Mb L: 63/4074 MS: 1 EraseBytes-
#8755088	REDUCE cov: 308 ft: 1247 corp: 361/142Kb lim: 4096 exec/s: 48911 rss: 413Mb L: 875/4074 MS: 1 EraseBytes-
#8797429	REDUCE cov: 308 ft: 1247 corp: 361/142Kb lim: 4096 exec/s: 48874 rss: 413Mb L: 1939/4074 MS: 1 EraseBytes-
#8817565	REDUCE cov: 308 ft: 1247 corp: 361/142Kb lim: 4096 exec/s: 48986 rss: 413Mb L: 2044/4074 MS: 1 EraseBytes-
#8848491	REDUCE cov: 308 ft: 1247 corp: 361/142Kb lim: 4096 exec/s: 48886 rss: 413Mb L: 1115/4074 MS: 1 EraseBytes-
#8937867	REDUCE cov: 308 ft: 1247 corp: 361/142Kb lim: 4096 exec/s: 48840 rss: 413Mb L: 1720/4074 MS: 1 EraseBytes-
#8965368	REDUCE cov: 308 ft: 1247 corp: 361/142Kb lim: 4096 exec/s: 48991 rss: 413Mb L: 1008/4074 MS: 1 EraseBytes-
#8969389	REDUCE cov: 308 ft: 1247 corp: 361/142Kb lim: 4096 exec/s: 48746 rss: 413Mb L: 2512/4074 MS: 1 EraseBytes-
#9094390	REDUCE cov: 308 ft: 1247 corp: 361/142Kb lim: 4096 exec/s: 48894 rss: 413Mb L: 72/4074 MS: 1 EraseBytes-
#9176381	REDUCE cov: 308 ft: 1247 corp: 361/142Kb lim: 4096 exec/s: 48810 rss: 413Mb L: 1412/4074 MS: 1 EraseBytes-
#9225189	REDUCE cov: 308 ft: 1247 corp: 361/142Kb lim: 4096 exec/s: 48810 rss: 413Mb L: 809/4074 MS: 3 ShuffleBytes-ChangeBinInt-EraseBytes-
#9296533	REDUCE cov: 308 ft: 1247 corp: 361/142Kb lim: 4096 exec/s: 48929 rss: 413Mb L: 11/4074 MS: 4 ChangeASCIIInt-ShuffleBytes-EraseBytes-ChangeByte-
#9393614	REDUCE cov: 308 ft: 1247 corp: 361/142Kb lim: 4096 exec/s: 48925 rss: 413Mb L: 101/4074 MS: 1 EraseBytes-
#9417206	REDUCE cov: 308 ft: 1247 corp: 361/142Kb lim: 4096 exec/s: 48793 rss: 413Mb L: 27/4074 MS: 2 CrossOver-EraseBytes-
#9432338	REDUCE cov: 308 ft: 1247 corp: 361/142Kb lim: 4096 exec/s: 48872 rss: 413Mb L: 324/4074 MS: 2 ChangeBit-EraseBytes-
#9488275	REDUCE cov: 308 ft: 1247 corp: 361/142Kb lim: 4096 exec/s: 48908 rss: 413Mb L: 9/4074 MS: 2 ChangeByte-EraseBytes-
#9488311	REDUCE cov: 308 ft: 1247 corp: 361/142Kb lim: 4096 exec/s: 48908 rss: 413Mb L: 1586/4074 MS: 1 EraseBytes-
#9494348	REDUCE cov: 308 ft: 1247 corp: 361/142Kb lim: 4096 exec/s: 48939 rss: 413Mb L: 9/4074 MS: 2 ChangeBit-EraseBytes-
#9553454	REDUCE cov: 308 ft: 1247 corp: 361/142Kb lim: 4096 exec/s: 48742 rss: 413Mb L: 1830/4074 MS: 1 EraseBytes-
#9573561	REDUCE cov: 308 ft: 1247 corp: 361/142Kb lim: 4096 exec/s: 48844 rss: 413Mb L: 313/4074 MS: 2 EraseBytes-CopyPart-
#9699942	REDUCE cov: 308 ft: 1247 corp: 361/142Kb lim: 4096 exec/s: 48989 rss: 413Mb L: 1918/4074 MS: 1 EraseBytes-
#9727753	REDUCE cov: 308 ft: 1247 corp: 361/142Kb lim: 4096 exec/s: 48883 rss: 413Mb L: 440/4074 MS: 1 EraseBytes-
#9857952	REDUCE cov: 308 ft: 1247 corp: 361/142Kb lim: 4096 exec/s: 48801 rss: 414Mb L: 10/4074 MS: 4 InsertByte-EraseBytes-InsertByte-EraseBytes-
#9918179	REDUCE cov: 308 ft: 1247 corp: 361/142Kb lim: 4096 exec/s: 48858 rss: 414Mb L: 327/4074 MS: 2 EraseBytes-ChangeByte-
#9990335	REDUCE cov: 308 ft: 1247 corp: 361/142Kb lim: 4096 exec/s: 48972 rss: 414Mb L: 61/4074 MS: 1 EraseBytes-
#9991472	REDUCE cov: 308 ft: 1247 corp: 361/142Kb lim: 4096 exec/s: 48977 rss: 414Mb L: 1853/4074 MS: 2 ChangeASCIIInt-EraseBytes-
#10000478	REDUCE cov: 308 ft: 1247 corp: 361/142Kb lim: 4096 exec/s: 48782 rss: 414Mb L: 483/4074 MS: 1 EraseBytes-
#10070484	REDUCE cov: 308 ft: 1247 corp: 361/142Kb lim: 4096 exec/s: 48885 rss: 416Mb L: 1625/4074 MS: 1 EraseBytes-
#10102735	REDUCE cov: 308 ft: 1247 corp: 361/142Kb lim: 4096 exec/s: 48805 rss: 416Mb L: 1851/4074 MS: 1 EraseBytes-
#10139202	REDUCE cov: 308 ft: 1247 corp: 361/142Kb lim: 4096 exec/s: 48746 rss: 416Mb L: 438/4074 MS: 1 EraseBytes-
#10148578	REDUCE cov: 308 ft: 1247 corp: 361/141Kb lim: 4096 exec/s: 48791 rss: 416Mb L: 1148/4074 MS: 1 EraseBytes-
#10155604	REDUCE cov: 308 ft: 1247 corp: 361/141Kb lim: 4096 exec/s: 48825 rss: 416Mb L: 309/4074 MS: 1 EraseBytes-
#10163371	REDUCE cov: 308 ft: 1247 corp: 361/141Kb lim: 4096 exec/s: 48862 rss: 416Mb L: 95/4074 MS: 2 InsertRepeatedBytes-EraseBytes-
#10185207	REDUCE cov: 308 ft: 1247 corp: 361/141Kb lim: 4096 exec/s: 48733 rss: 416Mb L: 96/4074 MS: 1 EraseBytes-
#10199839	REDUCE cov: 308 ft: 1247 corp: 361/141Kb lim: 4096 exec/s: 48803 rss: 416Mb L: 306/4074 MS: 2 InsertByte-EraseBytes-
#10214281	REDUCE cov: 308 ft: 1247 corp: 361/141Kb lim: 4096 exec/s: 48872 rss: 416Mb L: 92/4074 MS: 1 EraseBytes-
#10224027	REDUCE cov: 308 ft: 1247 corp: 361/141Kb lim: 4096 exec/s: 48918 rss: 416Mb L: 648/4074 MS: 1 EraseBytes-
#10254768	REDUCE cov: 308 ft: 1247 corp: 361/141Kb lim: 4096 exec/s: 48832 rss: 416Mb L: 4070/4070 MS: 1 EraseBytes-
#10285114	REDUCE cov: 308 ft: 1247 corp: 361/141Kb lim: 4096 exec/s: 48744 rss: 416Mb L: 776/4070 MS: 1 EraseBytes-
#10353627	REDUCE cov: 308 ft: 1247 corp: 361/141Kb lim: 4096 exec/s: 48837 rss: 416Mb L: 245/4070 MS: 3 ChangeASCIIInt-ChangeASCIIInt-EraseBytes-
#10387595	REDUCE cov: 308 ft: 1247 corp: 361/141Kb lim: 4096 exec/s: 48768 rss: 416Mb L: 1686/4070 MS: 3 EraseBytes-ChangeBinInt-CopyPart-
#10436896	REDUCE cov: 308 ft: 1247 corp: 361/141Kb lim: 4096 exec/s: 48770 rss: 416Mb L: 21/4070 MS: 1 EraseBytes-
#10510467	REDUCE cov: 308 ft: 1247 corp: 361/141Kb lim: 4096 exec/s: 48659 rss: 416Mb L: 282/4070 MS: 1 EraseBytes-
#10514184	REDUCE cov: 308 ft: 1247 corp: 361/141Kb lim: 4096 exec/s: 48676 rss: 419Mb L: 625/4070 MS: 2 CopyPart-EraseBytes-
#10538550	REDUCE cov: 308 ft: 1247 corp: 361/141Kb lim: 4096 exec/s: 48789 rss: 419Mb L: 322/4070 MS: 1 EraseBytes-
#10571703	REDUCE cov: 308 ft: 1247 corp: 361/141Kb lim: 4096 exec/s: 48717 rss: 419Mb L: 446/4070 MS: 3 ShuffleBytes-ShuffleBytes-EraseBytes-
#10583994	REDUCE cov: 308 ft: 1247 corp: 361/141Kb lim: 4096 exec/s: 48774 rss: 419Mb L: 70/4070 MS: 1 EraseBytes-
#10589377	REDUCE cov: 308 ft: 1247 corp: 361/141Kb lim: 4096 exec/s: 48575 rss: 419Mb L: 1398/4070 MS: 3 CopyPart-EraseBytes-CrossOver-
#10616128	REDUCE cov: 308 ft: 1247 corp: 361/141Kb lim: 4096 exec/s: 48697 rss: 419Mb L: 2493/4070 MS: 1 EraseBytes-
#10681339	REDUCE cov: 308 ft: 1247 corp: 361/141Kb lim: 4096 exec/s: 48551 rss: 419Mb L: 20/4070 MS: 1 EraseBytes-
#10682846	REDUCE cov: 308 ft: 1247 corp: 361/141Kb lim: 4096 exec/s: 48558 rss: 419Mb L: 668/4070 MS: 2 CrossOver-EraseBytes-
#10686013	REDUCE cov: 308 ft: 1247 corp: 361/141Kb lim: 4096 exec/s: 48572 rss: 419Mb L: 1055/4070 MS: 2 ShuffleBytes-EraseBytes-
#10690334	REDUCE cov: 308 ft: 1247 corp: 361/141Kb lim: 4096 exec/s: 48592 rss: 419Mb L: 3059/4070 MS: 1 EraseBytes-
#10699342	REDUCE cov: 308 ft: 1247 corp: 361/141Kb lim: 4096 exec/s: 48633 rss: 419Mb L: 35/4070 MS: 3 InsertByte-EraseBytes-InsertRepeatedBytes-
#10751908	REDUCE cov: 308 ft: 1247 corp: 361/141Kb lim: 4096 exec/s: 48651 rss: 419Mb L: 64/4070 MS: 1 EraseBytes-
#10845114	REDUCE cov: 308 ft: 1247 corp: 361/141Kb lim: 4096 exec/s: 48632 rss: 419Mb L: 158/4070 MS: 1 EraseBytes-
#10863600	REDUCE cov: 308 ft: 1247 corp: 361/141Kb lim: 4096 exec/s: 48498 rss: 419Mb L: 626/4070 MS: 1 EraseBytes-
#10881176	REDUCE cov: 308 ft: 1247 corp: 361/141Kb lim: 4096 exec/s: 48576 rss: 419Mb L: 305/4070 MS: 1 EraseBytes-
#10891217	REDUCE cov: 308 ft: 1247 corp: 361/141Kb lim: 4096 exec/s: 48621 rss: 419Mb L: 1392/4070 MS: 1 EraseBytes-
#10902133	REDUCE cov: 308 ft: 1247 corp: 361/141Kb lim: 4096 exec/s: 48453 rss: 419Mb L: 1661/4070 MS: 1 EraseBytes-
#10972871	REDUCE cov: 308 ft: 1247 corp: 361/141Kb lim: 4096 exec/s: 48552 rss: 419Mb L: 137/4070 MS: 3 ChangeBinInt-ChangeBit-EraseBytes-
#10995079	REDUCE cov: 308 ft: 1247 corp: 361/141Kb lim: 4096 exec/s: 48436 rss: 419Mb L: 305/4070 MS: 3 ShuffleBytes-ShuffleBytes-EraseBytes-
#11150326	REDUCE cov: 308 ft: 1247 corp: 361/141Kb lim: 4096 exec/s: 48479 rss: 419Mb L: 289/4070 MS: 2 ShuffleBytes-EraseBytes-
#11161482	REDUCE cov: 308 ft: 1247 corp: 361/141Kb lim: 4096 exec/s: 48528 rss: 419Mb L: 616/4070 MS: 1 EraseBytes-
#11208763	REDUCE cov: 308 ft: 1247 corp: 361/141Kb lim: 4096 exec/s: 48522 rss: 419Mb L: 3751/4070 MS: 1 EraseBytes-
#11228549	REDUCE cov: 308 ft: 1247 corp: 361/141Kb lim: 4096 exec/s: 48398 rss: 419Mb L: 1462/4070 MS: 1 EraseBytes-
#11235255	REDUCE cov: 308 ft: 1247 corp: 361/141Kb lim: 4096 exec/s: 48427 rss: 419Mb L: 1839/4070 MS: 1 EraseBytes-
#11341321	REDUCE cov: 308 ft: 1247 corp: 361/141Kb lim: 4096 exec/s: 48467 rss: 419Mb L: 296/4070 MS: 1 EraseBytes-
#11461727	REDUCE cov: 308 ft: 1247 corp: 361/141Kb lim: 4096 exec/s: 48361 rss: 420Mb L: 388/4070 MS: 1 EraseBytes-
#11495678	REDUCE cov: 308 ft: 1247 corp: 361/141Kb lim: 4096 exec/s: 48301 rss: 420Mb L: 1982/4070 MS: 1 EraseBytes-
#11528039	REDUCE cov: 308 ft: 1247 corp: 361/141Kb lim: 4096 exec/s: 48437 rss: 420Mb L: 1981/4070 MS: 1 EraseBytes-
#11558255	REDUCE cov: 308 ft: 1247 corp: 361/141Kb lim: 4096 exec/s: 48360 rss: 420Mb L: 1657/4070 MS: 1 EraseBytes-
#11607072	REDUCE cov: 308 ft: 1247 corp: 361/141Kb lim: 4096 exec/s: 48362 rss: 420Mb L: 2136/4070 MS: 2 ChangeByte-EraseBytes-
#11619530	REDUCE cov: 308 ft: 1247 corp: 361/141Kb lim: 4096 exec/s: 48414 rss: 420Mb L: 1822/4070 MS: 3 ChangeBinInt-CopyPart-EraseBytes-
#11737698	REDUCE cov: 308 ft: 1247 corp: 361/141Kb lim: 4096 exec/s: 48303 rss: 420Mb L: 1104/4070 MS: 3 ChangeASCIIInt-ChangeASCIIInt-EraseBytes-
#11775750	REDUCE cov: 308 ft: 1247 corp: 361/141Kb lim: 4096 exec/s: 48261 rss: 420Mb L: 630/4070 MS: 2 ShuffleBytes-EraseBytes-
#11846546	REDUCE cov: 308 ft: 1247 corp: 361/141Kb lim: 4096 exec/s: 48156 rss: 420Mb L: 1763/4070 MS: 1 EraseBytes-
#11854825	REDUCE cov: 308 ft: 1247 corp: 361/141Kb lim: 4096 exec/s: 48190 rss: 420Mb L: 1901/4070 MS: 4 ChangeBit-ChangeBit-EraseBytes-CopyPart-
#11855752	REDUCE cov: 308 ft: 1247 corp: 361/141Kb lim: 4096 exec/s: 48194 rss: 420Mb L: 1584/4070 MS: 2 ChangeBit-EraseBytes-
#11874128	REDUCE cov: 308 ft: 1247 corp: 361/141Kb lim: 4096 exec/s: 48268 rss: 420Mb L: 610/4070 MS: 1 EraseBytes-
#11913469	REDUCE cov: 308 ft: 1247 corp: 361/141Kb lim: 4096 exec/s: 48232 rss: 420Mb L: 1425/4070 MS: 1 EraseBytes-
#11917005	REDUCE cov: 308 ft: 1247 corp: 361/141Kb lim: 4096 exec/s: 48246 rss: 420Mb L: 2040/4070 MS: 1 EraseBytes-
#11942248	REDUCE cov: 308 ft: 1247 corp: 361/141Kb lim: 4096 exec/s: 48154 rss: 420Mb L: 4066/4066 MS: 3 ShuffleBytes-ShuffleBytes-EraseBytes-
#11945199	REDUCE cov: 308 ft: 1247 corp: 361/141Kb lim: 4096 exec/s: 48166 rss: 420Mb L: 1719/4066 MS: 1 CrossOver-
#11956655	REDUCE cov: 308 ft: 1247 corp: 361/141Kb lim: 4096 exec/s: 48212 rss: 420Mb L: 2111/4066 MS: 1 EraseBytes-
#11995406	REDUCE cov: 308 ft: 1247 corp: 361/141Kb lim: 4096 exec/s: 48174 rss: 420Mb L: 1849/4066 MS: 1 EraseBytes-
#12108147	REDUCE cov: 308 ft: 1247 corp: 361/141Kb lim: 4096 exec/s: 48048 rss: 420Mb L: 940/4066 MS: 1 EraseBytes-
#12141074	REDUCE cov: 308 ft: 1247 corp: 361/141Kb lim: 4096 exec/s: 48178 rss: 420Mb L: 1734/4066 MS: 2 InsertByte-EraseBytes-
#12144942	REDUCE cov: 308 ft: 1247 corp: 361/141Kb lim: 4096 exec/s: 48194 rss: 420Mb L: 286/4066 MS: 3 CrossOver-ChangeBit-EraseBytes-
#12228624	REDUCE cov: 308 ft: 1247 corp: 361/141Kb lim: 4096 exec/s: 48144 rss: 420Mb L: 219/4066 MS: 2 ShuffleBytes-EraseBytes-
#12233170	REDUCE cov: 308 ft: 1247 corp: 361/141Kb lim: 4096 exec/s: 48162 rss: 420Mb L: 1787/4066 MS: 1 EraseBytes-
#12313106	REDUCE cov: 308 ft: 1247 corp: 361/141Kb lim: 4096 exec/s: 48098 rss: 420Mb L: 225/4066 MS: 1 EraseBytes-
#12370820	REDUCE cov: 308 ft: 1247 corp: 361/141Kb lim: 4096 exec/s: 47948 rss: 420Mb L: 1782/4066 MS: 4 ChangeBit-ChangeBinInt-ChangeASCIIInt-EraseBytes-
#12401984	REDUCE cov: 308 ft: 1247 corp: 361/141Kb lim: 4096 exec/s: 48069 rss: 420Mb L: 1924/4066 MS: 4 ChangeByte-ChangeByte-ChangeASCIIInt-EraseBytes-
#12412964	REDUCE cov: 308 ft: 1247 corp: 361/141Kb lim: 4096 exec/s: 47926 rss: 420Mb L: 16/4066 MS: 5 CrossOver-ChangeByte-EraseBytes-CopyPart-ChangeBit-
#12419860	REDUCE cov: 308 ft: 1247 corp: 361/141Kb lim: 4096 exec/s: 47953 rss: 420Mb L: 807/4066 MS: 1 EraseBytes-
#12430531	REDUCE cov: 308 ft: 1247 corp: 361/141Kb lim: 4096 exec/s: 47994 rss: 420Mb L: 97/4066 MS: 1 EraseBytes-
#12469607	REDUCE cov: 308 ft: 1247 corp: 361/141Kb lim: 4096 exec/s: 47960 rss: 420Mb L: 67/4066 MS: 1 EraseBytes-
#12492488	REDUCE cov: 308 ft: 1247 corp: 361/141Kb lim: 4096 exec/s: 48048 rss: 420Mb L: 21/4066 MS: 1 EraseBytes-
#12512160	REDUCE cov: 308 ft: 1247 corp: 361/141Kb lim: 4096 exec/s: 47939 rss: 420Mb L: 2491/4066 MS: 2 ChangeByte-EraseBytes-
#12556051	REDUCE cov: 308 ft: 1247 corp: 361/141Kb lim: 4096 exec/s: 47923 rss: 420Mb L: 369/4066 MS: 1 EraseBytes-
#12566143	REDUCE cov: 308 ft: 1247 corp: 361/141Kb lim: 4096 exec/s: 47962 rss: 420Mb L: 2071/4066 MS: 2 EraseBytes-CopyPart-
#12590389	REDUCE cov: 308 ft: 1247 corp: 361/141Kb lim: 4096 exec/s: 47872 rss: 420Mb L: 918/4066 MS: 1 EraseBytes-
#12723134	REDUCE cov: 308 ft: 1247 corp: 361/141Kb lim: 4096 exec/s: 47831 rss: 420Mb L: 34/4066 MS: 5 InsertByte-ManualDict-CopyPart-EraseBytes-EraseBytes- DE: "scan[2]?"-
#12734511	REDUCE cov: 308 ft: 1247 corp: 361/141Kb lim: 4096 exec/s: 47874 rss: 420Mb L: 20/4066 MS: 2 CopyPart-EraseBytes-
#12748294	REDUCE cov: 308 ft: 1247 corp: 361/141Kb lim: 4096 exec/s: 47925 rss: 420Mb L: 1773/4066 MS: 3 CopyPart-PersAutoDict-EraseBytes- DE: " 3_6?"-
#12897000	REDUCE cov: 308 ft: 1247 corp: 361/141Kb lim: 4096 exec/s: 47766 rss: 420Mb L: 243/4066 MS: 1 EraseBytes-
#13005071	REDUCE cov: 308 ft: 1247 corp: 361/141Kb lim: 4096 exec/s: 47812 rss: 420Mb L: 1089/4066 MS: 1 EraseBytes-
#13040739	REDUCE cov: 308 ft: 1247 corp: 361/141Kb lim: 4096 exec/s: 47768 rss: 420Mb L: 19/4066 MS: 3 ChangeBinInt-EraseBytes-ShuffleBytes-
#13122330	REDUCE cov: 308 ft: 1247 corp: 361/141Kb lim: 4096 exec/s: 47717 rss: 420Mb L: 3055/4066 MS: 1 EraseBytes-
#13130871	REDUCE cov: 308 ft: 1247 corp: 361/141Kb lim: 4096 exec/s: 47748 rss: 420Mb L: 601/4066 MS: 1 EraseBytes-
#13136418	REDUCE cov: 308 ft: 1247 corp: 361/141Kb lim: 4096 exec/s: 47768 rss: 420Mb L: 622/4066 MS: 2 ChangeASCIIInt-EraseBytes-
#13155754	REDUCE cov: 308 ft: 1247 corp: 361/141Kb lim: 4096 exec/s: 47665 rss: 420Mb L: 17/4066 MS: 1 EraseBytes-
#13159475	REDUCE cov: 308 ft: 1247 corp: 361/141Kb lim: 4096 exec/s: 47679 rss: 420Mb L: 444/4066 MS: 1 EraseBytes-
#13187956	REDUCE cov: 308 ft: 1247 corp: 361/141Kb lim: 4096 exec/s: 47782 rss: 420Mb L: 648/4066 MS: 1 EraseBytes-
#13194832	REDUCE cov: 308 ft: 1247 corp: 361/141Kb lim: 4096 exec/s: 47634 rss: 420Mb L: 1147/4066 MS: 1 EraseBytes-
#13218658	REDUCE cov: 308 ft: 1247 corp: 361/141Kb lim: 4096 exec/s: 47720 rss: 420Mb L: 613/4066 MS: 1 EraseBytes-
#13226250	REDUCE cov: 308 ft: 1247 corp: 361/141Kb lim: 4096 exec/s: 47748 rss: 420Mb L: 1928/4066 MS: 2 EraseBytes-ManualDict- DE: "state corrupt"-
#13279662	REDUCE cov: 308 ft: 1247 corp: 361/141Kb lim: 4096 exec/s: 47768 rss: 420Mb L: 641/4066 MS: 1 EraseBytes-
#13303183	REDUCE cov: 308 ft: 1247 corp: 361/141Kb lim: 4096 exec/s: 47681 rss: 420Mb L: 1063/4066 MS: 1 EraseBytes-
#13309230	REDUCE cov: 308 ft: 1247 corp: 361/141Kb lim: 4096 exec/s: 47703 rss: 420Mb L: 1945/4066 MS: 2 ChangeASCIIInt-EraseBytes-
#13346774	REDUCE cov: 308 ft: 1247 corp: 361/141Kb lim: 4096 exec/s: 47667 rss: 420Mb L: 22/4066 MS: 4 InsertByte-ChangeBinInt-ChangeBit-EraseBytes-
#13347600	REDUCE cov: 308 ft: 1247 corp: 361/141Kb lim: 4096 exec/s: 47670 rss: 420Mb L: 16/4066 MS: 1 EraseBytes-
#13367921	REDUCE cov: 308 ft: 1247 corp: 361/141Kb lim: 4096 exec/s: 47572 rss: 420Mb L: 935/4066 MS: 1 EraseBytes-
#13398787	REDUCE cov: 308 ft: 1247 corp: 361/141Kb lim: 4096 exec/s: 47682 rss: 420Mb L: 2359/4066 MS: 1 EraseBytes-
#13455278	REDUCE cov: 308 ft: 1247 corp: 361/141Kb lim: 4096 exec/s: 47545 rss: 420Mb L: 33/4066 MS: 1 EraseBytes-
#13471949	REDUCE cov: 308 ft: 1247 corp: 361/141Kb lim: 4096 exec/s: 47604 rss: 420Mb L: 290/4066 MS: 1 EraseBytes-
#13605290	REDUCE cov: 308 ft: 1247 corp: 361/141Kb lim: 4096 exec/s: 47570 rss: 420Mb L: 212/4066 MS: 1 EraseBytes-
#13610616	REDUCE cov: 308 ft: 1247 corp: 361/141Kb lim: 4096 exec/s: 47589 rss: 420Mb L: 629/4066 MS: 1 EraseBytes-
#13613287	REDUCE cov: 308 ft: 1247 corp: 361/141Kb lim: 4096 exec/s: 47598 rss: 420Mb L: 1619/4066 MS: 1 EraseBytes-
#13773868	REDUCE cov: 308 ft: 1247 corp: 361/141Kb lim: 4096 exec/s: 47496 rss: 420Mb L: 136/4066 MS: 1 EraseBytes-
#13776639	REDUCE cov: 308 ft: 1247 corp: 361/141Kb lim: 4096 exec/s: 47505 rss: 420Mb L: 665/4066 MS: 1 EraseBytes-
#13795595	REDUCE cov: 308 ft: 1247 corp: 361/141Kb lim: 4096 exec/s: 47571 rss: 420Mb L: 1391/4066 MS: 1 EraseBytes-
#13815461	REDUCE cov: 308 ft: 1247 corp: 361/141Kb lim: 4096 exec/s: 47475 rss: 420Mb L: 394/4066 MS: 1 EraseBytes-
#13840669	REDUCE cov: 308 ft: 1247 corp: 361/141Kb lim: 4096 exec/s: 47562 rss: 420Mb L: 1648/4066 MS: 3 ChangeBit-EraseBytes-CopyPart-
#13900115	REDUCE cov: 308 ft: 1247 corp: 361/141Kb lim: 4096 exec/s: 47440 rss: 420Mb L: 870/4066 MS: 1 EraseBytes-
#13940561	REDUCE cov: 308 ft: 1247 corp: 361/141Kb lim: 4096 exec/s: 47416 rss: 420Mb L: 1970/4066 MS: 1 EraseBytes-
#13959967	REDUCE cov: 308 ft: 1247 corp: 361/141Kb lim: 4096 exec/s: 47482 rss: 420Mb L: 1973/4066 MS: 1 EraseBytes-
#13979918	REDUCE cov: 308 ft: 1247 corp: 361/141Kb lim: 4096 exec/s: 47389 rss: 420Mb L: 134/4066 MS: 1 EraseBytes-
#14006544	REDUCE cov: 308 ft: 1247 corp: 361/141Kb lim: 4096 exec/s: 47479 rss: 420Mb L: 1821/4066 MS: 1 EraseBytes-
#14207461	REDUCE cov: 308 ft: 1247 corp: 361/140Kb lim: 4096 exec/s: 47358 rss: 420Mb L: 1602/4066 MS: 2 ChangeASCIIInt-EraseBytes-
#14241197	REDUCE cov: 308 ft: 1247 corp: 361/140Kb lim: 4096 exec/s: 47312 rss: 420Mb L: 1369/4066 MS: 1 EraseBytes-
#14245713	REDUCE cov: 308 ft: 1247 corp: 361/140Kb lim: 4096 exec/s: 47327 rss: 420Mb L: 791/4066 MS: 1 EraseBytes-
#14296029	REDUCE cov: 308 ft: 1247 corp: 361/140Kb lim: 4096 exec/s: 47337 rss: 420Mb L: 597/4066 MS: 1 EraseBytes-
#14296070	REDUCE cov: 308 ft: 1247 corp: 361/140Kb lim: 4096 exec/s: 47337 rss: 420Mb L: 1643/4066 MS: 1 EraseBytes-
#14362637	REDUCE cov: 308 ft: 1247 corp: 361/140Kb lim: 4096 exec/s: 47401 rss: 422Mb L: 1800/4066 MS: 2 ChangeBinInt-EraseBytes-
#14436128	REDUCE cov: 308 ft: 1247 corp: 361/140Kb lim: 4096 exec/s: 47331 rss: 424Mb L: 621/4066 MS: 1 EraseBytes-
#14554184	REDUCE cov: 308 ft: 1247 corp: 361/140Kb lim: 4096 exec/s: 47253 rss: 424Mb L: 1645/4066 MS: 1 EraseBytes-
#14656925	REDUCE cov: 308 ft: 1247 corp: 361/140Kb lim: 4096 exec/s: 47280 rss: 424Mb L: 1920/4066 MS: 1 EraseBytes-
#14734121	REDUCE cov: 308 ft: 1247 corp: 361/140Kb lim: 4096 exec/s: 47224 rss: 424Mb L: 2344/4066 MS: 1 EraseBytes-
#14833559	REDUCE cov: 308 ft: 1247 corp: 361/140Kb lim: 4096 exec/s: 47240 rss: 424Mb L: 1003/4066 MS: 3 ShuffleBytes-ShuffleBytes-EraseBytes-
#14858722	REDUCE cov: 308 ft: 1247 corp: 361/140Kb lim: 4096 exec/s: 47170 rss: 424Mb L: 374/4066 MS: 3 ChangeASCIIInt-EraseBytes-ChangeBinInt-
#14886938	REDUCE cov: 308 ft: 1247 corp: 361/140Kb lim: 4096 exec/s: 47260 rss: 424Mb L: 1113/4066 MS: 1 EraseBytes-
#14948156	REDUCE cov: 308 ft: 1247 corp: 361/140Kb lim: 4096 exec/s: 47155 rss: 424Mb L: 1841/4066 MS: 3 ChangeByte-CopyPart-EraseBytes-
#14951777	REDUCE cov: 308 ft: 1247 corp: 361/140Kb lim: 4096 exec/s: 47166 rss: 424Mb L: 59/4066 MS: 1 EraseBytes-
#15027443	REDUCE cov: 308 ft: 1247 corp: 361/140Kb lim: 4096 exec/s: 47107 rss: 424Mb L: 285/4066 MS: 1 EraseBytes-
#15027614	REDUCE cov: 308 ft: 1247 corp: 361/140Kb lim: 4096 exec/s: 47108 rss: 424Mb L: 1968/4066 MS: 1 EraseBytes-
#15053836	REDUCE cov: 308 ft: 1247 corp: 361/140Kb lim: 4096 exec/s: 47190 rss: 424Mb L: 989/4066 MS: 2 ChangeASCIIInt-EraseBytes-
#15151095	REDUCE cov: 308 ft: 1247 corp: 361/140Kb lim: 4096 exec/s: 47199 rss: 424Mb L: 1059/4066 MS: 4 ChangeByte-InsertByte-ChangeBinInt-EraseBytes-
#15183580	REDUCE cov: 308 ft: 1247 corp: 361/140Kb lim: 4096 exec/s: 47153 rss: 424Mb L: 1644/4066 MS: 5 ChangeBinInt-ShuffleBytes-ChangeBit-ChangeASCIIInt-EraseBytes-
#15210563	REDUCE cov: 308 ft: 1247 corp: 361/140Kb lim: 4096 exec/s: 47091 rss: 424Mb L: 442/4066 MS: 3 ChangeASCIIInt-EraseBytes-ChangeASCIIInt-
#15212989	REDUCE cov: 308 ft: 1247 corp: 361/140Kb lim: 4096 exec/s: 47099 rss: 424Mb L: 1042/4066 MS: 1 CrossOver-
#15235200	REDUCE cov: 308 ft: 1247 corp: 361/140Kb lim: 4096 exec/s: 47022 rss: 424Mb L: 481/4066 MS: 1 EraseBytes-
#15252637	REDUCE cov: 308 ft: 1247 corp: 361/140Kb lim: 4096 exec/s: 47076 rss: 424Mb L: 11/4066 MS: 2 ChangeBit-EraseBytes-
#15274760	REDUCE cov: 308 ft: 1247 corp: 361/140Kb lim: 4096 exec/s: 47144 rss: 424Mb L: 1459/4066 MS: 3 ShuffleBytes-InsertByte-EraseBytes-
#15297444	REDUCE cov: 308 ft: 1247 corp: 361/140Kb lim: 4096 exec/s: 47069 rss: 424Mb L: 1801/4066 MS: 4 InsertByte-EraseBytes-InsertByte-CopyPart-
#15299290	REDUCE cov: 308 ft: 1247 corp: 361/140Kb lim: 4096 exec/s: 47074 rss: 424Mb L: 234/4066 MS: 1 EraseBytes-
#15334194	REDUCE cov: 308 ft: 1247 corp: 361/140Kb lim: 4096 exec/s: 47037 rss: 424Mb L: 289/4066 MS: 4 CopyPart-ShuffleBytes-ChangeASCIIInt-EraseBytes-
#15475875	REDUCE cov: 308 ft: 1247 corp: 361/140Kb lim: 4096 exec/s: 47039 rss: 424Mb L: 1978/4066 MS: 1 EraseBytes-
#15528826	REDUCE cov: 308 ft: 1247 corp: 361/140Kb lim: 4096 exec/s: 47057 rss: 424Mb L: 321/4066 MS: 1 EraseBytes-
#15557532	REDUCE cov: 308 ft: 1247 corp: 361/140Kb lim: 4096 exec/s: 47001 rss: 424Mb L: 21/4066 MS: 1 EraseBytes-
#15561718	REDUCE cov: 308 ft: 1247 corp: 361/140Kb lim: 4096 exec/s: 47014 rss: 424Mb L: 1990/4066 MS: 1 EraseBytes-
#15756664	REDUCE cov: 308 ft: 1247 corp: 361/140Kb lim: 4096 exec/s: 46894 rss: 424Mb L: 288/4066 MS: 1 EraseBytes-
#15903910	REDUCE cov: 308 ft: 1247 corp: 361/140Kb lim: 4096 exec/s: 46914 rss: 424Mb L: 1923/4066 MS: 1 EraseBytes-
#15959783	REDUCE cov: 308 ft: 1247 corp: 361/140Kb lim: 4096 exec/s: 46940 rss: 424Mb L: 9/4066 MS: 3 EraseBytes-ChangeBit-ShuffleBytes-
#15962517	REDUCE cov: 308 ft: 1247 corp: 361/140Kb lim: 4096 exec/s: 46948 rss: 424Mb L: 1799/4066 MS: 4 ChangeByte-ChangeByte-EraseBytes-ChangeBinInt-
#15981132	REDUCE cov: 308 ft: 1247 corp: 361/140Kb lim: 4096 exec/s: 46865 rss: 424Mb L: 1853/4066 MS: 5 ShuffleBytes-ChangeBinInt-PersAutoDict-ChangeBit-EraseBytes- DE: "invalid literal/length code"-
#16016914	REDUCE cov: 308 ft: 1247 corp: 361/140Kb lim: 4096 exec/s: 46833 rss: 424Mb L: 1917/4066 MS: 2 ChangeBit-EraseBytes-
#16039340	REDUCE cov: 308 ft: 1247 corp: 361/140Kb lim: 4096 exec/s: 46898 rss: 424Mb L: 216/4066 MS: 1 EraseBytes-
#16052646	REDUCE cov: 308 ft: 1247 corp: 361/140Kb lim: 4096 exec/s: 46800 rss: 424Mb L: 1795/4066 MS: 1 EraseBytes-
#16084844	REDUCE cov: 308 ft: 1247 corp: 361/140Kb lim: 4096 exec/s: 46894 rss: 424Mb L: 1905/4066 MS: 3 EraseBytes-ChangeBit-InsertByte-
#16178035	REDUCE cov: 308 ft: 1247 corp: 361/140Kb lim: 4096 exec/s: 46892 rss: 424Mb L: 2761/4066 MS: 1 EraseBytes-
#16304641	REDUCE cov: 308 ft: 1247 corp: 361/140Kb lim: 4096 exec/s: 46852 rss: 424Mb L: 2074/4066 MS: 1 EraseBytes-
#16318667	REDUCE cov: 308 ft: 1247 corp: 361/140Kb lim: 4096 exec/s: 46758 rss: 424Mb L: 618/4066 MS: 1 EraseBytes-
#16427215	REDUCE cov: 308 ft: 1247 corp: 361/140Kb lim: 4096 exec/s: 46801 rss: 424Mb L: 1766/4066 MS: 3 ChangeBinInt-ShuffleBytes-EraseBytes-
#16439062	REDUCE cov: 308 ft: 1247 corp: 361/140Kb lim: 4096 exec/s: 46834 rss: 424Mb L: 1942/4066 MS: 2 EraseBytes-CMP- DE: "\377\377\377\377\377\377\377\377"-
#16447710	REDUCE cov: 308 ft: 1247 corp: 361/140Kb lim: 4096 exec/s: 46859 rss: 424Mb L: 122/4066 MS: 3 EraseBytes-ChangeBit-ChangeBit-
#16468331	REDUCE cov: 308 ft: 1247 corp: 361/140Kb lim: 4096 exec/s: 46785 rss: 424Mb L: 215/4066 MS: 1 EraseBytes-
#16470518	REDUCE cov: 308 ft: 1247 corp: 361/140Kb lim: 4096 exec/s: 46791 rss: 424Mb L: 1790/4066 MS: 2 ShuffleBytes-EraseBytes-
#16496614	REDUCE cov: 308 ft: 1247 corp: 361/140Kb lim: 4096 exec/s: 46732 rss: 424Mb L: 437/4066 MS: 1 EraseBytes-
#16561050	REDUCE cov: 308 ft: 1247 corp: 361/140Kb lim: 4096 exec/s: 46782 rss: 424Mb L: 1569/4066 MS: 1 EraseBytes-
#16605852	REDUCE cov: 308 ft: 1247 corp: 361/140Kb lim: 4096 exec/s: 46777 rss: 424Mb L: 638/4066 MS: 2 ChangeASCIIInt-EraseBytes-
#16628121	REDUCE cov: 308 ft: 1247 corp: 361/140Kb lim: 4096 exec/s: 46708 rss: 424Mb L: 1888/4066 MS: 4 CrossOver-ShuffleBytes-CopyPart-EraseBytes-
#16683181	REDUCE cov: 308 ft: 1247 corp: 361/140Kb lim: 4096 exec/s: 46731 rss: 424Mb L: 1450/4066 MS: 5 CMP-ChangeBinInt-EraseBytes-CopyPart-EraseBytes- DE: "\000\016"-
#16717102	REDUCE cov: 308 ft: 1247 corp: 361/140Kb lim: 4096 exec/s: 46695 rss: 424Mb L: 1386/4066 MS: 1 EraseBytes-
#16761718	REDUCE cov: 308 ft: 1247 corp: 361/140Kb lim: 4096 exec/s: 46690 rss: 424Mb L: 281/4066 MS: 1 EraseBytes-
#16777216	pulse  cov: 308 ft: 1247 corp: 361/140Kb lim: 4096 exec/s: 46733 rss: 424Mb
#16789815	REDUCE cov: 308 ft: 1247 corp: 361/140Kb lim: 4096 exec/s: 46768 rss: 424Mb L: 1801/4066 MS: 2 ChangeByte-EraseBytes-
#16801363	REDUCE cov: 308 ft: 1247 corp: 361/140Kb lim: 4096 exec/s: 46670 rss: 424Mb L: 1783/4066 MS: 3 ChangeByte-ChangeBit-EraseBytes-
#16892025	REDUCE cov: 308 ft: 1247 corp: 361/140Kb lim: 4096 exec/s: 46663 rss: 424Mb L: 235/4066 MS: 2 CrossOver-EraseBytes-
#16971115	REDUCE cov: 308 ft: 1247 corp: 361/140Kb lim: 4096 exec/s: 46752 rss: 424Mb L: 9/4066 MS: 5 ChangeBit-InsertByte-EraseBytes-ChangeBit-ChangeBinInt-
#16972470	REDUCE cov: 308 ft: 1247 corp: 361/140Kb lim: 4096 exec/s: 46756 rss: 424Mb L: 1852/4066 MS: 5 ChangeByte-ChangeByte-ShuffleBytes-ChangeBit-EraseBytes-
#17028906	REDUCE cov: 308 ft: 1247 corp: 361/140Kb lim: 4096 exec/s: 46654 rss: 424Mb L: 1037/4066 MS: 1 EraseBytes-
#17056927	REDUCE cov: 308 ft: 1247 corp: 361/140Kb lim: 4096 exec/s: 46731 rss: 424Mb L: 477/4066 MS: 1 EraseBytes-
#17076739	REDUCE cov: 308 ft: 1247 corp: 361/140Kb lim: 4096 exec/s: 46657 rss: 424Mb L: 1640/4066 MS: 2 ShuffleBytes-EraseBytes-
#17119911	REDUCE cov: 308 ft: 1247 corp: 361/140Kb lim: 4096 exec/s: 46648 rss: 424Mb L: 1440/4066 MS: 2 ShuffleBytes-EraseBytes-
#17131698	REDUCE cov: 308 ft: 1247 corp: 361/140Kb lim: 4096 exec/s: 46680 rss: 424Mb L: 1417/4066 MS: 2 CopyPart-EraseBytes-
#17148004	REDUCE cov: 308 ft: 1247 corp: 361/140Kb lim: 4096 exec/s: 46724 rss: 424Mb L: 974/4066 MS: 1 EraseBytes-
#17276021	REDUCE cov: 308 ft: 1247 corp: 361/140Kb lim: 4096 exec/s: 46691 rss: 424Mb L: 287/4066 MS: 2 ShuffleBytes-EraseBytes-
#17391462	REDUCE cov: 308 ft: 1247 corp: 361/140Kb lim: 4096 exec/s: 46625 rss: 424Mb L: 1894/4066 MS: 1 EraseBytes-
#17462953	REDUCE cov: 308 ft: 1247 corp: 361/140Kb lim: 4096 exec/s: 46692 rss: 424Mb L: 2039/4066 MS: 1 EraseBytes-
#17469739	REDUCE cov: 308 ft: 1247 corp: 361/140Kb lim: 4096 exec/s: 46585 rss: 424Mb L: 278/4066 MS: 1 EraseBytes-
#17494625	REDUCE cov: 308 ft: 1247 corp: 361/140Kb lim: 4096 exec/s: 46652 rss: 424Mb L: 116/4066 MS: 1 EraseBytes-
#17521268	REDUCE cov: 308 ft: 1247 corp: 361/140Kb lim: 4096 exec/s: 46599 rss: 424Mb L: 19/4066 MS: 3 ShuffleBytes-CrossOver-EraseBytes-
#17574419	REDUCE cov: 308 ft: 1247 corp: 361/140Kb lim: 4096 exec/s: 46616 rss: 424Mb L: 1640/4066 MS: 1 EraseBytes-
#17617900	REDUCE cov: 308 ft: 1247 corp: 361/140Kb lim: 4096 exec/s: 46608 rss: 424Mb L: 133/4066 MS: 1 EraseBytes-
#17630806	REDUCE cov: 308 ft: 1247 corp: 361/140Kb lim: 4096 exec/s: 46642 rss: 424Mb L: 145/4066 MS: 1 EraseBytes-
#17632192	REDUCE cov: 308 ft: 1247 corp: 361/140Kb lim: 4096 exec/s: 46646 rss: 424Mb L: 1396/4066 MS: 1 EraseBytes-
#17654989	REDUCE cov: 308 ft: 1247 corp: 361/140Kb lim: 4096 exec/s: 46583 rss: 424Mb L: 1952/4066 MS: 2 ChangeByte-EraseBytes-
#17668396	REDUCE cov: 308 ft: 1247 corp: 361/140Kb lim: 4096 exec/s: 46618 rss: 424Mb L: 8/4066 MS: 2 ChangeASCIIInt-EraseBytes-
#17818323	REDUCE cov: 308 ft: 1247 corp: 361/140Kb lim: 4096 exec/s: 46523 rss: 424Mb L: 796/4066 MS: 2 CrossOver-EraseBytes-
#17841434	REDUCE cov: 308 ft: 1247 corp: 361/140Kb lim: 4096 exec/s: 46583 rss: 424Mb L: 2062/4066 MS: 1 EraseBytes-
#17848100	REDUCE cov: 308 ft: 1247 corp: 361/140Kb lim: 4096 exec/s: 46600 rss: 424Mb L: 1551/4066 MS: 1 EraseBytes-
#17901866	REDUCE cov: 308 ft: 1247 corp: 361/140Kb lim: 4096 exec/s: 46498 rss: 424Mb L: 1762/4066 MS: 1 EraseBytes-
#17902592	REDUCE cov: 308 ft: 1247 corp: 361/140Kb lim: 4096 exec/s: 46500 rss: 424Mb L: 959/4066 MS: 1 EraseBytes-
#17925558	REDUCE cov: 308 ft: 1247 corp: 361/140Kb lim: 4096 exec/s: 46559 rss: 424Mb L: 372/4066 MS: 1 EraseBytes-
#18019155	REDUCE cov: 308 ft: 1247 corp: 361/140Kb lim: 4096 exec/s: 46561 rss: 424Mb L: 1926/4066 MS: 2 ShuffleBytes-EraseBytes-
#18209977	REDUCE cov: 308 ft: 1247 corp: 361/140Kb lim: 4096 exec/s: 46454 rss: 424Mb L: 1779/4066 MS: 2 ChangeASCIIInt-EraseBytes-
#18239154	REDUCE cov: 308 ft: 1247 corp: 361/140Kb lim: 4096 exec/s: 46410 rss: 424Mb L: 337/4066 MS: 2 ChangeASCIIInt-EraseBytes-
#18276755	REDUCE cov: 308 ft: 1247 corp: 361/140Kb lim: 4096 exec/s: 46387 rss: 424Mb L: 951/4066 MS: 1 EraseBytes-
#18421098	REDUCE cov: 308 ft: 1247 corp: 361/140Kb lim: 4096 exec/s: 46400 rss: 424Mb L: 3815/4066 MS: 3 ChangeBit-ChangeByte-EraseBytes-
#18447034	REDUCE cov: 308 ft: 1247 corp: 361/140Kb lim: 4096 exec/s: 46349 rss: 424Mb L: 100/4066 MS: 1 EraseBytes-
#18457170	REDUCE cov: 308 ft: 1247 corp: 361/140Kb lim: 4096 exec/s: 46374 rss: 424Mb L: 588/4066 MS: 1 EraseBytes-
#18598291	REDUCE cov: 308 ft: 1247 corp: 361/140Kb lim: 4096 exec/s: 46379 rss: 424Mb L: 458/4066 MS: 1 EraseBytes-
#18625008	REDUCE cov: 308 ft: 1247 corp: 361/140Kb lim: 4096 exec/s: 46330 rss: 424Mb L: 2355/4066 MS: 2 ChangeASCIIInt-EraseBytes-
#18753564	REDUCE cov: 308 ft: 1247 corp: 361/140Kb lim: 4096 exec/s: 46305 rss: 424Mb L: 423/4066 MS: 1 EraseBytes-
#18818020	REDUCE cov: 308 ft: 1247 corp: 361/140Kb lim: 4096 exec/s: 46349 rss: 424Mb L: 660/4066 MS: 1 EraseBytes-
#18818521	REDUCE cov: 308 ft: 1247 corp: 361/140Kb lim: 4096 exec/s: 46351 rss: 424Mb L: 733/4066 MS: 1 EraseBytes-
#18818776	REDUCE cov: 308 ft: 1247 corp: 361/140Kb lim: 4096 exec/s: 46351 rss: 424Mb L: 1877/4066 MS: 5 ChangeBinInt-CrossOver-ChangeBit-InsertRepeatedBytes-EraseBytes-
#18881518	REDUCE cov: 308 ft: 1247 corp: 361/140Kb lim: 4096 exec/s: 46278 rss: 424Mb L: 1423/4066 MS: 2 CopyPart-EraseBytes-
#18901139	REDUCE cov: 308 ft: 1247 corp: 361/140Kb lim: 4096 exec/s: 46326 rss: 424Mb L: 1376/4066 MS: 1 EraseBytes-
#19109480	REDUCE cov: 308 ft: 1247 corp: 361/140Kb lim: 4096 exec/s: 46269 rss: 424Mb L: 389/4066 MS: 1 EraseBytes-
#19128428	REDUCE cov: 308 ft: 1247 corp: 361/140Kb lim: 4096 exec/s: 46315 rss: 424Mb L: 609/4066 MS: 3 ShuffleBytes-ChangeByte-EraseBytes-
#19152849	REDUCE cov: 308 ft: 1247 corp: 361/140Kb lim: 4096 exec/s: 46262 rss: 424Mb L: 1876/4066 MS: 1 EraseBytes-
#19183450	REDUCE cov: 308 ft: 1247 corp: 361/140Kb lim: 4096 exec/s: 46225 rss: 424Mb L: 277/4066 MS: 1 EraseBytes-
#19197161	REDUCE cov: 308 ft: 1247 corp: 361/140Kb lim: 4096 exec/s: 46258 rss: 424Mb L: 2061/4066 MS: 1 EraseBytes-
#19206107	REDUCE cov: 308 ft: 1247 corp: 361/140Kb lim: 4096 exec/s: 46279 rss: 424Mb L: 1952/4066 MS: 1 EraseBytes-
#19355963	REDUCE cov: 308 ft: 1247 corp: 361/140Kb lim: 4096 exec/s: 46195 rss: 424Mb L: 304/4066 MS: 1 EraseBytes-
#19394164	REDUCE cov: 308 ft: 1247 corp: 361/140Kb lim: 4096 exec/s: 46176 rss: 424Mb L: 132/4066 MS: 1 EraseBytes-
#19581855	REDUCE cov: 308 ft: 1247 corp: 361/140Kb lim: 4096 exec/s: 46183 rss: 424Mb L: 233/4066 MS: 1 EraseBytes-
#19584636	REDUCE cov: 308 ft: 1247 corp: 361/140Kb lim: 4096 exec/s: 46190 rss: 424Mb L: 1368/4066 MS: 1 EraseBytes-
#19592397	REDUCE cov: 308 ft: 1247 corp: 361/140Kb lim: 4096 exec/s: 46099 rss: 424Mb L: 129/4066 MS: 1 EraseBytes-
#19596798	REDUCE cov: 308 ft: 1247 corp: 361/140Kb lim: 4096 exec/s: 46110 rss: 424Mb L: 1958/4066 MS: 1 EraseBytes-
#19677540	REDUCE cov: 308 ft: 1247 corp: 361/140Kb lim: 4096 exec/s: 46191 rss: 424Mb L: 227/4066 MS: 1 EraseBytes-
#19679917	REDUCE cov: 308 ft: 1247 corp: 361/140Kb lim: 4096 exec/s: 46088 rss: 424Mb L: 1716/4066 MS: 2 ChangeASCIIInt-EraseBytes-
#19712524	REDUCE cov: 308 ft: 1247 corp: 361/140Kb lim: 4096 exec/s: 46165 rss: 424Mb L: 2043/4066 MS: 2 ShuffleBytes-CrossOver-
#19763780	REDUCE cov: 308 ft: 1247 corp: 361/140Kb lim: 4096 exec/s: 46177 rss: 424Mb L: 1918/4066 MS: 1 EraseBytes-
#19779501	REDUCE cov: 308 ft: 1247 corp: 361/140Kb lim: 4096 exec/s: 46106 rss: 424Mb L: 633/4066 MS: 1 EraseBytes-
#19788327	REDUCE cov: 308 ft: 1247 corp: 361/140Kb lim: 4096 exec/s: 46126 rss: 424Mb L: 1957/4066 MS: 1 EraseBytes-
#19803268	REDUCE cov: 308 ft: 1247 corp: 361/140Kb lim: 4096 exec/s: 46161 rss: 424Mb L: 1754/4066 MS: 1 EraseBytes-
#19850065	REDUCE cov: 308 ft: 1247 corp: 361/140Kb lim: 4096 exec/s: 46055 rss: 424Mb L: 17/4066 MS: 2 ChangeBit-EraseBytes-
#19932477	REDUCE cov: 308 ft: 1247 corp: 361/140Kb lim: 4096 exec/s: 46033 rss: 424Mb L: 1419/4066 MS: 2 ChangeBit-EraseBytes-
#20019413	REDUCE cov: 308 ft: 1247 corp: 361/140Kb lim: 4096 exec/s: 46021 rss: 424Mb L: 1382/4066 MS: 1 EraseBytes-
#20032945	REDUCE cov: 308 ft: 1247 corp: 361/140Kb lim: 4096 exec/s: 46052 rss: 424Mb L: 1774/4066 MS: 2 ChangeBinInt-EraseBytes-
#20084731	REDUCE cov: 308 ft: 1247 corp: 361/140Kb lim: 4096 exec/s: 46065 rss: 424Mb L: 612/4066 MS: 1 EraseBytes-
#20150360	REDUCE cov: 308 ft: 1247 corp: 361/140Kb lim: 4096 exec/s: 46005 rss: 424Mb L: 11/4066 MS: 4 EraseBytes-EraseBytes-CrossOver-ChangeByte-
#20236966	REDUCE cov: 308 ft: 1247 corp: 361/140Kb lim: 4096 exec/s: 45993 rss: 424Mb L: 1644/4066 MS: 1 EraseBytes-
#20329118	REDUCE cov: 308 ft: 1247 corp: 361/140Kb lim: 4096 exec/s: 45993 rss: 424Mb L: 2466/4066 MS: 2 CrossOver-EraseBytes-
#20340236	REDUCE cov: 308 ft: 1247 corp: 361/139Kb lim: 4096 exec/s: 46018 rss: 424Mb L: 1857/4066 MS: 3 EraseBytes-CopyPart-CopyPart-
#20389089	REDUCE cov: 308 ft: 1247 corp: 361/139Kb lim: 4096 exec/s: 46025 rss: 424Mb L: 13/4066 MS: 3 ChangeBit-ManualDict-EraseBytes- DE: ", "-
#20406970	REDUCE cov: 308 ft: 1247 corp: 361/139Kb lim: 4096 exec/s: 45961 rss: 424Mb L: 1577/4066 MS: 1 EraseBytes-
#20443147	REDUCE cov: 308 ft: 1247 corp: 361/139Kb lim: 4096 exec/s: 45939 rss: 424Mb L: 2463/4066 MS: 2 ChangeASCIIInt-EraseBytes-
#20449296	REDUCE cov: 308 ft: 1247 corp: 361/139Kb lim: 4096 exec/s: 45953 rss: 424Mb L: 128/4066 MS: 4 ChangeByte-ChangeBit-InsertByte-EraseBytes-
#20458187	REDUCE cov: 308 ft: 1247 corp: 361/139Kb lim: 4096 exec/s: 45973 rss: 424Mb L: 915/4066 MS: 1 EraseBytes-
#20580003	REDUCE cov: 308 ft: 1247 corp: 361/139Kb lim: 4096 exec/s: 45937 rss: 424Mb L: 605/4066 MS: 1 EraseBytes-
#20622455	REDUCE cov: 308 ft: 1247 corp: 361/139Kb lim: 4096 exec/s: 45929 rss: 424Mb L: 2037/4066 MS: 2 ShuffleBytes-EraseBytes-
#20660846	REDUCE cov: 308 ft: 1247 corp: 361/139Kb lim: 4096 exec/s: 45912 rss: 424Mb L: 772/4066 MS: 1 EraseBytes-
#20764372	REDUCE cov: 308 ft: 1247 corp: 361/139Kb lim: 4096 exec/s: 45938 rss: 424Mb L: 1850/4066 MS: 1 EraseBytes-
#20929818	REDUCE cov: 308 ft: 1247 corp: 361/139Kb lim: 4096 exec/s: 45898 rss: 424Mb L: 1748/4066 MS: 1 EraseBytes-
#20948570	REDUCE cov: 308 ft: 1247 corp: 361/139Kb lim: 4096 exec/s: 45939 rss: 424Mb L: 621/4066 MS: 2 ChangeASCIIInt-EraseBytes-
#20969699	REDUCE cov: 308 ft: 1247 corp: 361/139Kb lim: 4096 exec/s: 45885 rss: 424Mb L: 1777/4066 MS: 4 EraseBytes-CopyPart-ShuffleBytes-CopyPart-
#20998622	REDUCE cov: 308 ft: 1247 corp: 361/139Kb lim: 4096 exec/s: 45848 rss: 424Mb L: 1989/4066 MS: 3 ChangeASCIIInt-ChangeBit-EraseBytes-
#21011920	REDUCE cov: 308 ft: 1247 corp: 361/139Kb lim: 4096 exec/s: 45877 rss: 424Mb L: 12/4066 MS: 3 InsertByte-ChangeBit-EraseBytes-
#21014852	REDUCE cov: 308 ft: 1247 corp: 361/139Kb lim: 4096 exec/s: 45883 rss: 424Mb L: 1775/4066 MS: 2 ShuffleBytes-EraseBytes-
#21071809	REDUCE cov: 308 ft: 1247 corp: 361/139Kb lim: 4096 exec/s: 45908 rss: 424Mb L: 1825/4066 MS: 1 EraseBytes-
#21130790	REDUCE cov: 308 ft: 1247 corp: 361/139Kb lim: 4096 exec/s: 45836 rss: 424Mb L: 1571/4066 MS: 1 EraseBytes-
#21131044	REDUCE cov: 308 ft: 1247 corp: 361/139Kb lim: 4096 exec/s: 45837 rss: 424Mb L: 1765/4066 MS: 4 ShuffleBytes-EraseBytes-CMP-ChangeASCIIInt- DE: "\372\377\377\377"-
#21153160	REDUCE cov: 308 ft: 1247 corp: 361/139Kb lim: 4096 exec/s: 45885 rss: 424Mb L: 1941/4066 MS: 1 EraseBytes-
#21159931	REDUCE cov: 308 ft: 1247 corp: 361/139Kb lim: 4096 exec/s: 45900 rss: 424Mb L: 56/4066 MS: 1 EraseBytes-
#21304122	REDUCE cov: 308 ft: 1247 corp: 361/139Kb lim: 4096 exec/s: 45815 rss: 424Mb L: 2432/4066 MS: 1 EraseBytes-
#21321195	REDUCE cov: 308 ft: 1247 corp: 361/139Kb lim: 4096 exec/s: 45852 rss: 424Mb L: 19/4066 MS: 3 EraseBytes-ChangeBinInt-InsertByte-
#21366791	REDUCE cov: 308 ft: 1247 corp: 361/139Kb lim: 4096 exec/s: 45851 rss: 424Mb L: 2138/4066 MS: 1 EraseBytes-
#21368081	REDUCE cov: 308 ft: 1247 corp: 361/139Kb lim: 4096 exec/s: 45854 rss: 424Mb L: 11/4066 MS: 5 CMP-EraseBytes-ChangeBit-ChangeBit-EraseBytes- DE: "\377\377\377\377"-
#21391403	REDUCE cov: 308 ft: 1247 corp: 361/139Kb lim: 4096 exec/s: 45806 rss: 424Mb L: 6/4066 MS: 2 EraseBytes-ChangeBit-
#21469277	REDUCE cov: 308 ft: 1247 corp: 361/139Kb lim: 4096 exec/s: 45776 rss: 424Mb L: 1694/4066 MS: 4 CopyPart-InsertByte-CopyPart-EraseBytes-
#21506798	REDUCE cov: 308 ft: 1247 corp: 361/139Kb lim: 4096 exec/s: 45856 rss: 424Mb L: 55/4066 MS: 1 EraseBytes-
#21598916	REDUCE cov: 308 ft: 1247 corp: 361/139Kb lim: 4096 exec/s: 45760 rss: 424Mb L: 323/4066 MS: 3 InsertRepeatedBytes-EraseBytes-InsertRepeatedBytes-
#21611607	REDUCE cov: 308 ft: 1247 corp: 361/139Kb lim: 4096 exec/s: 45787 rss: 424Mb L: 283/4066 MS: 1 EraseBytes-
#21616713	REDUCE cov: 308 ft: 1247 corp: 361/139Kb lim: 4096 exec/s: 45798 rss: 424Mb L: 789/4066 MS: 1 EraseBytes-
#21768649	REDUCE cov: 308 ft: 1247 corp: 361/139Kb lim: 4096 exec/s: 45732 rss: 424Mb L: 314/4066 MS: 1 EraseBytes-
#21782970	REDUCE cov: 308 ft: 1247 corp: 361/139Kb lim: 4096 exec/s: 45762 rss: 424Mb L: 317/4066 MS: 1 EraseBytes-
#21821991	REDUCE cov: 308 ft: 1247 corp: 361/139Kb lim: 4096 exec/s: 45748 rss: 424Mb L: 387/4066 MS: 1 EraseBytes-
#21899208	REDUCE cov: 308 ft: 1247 corp: 361/139Kb lim: 4096 exec/s: 45718 rss: 424Mb L: 1950/4066 MS: 2 ManualDict-EraseBytes- DE: "bad compressed size"-
#21954559	REDUCE cov: 308 ft: 1247 corp: 361/139Kb lim: 4096 exec/s: 45643 rss: 424Mb L: 1764/4066 MS: 1 EraseBytes-
#21961190	REDUCE cov: 308 ft: 1247 corp: 361/139Kb lim: 4096 exec/s: 45657 rss: 424Mb L: 90/4066 MS: 1 EraseBytes-
#21965781	REDUCE cov: 308 ft: 1247 corp: 361/139Kb lim: 4096 exec/s: 45666 rss: 424Mb L: 604/4066 MS: 1 EraseBytes-
#21977242	REDUCE cov: 308 ft: 1247 corp: 361/139Kb lim: 4096 exec/s: 45690 rss: 424Mb L: 1875/4066 MS: 1 EraseBytes-
#22008833	REDUCE cov: 308 ft: 1247 corp: 361/139Kb lim: 4096 exec/s: 45661 rss: 424Mb L: 1029/4066 MS: 1 EraseBytes-
#22014514	REDUCE cov: 308 ft: 1247 corp: 361/139Kb lim: 4096 exec/s: 45673 rss: 424Mb L: 2343/4066 MS: 1 EraseBytes-
#22183015	REDUCE cov: 308 ft: 1247 corp: 361/139Kb lim: 4096 exec/s: 45644 rss: 424Mb L: 3050/4066 MS: 1 EraseBytes-
#22187661	REDUCE cov: 308 ft: 1247 corp: 361/139Kb lim: 4096 exec/s: 45653 rss: 424Mb L: 1637/4066 MS: 1 EraseBytes-
#22202457	REDUCE cov: 308 ft: 1247 corp: 361/139Kb lim: 4096 exec/s: 45684 rss: 424Mb L: 862/4066 MS: 1 EraseBytes-
#22230663	REDUCE cov: 308 ft: 1247 corp: 361/139Kb lim: 4096 exec/s: 45648 rss: 424Mb L: 1870/4066 MS: 1 EraseBytes-
#22261600	REDUCE cov: 308 ft: 1247 corp: 361/139Kb lim: 4096 exec/s: 45618 rss: 424Mb L: 98/4066 MS: 2 ChangeByte-EraseBytes-
#22271211	REDUCE cov: 308 ft: 1247 corp: 361/139Kb lim: 4096 exec/s: 45637 rss: 424Mb L: 1374/4066 MS: 1 EraseBytes-
#22278262	REDUCE cov: 308 ft: 1247 corp: 361/139Kb lim: 4096 exec/s: 45652 rss: 424Mb L: 52/4066 MS: 1 EraseBytes-
#22292313	REDUCE cov: 308 ft: 1247 corp: 361/139Kb lim: 4096 exec/s: 45587 rss: 424Mb L: 2348/4066 MS: 1 EraseBytes-
#22338424	REDUCE cov: 308 ft: 1247 corp: 361/139Kb lim: 4096 exec/s: 45588 rss: 424Mb L: 602/4066 MS: 1 EraseBytes-
#22400300	REDUCE cov: 308 ft: 1247 corp: 361/139Kb lim: 4096 exec/s: 45621 rss: 424Mb L: 1821/4066 MS: 1 EraseBytes-
#22416911	REDUCE cov: 308 ft: 1247 corp: 361/139Kb lim: 4096 exec/s: 45562 rss: 424Mb L: 917/4066 MS: 1 EraseBytes-
#22461492	REDUCE cov: 308 ft: 1247 corp: 361/139Kb lim: 4096 exec/s: 45560 rss: 424Mb L: 2427/4066 MS: 1 EraseBytes-
#22468849	REDUCE cov: 308 ft: 1247 corp: 361/139Kb lim: 4096 exec/s: 45575 rss: 424Mb L: 590/4066 MS: 2 ChangeASCIIInt-EraseBytes-
#22491301	REDUCE cov: 308 ft: 1247 corp: 361/139Kb lim: 4096 exec/s: 45528 rss: 425Mb L: 657/4066 MS: 2 EraseBytes-InsertByte-
#22494777	REDUCE cov: 308 ft: 1247 corp: 361/139Kb lim: 4096 exec/s: 45535 rss: 425Mb L: 1847/4066 MS: 1 EraseBytes-
#22497808	REDUCE cov: 308 ft: 1247 corp: 361/139Kb lim: 4096 exec/s: 45542 rss: 425Mb L: 1907/4066 MS: 1 EraseBytes-
#22668519	REDUCE cov: 308 ft: 1247 corp: 361/139Kb lim: 4096 exec/s: 45519 rss: 425Mb L: 2275/4066 MS: 1 EraseBytes-
#22773236	REDUCE cov: 308 ft: 1247 corp: 361/139Kb lim: 4096 exec/s: 45546 rss: 425Mb L: 1869/4066 MS: 2 ChangeByte-EraseBytes-
#22830202	REDUCE cov: 308 ft: 1247 corp: 361/139Kb lim: 4096 exec/s: 45478 rss: 425Mb L: 303/4066 MS: 1 EraseBytes-
#22845883	REDUCE cov: 308 ft: 1247 corp: 361/139Kb lim: 4096 exec/s: 45509 rss: 425Mb L: 1772/4066 MS: 1 EraseBytes-
#22897245	REDUCE cov: 308 ft: 1247 corp: 361/139Kb lim: 4096 exec/s: 45521 rss: 425Mb L: 300/4066 MS: 2 CMP-EraseBytes- DE: "@S"-
#22984231	REDUCE cov: 308 ft: 1247 corp: 361/139Kb lim: 4096 exec/s: 45513 rss: 425Mb L: 332/4066 MS: 1 EraseBytes-
#22994210	REDUCE cov: 308 ft: 1247 corp: 361/139Kb lim: 4096 exec/s: 45443 rss: 425Mb L: 197/4066 MS: 4 ManualDict-CopyPart-EraseBytes-ChangeBinInt- DE: " or "-
#22997941	REDUCE cov: 308 ft: 1247 corp: 361/139Kb lim: 4096 exec/s: 45450 rss: 425Mb L: 600/4066 MS: 1 EraseBytes-
#23049987	REDUCE cov: 308 ft: 1247 corp: 361/139Kb lim: 4096 exec/s: 45463 rss: 425Mb L: 1760/4066 MS: 1 EraseBytes-
#23106058	REDUCE cov: 308 ft: 1247 corp: 361/139Kb lim: 4096 exec/s: 45484 rss: 425Mb L: 1821/4066 MS: 1 EraseBytes-
#23110336	REDUCE cov: 308 ft: 1247 corp: 361/139Kb lim: 4096 exec/s: 45492 rss: 425Mb L: 8/4066 MS: 3 ShuffleBytes-EraseBytes-InsertByte-
#23118002	REDUCE cov: 308 ft: 1247 corp: 361/139Kb lim: 4096 exec/s: 45418 rss: 425Mb L: 1868/4066 MS: 1 EraseBytes-
#23195349	REDUCE cov: 308 ft: 1247 corp: 361/139Kb lim: 4096 exec/s: 45481 rss: 425Mb L: 1643/4066 MS: 2 ChangeByte-EraseBytes-
#23313165	REDUCE cov: 308 ft: 1247 corp: 361/139Kb lim: 4096 exec/s: 45444 rss: 425Mb L: 7/4066 MS: 1 EraseBytes-
#23485166	REDUCE cov: 308 ft: 1247 corp: 361/139Kb lim: 4096 exec/s: 45425 rss: 425Mb L: 6/4066 MS: 1 EraseBytes-
#23537269	REDUCE cov: 308 ft: 1247 corp: 361/139Kb lim: 4096 exec/s: 45438 rss: 425Mb L: 1530/4066 MS: 2 EraseBytes-CrossOver-
#23541661	REDUCE cov: 308 ft: 1247 corp: 361/139Kb lim: 4096 exec/s: 45447 rss: 425Mb L: 901/4066 MS: 2 ShuffleBytes-EraseBytes-
#23564693	REDUCE cov: 308 ft: 1247 corp: 361/139Kb lim: 4096 exec/s: 45404 rss: 425Mb L: 766/4066 MS: 2 EraseBytes-CopyPart-
#23579754	REDUCE cov: 308 ft: 1247 corp: 361/139Kb lim: 4096 exec/s: 45433 rss: 425Mb L: 294/4066 MS: 1 EraseBytes-
#23639440	REDUCE cov: 308 ft: 1247 corp: 361/139Kb lim: 4096 exec/s: 45373 rss: 425Mb L: 1123/4066 MS: 1 EraseBytes-
#23768397	REDUCE cov: 308 ft: 1247 corp: 361/139Kb lim: 4096 exec/s: 45359 rss: 425Mb L: 897/4066 MS: 2 ShuffleBytes-EraseBytes-
#23788048	REDUCE cov: 308 ft: 1247 corp: 361/139Kb lim: 4096 exec/s: 45397 rss: 425Mb L: 1756/4066 MS: 1 EraseBytes-
#23820889	REDUCE cov: 308 ft: 1247 corp: 361/139Kb lim: 4096 exec/s: 45373 rss: 425Mb L: 1859/4066 MS: 1 EraseBytes-
#23821065	REDUCE cov: 308 ft: 1247 corp: 361/139Kb lim: 4096 exec/s: 45373 rss: 425Mb L: 381/4066 MS: 1 EraseBytes-
#23858756	REDUCE cov: 308 ft: 1247 corp: 361/139Kb lim: 4096 exec/s: 45358 rss: 425Mb L: 194/4066 MS: 1 EraseBytes-
#23872904	REDUCE cov: 308 ft: 1247 corp: 361/139Kb lim: 4096 exec/s: 45385 rss: 425Mb L: 10/4066 MS: 3 InsertByte-EraseBytes-ShuffleBytes-
#23919712	REDUCE cov: 308 ft: 1247 corp: 361/139Kb lim: 4096 exec/s: 45302 rss: 425Mb L: 43/4066 MS: 3 ChangeBit-ChangeBit-EraseBytes-
#23927615	REDUCE cov: 308 ft: 1247 corp: 361/139Kb lim: 4096 exec/s: 45317 rss: 425Mb L: 1897/4066 MS: 3 EraseBytes-ShuffleBytes-PersAutoDict- DE: "state corrupt"-
#23948776	REDUCE cov: 308 ft: 1247 corp: 361/139Kb lim: 4096 exec/s: 45357 rss: 425Mb L: 12/4066 MS: 1 EraseBytes-
#24006242	REDUCE cov: 308 ft: 1247 corp: 361/139Kb lim: 4096 exec/s: 45294 rss: 425Mb L: 1799/4066 MS: 1 EraseBytes-
#24099193	REDUCE cov: 308 ft: 1247 corp: 361/139Kb lim: 4096 exec/s: 45299 rss: 425Mb L: 879/4066 MS: 1 EraseBytes-
#24114120	REDUCE cov: 308 ft: 1247 corp: 361/139Kb lim: 4096 exec/s: 45242 rss: 425Mb L: 57/4066 MS: 2 EraseBytes-CrossOver-
#24226067	REDUCE cov: 308 ft: 1247 corp: 361/139Kb lim: 4096 exec/s: 45282 rss: 425Mb L: 1826/4066 MS: 2 CMP-EraseBytes- DE: "?G"-
#24229483	REDUCE cov: 308 ft: 1247 corp: 361/139Kb lim: 4096 exec/s: 45204 rss: 425Mb L: 50/4066 MS: 1 EraseBytes-
#24243759	REDUCE cov: 308 ft: 1247 corp: 361/139Kb lim: 4096 exec/s: 45230 rss: 425Mb L: 1629/4066 MS: 1 EraseBytes-
#24255490	REDUCE cov: 308 ft: 1247 corp: 361/139Kb lim: 4096 exec/s: 45252 rss: 425Mb L: 728/4066 MS: 1 EraseBytes-
#24433807	REDUCE cov: 308 ft: 1247 corp: 361/139Kb lim: 4096 exec/s: 45164 rss: 425Mb L: 1679/4066 MS: 2 PersAutoDict-EraseBytes- DE: "@S"-
#24506923	REDUCE cov: 308 ft: 1247 corp: 361/139Kb lim: 4096 exec/s: 45215 rss: 425Mb L: 1121/4066 MS: 1 EraseBytes-
#24536904	REDUCE cov: 308 ft: 1247 corp: 361/139Kb lim: 4096 exec/s: 45187 rss: 425Mb L: 610/4066 MS: 1 EraseBytes-
#24592750	REDUCE cov: 308 ft: 1247 corp: 361/139Kb lim: 4096 exec/s: 45124 rss: 425Mb L: 857/4066 MS: 1 EraseBytes-
#24596071	REDUCE cov: 308 ft: 1247 corp: 361/139Kb lim: 4096 exec/s: 45130 rss: 425Mb L: 275/4066 MS: 1 EraseBytes-
#24619777	REDUCE cov: 308 ft: 1247 corp: 361/139Kb lim: 4096 exec/s: 45173 rss: 425Mb L: 32/4066 MS: 1 EraseBytes-
#24711433	REDUCE cov: 308 ft: 1247 corp: 361/139Kb lim: 4096 exec/s: 45176 rss: 425Mb L: 2404/4066 MS: 1 EraseBytes-
#24719414	REDUCE cov: 308 ft: 1247 corp: 361/139Kb lim: 4096 exec/s: 45108 rss: 425Mb L: 1028/4066 MS: 1 EraseBytes-
#24788535	REDUCE cov: 308 ft: 1247 corp: 361/139Kb lim: 4096 exec/s: 45152 rss: 425Mb L: 309/4066 MS: 1 EraseBytes-
#24817021	REDUCE cov: 308 ft: 1247 corp: 361/139Kb lim: 4096 exec/s: 45121 rss: 425Mb L: 56/4066 MS: 1 EraseBytes-
#24900008	REDUCE cov: 308 ft: 1247 corp: 361/139Kb lim: 4096 exec/s: 45108 rss: 425Mb L: 1781/4066 MS: 2 EraseBytes-InsertByte-
#24970965	REDUCE cov: 308 ft: 1247 corp: 361/139Kb lim: 4096 exec/s: 45073 rss: 425Mb L: 2079/4066 MS: 2 ChangeBit-EraseBytes-
#24983731	REDUCE cov: 308 ft: 1247 corp: 361/138Kb lim: 4096 exec/s: 45096 rss: 425Mb L: 719/4066 MS: 1 EraseBytes-
#25096393	REDUCE cov: 308 ft: 1247 corp: 361/138Kb lim: 4096 exec/s: 45056 rss: 425Mb L: 1720/4066 MS: 2 ChangeBit-EraseBytes-
#25126985	REDUCE cov: 308 ft: 1247 corp: 361/138Kb lim: 4096 exec/s: 45030 rss: 425Mb L: 127/4066 MS: 2 ChangeBit-EraseBytes-
#25142336	REDUCE cov: 308 ft: 1247 corp: 361/138Kb lim: 4096 exec/s: 45057 rss: 425Mb L: 2342/4066 MS: 1 EraseBytes-
#25203857	REDUCE cov: 308 ft: 1247 corp: 361/138Kb lim: 4096 exec/s: 45006 rss: 425Mb L: 1855/4066 MS: 1 EraseBytes-
#25250619	REDUCE cov: 308 ft: 1247 corp: 361/138Kb lim: 4096 exec/s: 45010 rss: 425Mb L: 953/4066 MS: 2 ShuffleBytes-EraseBytes-
#25251835	REDUCE cov: 308 ft: 1247 corp: 361/138Kb lim: 4096 exec/s: 45012 rss: 425Mb L: 418/4066 MS: 1 EraseBytes-
#25304266	REDUCE cov: 308 ft: 1247 corp: 361/138Kb lim: 4096 exec/s: 44945 rss: 425Mb L: 231/4066 MS: 1 EraseBytes-
#25315703	REDUCE cov: 308 ft: 1247 corp: 361/138Kb lim: 4096 exec/s: 44965 rss: 425Mb L: 1553/4066 MS: 2 CopyPart-EraseBytes-
#25337577	REDUCE cov: 308 ft: 1247 corp: 361/138Kb lim: 4096 exec/s: 44924 rss: 425Mb L: 214/4066 MS: 4 ChangeBinInt-CopyPart-EraseBytes-CrossOver-
#25373953	REDUCE cov: 308 ft: 1247 corp: 361/138Kb lim: 4096 exec/s: 44909 rss: 425Mb L: 580/4066 MS: 1 EraseBytes-
#25407914	REDUCE cov: 308 ft: 1247 corp: 361/138Kb lim: 4096 exec/s: 44890 rss: 425Mb L: 54/4066 MS: 1 EraseBytes-
#25477395	REDUCE cov: 308 ft: 1247 corp: 361/138Kb lim: 4096 exec/s: 44933 rss: 425Mb L: 96/4066 MS: 1 EraseBytes-
#25528361	REDUCE cov: 308 ft: 1247 corp: 361/138Kb lim: 4096 exec/s: 44944 rss: 425Mb L: 2741/4066 MS: 1 EraseBytes-
#25550777	REDUCE cov: 308 ft: 1247 corp: 361/138Kb lim: 4096 exec/s: 44904 rss: 425Mb L: 1827/4066 MS: 1 EraseBytes-
#25556349	REDUCE cov: 308 ft: 1247 corp: 361/138Kb lim: 4096 exec/s: 44914 rss: 425Mb L: 1712/4066 MS: 2 ChangeByte-EraseBytes-
#25580700	REDUCE cov: 308 ft: 1247 corp: 361/138Kb lim: 4096 exec/s: 44878 rss: 425Mb L: 1025/4066 MS: 1 EraseBytes-
#25590616	REDUCE cov: 308 ft: 1247 corp: 361/138Kb lim: 4096 exec/s: 44895 rss: 425Mb L: 835/4066 MS: 1 EraseBytes-
#25662742	REDUCE cov: 308 ft: 1247 corp: 361/138Kb lim: 4096 exec/s: 44864 rss: 425Mb L: 1761/4066 MS: 1 EraseBytes-
#25681387	REDUCE cov: 308 ft: 1247 corp: 361/138Kb lim: 4096 exec/s: 44897 rss: 425Mb L: 426/4066 MS: 5 InsertByte-CopyPart-ShuffleBytes-EraseBytes-EraseBytes-
#25736663	REDUCE cov: 308 ft: 1247 corp: 361/138Kb lim: 4096 exec/s: 44837 rss: 425Mb L: 1109/4066 MS: 1 EraseBytes-
#25775079	REDUCE cov: 308 ft: 1247 corp: 361/138Kb lim: 4096 exec/s: 44826 rss: 425Mb L: 364/4066 MS: 1 EraseBytes-
#25845280	REDUCE cov: 308 ft: 1247 corp: 361/138Kb lim: 4096 exec/s: 44792 rss: 425Mb L: 209/4066 MS: 1 EraseBytes-
#25855221	REDUCE cov: 308 ft: 1247 corp: 361/138Kb lim: 4096 exec/s: 44809 rss: 425Mb L: 53/4066 MS: 1 EraseBytes-
#25916267	REDUCE cov: 308 ft: 1247 corp: 361/138Kb lim: 4096 exec/s: 44837 rss: 425Mb L: 420/4066 MS: 1 EraseBytes-
#25930848	REDUCE cov: 308 ft: 1247 corp: 361/138Kb lim: 4096 exec/s: 44785 rss: 425Mb L: 655/4066 MS: 1 EraseBytes-
#26011619	REDUCE cov: 308 ft: 1247 corp: 361/138Kb lim: 4096 exec/s: 44770 rss: 425Mb L: 417/4066 MS: 1 EraseBytes-
#26032505	REDUCE cov: 308 ft: 1247 corp: 361/138Kb lim: 4096 exec/s: 44806 rss: 425Mb L: 946/4066 MS: 1 EraseBytes-
#26056367	REDUCE cov: 308 ft: 1247 corp: 361/138Kb lim: 4096 exec/s: 44770 rss: 425Mb L: 110/4066 MS: 2 ShuffleBytes-EraseBytes-
#26064513	REDUCE cov: 308 ft: 1247 corp: 361/138Kb lim: 4096 exec/s: 44784 rss: 425Mb L: 95/4066 MS: 1 EraseBytes-
#26159149	REDUCE cov: 308 ft: 1247 corp: 361/138Kb lim: 4096 exec/s: 44793 rss: 425Mb L: 614/4066 MS: 1 EraseBytes-
#26165380	REDUCE cov: 308 ft: 1247 corp: 361/138Kb lim: 4096 exec/s: 44803 rss: 425Mb L: 1005/4066 MS: 1 EraseBytes-
#26192291	REDUCE cov: 308 ft: 1247 corp: 361/138Kb lim: 4096 exec/s: 44773 rss: 425Mb L: 1752/4066 MS: 1 EraseBytes-
#26213617	REDUCE cov: 308 ft: 1247 corp: 361/138Kb lim: 4096 exec/s: 44733 rss: 425Mb L: 418/4066 MS: 1 EraseBytes-
#26252468	REDUCE cov: 308 ft: 1247 corp: 361/138Kb lim: 4096 exec/s: 44723 rss: 425Mb L: 2036/4066 MS: 1 EraseBytes-
#26261119	REDUCE cov: 308 ft: 1247 corp: 361/138Kb lim: 4096 exec/s: 44737 rss: 425Mb L: 613/4066 MS: 1 EraseBytes-
#26262080	REDUCE cov: 308 ft: 1247 corp: 361/138Kb lim: 4096 exec/s: 44739 rss: 425Mb L: 1628/4066 MS: 1 EraseBytes-
#26279576	REDUCE cov: 308 ft: 1247 corp: 361/138Kb lim: 4096 exec/s: 44769 rss: 425Mb L: 1608/4066 MS: 1 EraseBytes-
#26335857	REDUCE cov: 308 ft: 1247 corp: 361/138Kb lim: 4096 exec/s: 44712 rss: 425Mb L: 1551/4066 MS: 1 EraseBytes-
#26490654	REDUCE cov: 308 ft: 1247 corp: 361/138Kb lim: 4096 exec/s: 44747 rss: 425Mb L: 2337/4066 MS: 1 EraseBytes-
#26552646	REDUCE cov: 308 ft: 1247 corp: 361/138Kb lim: 4096 exec/s: 44701 rss: 425Mb L: 1964/4066 MS: 2 ChangeASCIIInt-EraseBytes-
#26570347	REDUCE cov: 308 ft: 1247 corp: 361/138Kb lim: 4096 exec/s: 44731 rss: 425Mb L: 207/4066 MS: 1 EraseBytes-
#26588928	REDUCE cov: 308 ft: 1247 corp: 361/138Kb lim: 4096 exec/s: 44687 rss: 425Mb L: 374/4066 MS: 1 EraseBytes-
#26604799	REDUCE cov: 308 ft: 1247 corp: 361/138Kb lim: 4096 exec/s: 44713 rss: 425Mb L: 1751/4066 MS: 1 EraseBytes-
#26607912	REDUCE cov: 308 ft: 1247 corp: 361/138Kb lim: 4096 exec/s: 44719 rss: 425Mb L: 2129/4066 MS: 3 ManualDict-EraseBytes-ManualDict- DE: "Code too clever"-", "-
#26661274	REDUCE cov: 308 ft: 1247 corp: 361/138Kb lim: 4096 exec/s: 44733 rss: 425Mb L: 1848/4066 MS: 2 PersAutoDict-EraseBytes- DE: "   {"-
#26817724	DONE   cov: 308 ft: 1247 corp: 361/138Kb lim: 4096 exec/s: 44621 rss: 425Mb
###### Recommended dictionary. ######
"\032\000" # Uses: 249611
"\377\377\377\377\377\377\377\377" # Uses: 54635
"\000\016" # Uses: 54353
"\372\377\377\377" # Uses: 25919
"\377\377\377\377" # Uses: 24617
"@S" # Uses: 17065
"?G" # Uses: 11072
###### End of recommended dictionary. ######
Done 26817724 runs in 601 second(s)
stat::number_of_executed_units: 26817724
stat::average_exec_per_sec:     44621
stat::new_units_added:          723
stat::slowest_unit_time_sec:    0
stat::peak_rss_mb:              425
