Dictionary: 512 entries
INFO: Running with entropic power schedule (0xFF, 100).
INFO: Seed: 1349681995
INFO: Loaded 1 modules   (9266 inline 8-bit counters): 9266 [0xaaaad93c57d0, 0xaaaad93c7c02), 
INFO: Loaded 1 PC tables (9266 PCs): 9266 [0xaaaad93c7c08,0xaaaad93ebf28), 
INFO:       59 files found in /b/runs/libpng__png_image_begin_read_from_memory/corpus
INFO: seed corpus: files: 59 min: 1b max: 4164b total: 55949b rss: 44Mb
#60	INITED cov: 5 ft: 6 corp: 1/1b exec/s: 0 rss: 46Mb
#61	NEW    cov: 5 ft: 7 corp: 2/2b lim: 4 exec/s: 0 rss: 46Mb L: 1/1 MS: 1 ChangeBit-
#1048576	pulse  cov: 5 ft: 7 corp: 2/2b lim: 10436 exec/s: 524288 rss: 129Mb
#2097152	pulse  cov: 5 ft: 7 corp: 2/2b lim: 20884 exec/s: 524288 rss: 210Mb
#4194304	pulse  cov: 5 ft: 7 corp: 2/2b lim: 41785 exec/s: 524288 rss: 374Mb
#8388608	pulse  cov: 5 ft: 7 corp: 2/2b lim: 65536 exec/s: 493447 rss: 606Mb
#16777216	pulse  cov: 5 ft: 7 corp: 2/2b lim: 65536 exec/s: 479349 rss: 609Mb
#29376964	DONE   cov: 5 ft: 7 corp: 2/2b lim: 65536 exec/s: 481589 rss: 610Mb
Done 29376964 runs in 61 second(s)
stat::number_of_executed_units: 29376964
stat::average_exec_per_sec:     481589
stat::new_units_added:          1
stat::slowest_unit_time_sec:    0
stat::peak_rss_mb:              610
