/b/zlib/gzlib.c:242:9: warning: implicit declaration of function 'lseek' is invalid in C99 [-Wimplicit-function-declaration]
        LSEEK(state->fd, 0, SEEK_END);  /* so gzoffset() is correct */
        ^
/b/zlib/gzlib.c:14:17: note: expanded from macro 'LSEEK'
#  define LSEEK lseek
                ^
/b/zlib/gzlib.c:248:24: warning: implicit declaration of function 'lseek' is invalid in C99 [-Wimplicit-function-declaration]
        state->start = LSEEK(state->fd, 0, SEEK_CUR);
                       ^
/b/zlib/gzlib.c:14:17: note: expanded from macro 'LSEEK'
#  define LSEEK lseek
                ^
/b/zlib/gzlib.c:332:9: warning: implicit declaration of function 'lseek' is invalid in C99 [-Wimplicit-function-declaration]
    if (LSEEK(state->fd, state->start, SEEK_SET) == -1)
        ^
/b/zlib/gzlib.c:14:17: note: expanded from macro 'LSEEK'
#  define LSEEK lseek
                ^
/b/zlib/gzlib.c:369:15: warning: implicit declaration of function 'lseek' is invalid in C99 [-Wimplicit-function-declaration]
        ret = LSEEK(state->fd, offset - (z_off64_t)state->x.have, SEEK_CUR);
              ^
/b/zlib/gzlib.c:14:17: note: expanded from macro 'LSEEK'
#  define LSEEK lseek
                ^
/b/zlib/gzlib.c:455:14: warning: implicit declaration of function 'lseek' is invalid in C99 [-Wimplicit-function-declaration]
    offset = LSEEK(state->fd, 0, SEEK_CUR);
             ^
/b/zlib/gzlib.c:14:17: note: expanded from macro 'LSEEK'
#  define LSEEK lseek
                ^
5 warnings generated.
/b/zlib/gzread.c:22:15: warning: implicit declaration of function 'read' is invalid in C99 [-Wimplicit-function-declaration]
        ret = read(state->fd, buf + *have, get);
              ^
/b/zlib/gzread.c:599:11: warning: implicit declaration of function 'close' is invalid in C99 [-Wimplicit-function-declaration]
    ret = close(state->fd);
          ^
2 warnings generated.
/b/zlib/gzwrite.c:78:20: warning: implicit declaration of function 'write' is invalid in C99 [-Wimplicit-function-declaration]
            writ = write(state->fd, strm->next_in, put);
                   ^
/b/zlib/gzwrite.c:108:24: warning: implicit declaration of function 'write' is invalid in C99 [-Wimplicit-function-declaration]
                writ = write(state->fd, state->x.next, put);
                       ^
/b/zlib/gzwrite.c:627:9: warning: implicit declaration of function 'close' is invalid in C99 [-Wimplicit-function-declaration]
    if (close(state->fd) == -1)
        ^
3 warnings generated.
/usr/bin/ld: /tmp/pngrtran-acac95.o: in function `png_do_read_transformations':
/b/libpng/pngrtran.c:4778: undefined reference to `png_riffle_palette_neon'
/usr/bin/ld: /b/libpng/pngrtran.c:4319: undefined reference to `png_do_expand_palette_rgba8_neon'
/usr/bin/ld: /b/libpng/pngrtran.c:4350: undefined reference to `png_do_expand_palette_rgb8_neon'
/usr/bin/ld: /tmp/pngrutil-ec286c.o: in function `png_read_filter_row':
/b/libpng/pngrutil.c:4126: undefined reference to `png_init_filter_functions_neon'
clang: error: linker command failed with exit code 1 (use -v to see invocation)
